Component: ARM Compiler 5.06 update 5 (build 528) Tool: armlink [4d35e2]

==============================================================================

Section Cross References

    startup_stm32f407xx.o(STACK) refers (Special) to heapauxi.o(.text) for __use_two_region_memory
    startup_stm32f407xx.o(HEAP) refers (Special) to heapauxi.o(.text) for __use_two_region_memory
    startup_stm32f407xx.o(RESET) refers (Special) to heapauxi.o(.text) for __use_two_region_memory
    startup_stm32f407xx.o(RESET) refers to startup_stm32f407xx.o(STACK) for __initial_sp
    startup_stm32f407xx.o(RESET) refers to startup_stm32f407xx.o(.text) for Reset_Handler
    startup_stm32f407xx.o(RESET) refers to stm32f4xx_it.o(i.NMI_Handler) for NMI_Handler
    startup_stm32f407xx.o(RESET) refers to stm32f4xx_it.o(i.HardFault_Handler) for HardFault_Handler
    startup_stm32f407xx.o(RESET) refers to stm32f4xx_it.o(i.MemManage_Handler) for MemManage_Handler
    startup_stm32f407xx.o(RESET) refers to stm32f4xx_it.o(i.BusFault_Handler) for BusFault_Handler
    startup_stm32f407xx.o(RESET) refers to stm32f4xx_it.o(i.UsageFault_Handler) for UsageFault_Handler
    startup_stm32f407xx.o(RESET) refers to stm32f4xx_it.o(i.SVC_Handler) for SVC_Handler
    startup_stm32f407xx.o(RESET) refers to stm32f4xx_it.o(i.DebugMon_Handler) for DebugMon_Handler
    startup_stm32f407xx.o(RESET) refers to stm32f4xx_it.o(i.PendSV_Handler) for PendSV_Handler
    startup_stm32f407xx.o(RESET) refers to stm32f4xx_it.o(i.SysTick_Handler) for SysTick_Handler
    startup_stm32f407xx.o(RESET) refers to stm32f4xx_it.o(i.USART1_IRQHandler) for USART1_IRQHandler
    startup_stm32f407xx.o(RESET) refers to stm32f4xx_it.o(i.TIM6_DAC_IRQHandler) for TIM6_DAC_IRQHandler
    startup_stm32f407xx.o(.text) refers (Special) to heapauxi.o(.text) for __use_two_region_memory
    startup_stm32f407xx.o(.text) refers to system_stm32f4xx.o(i.SystemInit) for SystemInit
    startup_stm32f407xx.o(.text) refers to __main.o(!!!main) for __main
    startup_stm32f407xx.o(.text) refers to startup_stm32f407xx.o(HEAP) for Heap_Mem
    startup_stm32f407xx.o(.text) refers to startup_stm32f407xx.o(STACK) for Stack_Mem
    armlib_lock_glue.o(i.__armlib_thread_safety_init) refers to armlib_lock_glue.o(i.stm32_lock_acquire) for stm32_lock_acquire
    armlib_lock_glue.o(i.__armlib_thread_safety_init) refers to armlib_lock_glue.o(i.stm32_lock_release) for stm32_lock_release
    armlib_lock_glue.o(i.__armlib_thread_safety_init) refers to armlib_lock_glue.o(.data) for static_list_lock
    armlib_lock_glue.o(i.__armlib_thread_safety_init) refers to armlib_lock_glue.o(.bss) for static_lock
    armlib_lock_glue.o(i._mutex_acquire) refers to main.o(i.Error_Handler) for Error_Handler
    armlib_lock_glue.o(i._mutex_acquire) refers to armlib_lock_glue.o(i.stm32_lock_acquire) for stm32_lock_acquire
    armlib_lock_glue.o(i._mutex_acquire) refers to armlib_lock_glue.o(i.stm32_lock_release) for stm32_lock_release
    armlib_lock_glue.o(i._mutex_acquire) refers to armlib_lock_glue.o(.data) for static_list_lock
    armlib_lock_glue.o(i._mutex_free) refers to main.o(i.Error_Handler) for Error_Handler
    armlib_lock_glue.o(i._mutex_free) refers to armlib_lock_glue.o(i.stm32_lock_acquire) for stm32_lock_acquire
    armlib_lock_glue.o(i._mutex_free) refers to armlib_lock_glue.o(i.stm32_lock_release) for stm32_lock_release
    armlib_lock_glue.o(i._mutex_free) refers to armlib_lock_glue.o(.data) for static_list_lock
    armlib_lock_glue.o(i._mutex_initialize) refers to armlib_lock_glue.o(i.stm32_lock_acquire) for stm32_lock_acquire
    armlib_lock_glue.o(i._mutex_initialize) refers to main.o(i.Error_Handler) for Error_Handler
    armlib_lock_glue.o(i._mutex_initialize) refers to armlib_lock_glue.o(i.stm32_lock_release) for stm32_lock_release
    armlib_lock_glue.o(i._mutex_initialize) refers to armlib_lock_glue.o(.data) for static_list_lock
    armlib_lock_glue.o(i._mutex_initialize) refers to armlib_lock_glue.o(.bss) for static_lock
    armlib_lock_glue.o(i._mutex_release) refers to main.o(i.Error_Handler) for Error_Handler
    armlib_lock_glue.o(i._mutex_release) refers to armlib_lock_glue.o(i.stm32_lock_acquire) for stm32_lock_acquire
    armlib_lock_glue.o(i._mutex_release) refers to armlib_lock_glue.o(i.stm32_lock_release) for stm32_lock_release
    armlib_lock_glue.o(i._mutex_release) refers to armlib_lock_glue.o(.data) for static_list_lock
    armlib_lock_glue.o(i.stm32_lock_acquire) refers to main.o(i.Error_Handler) for Error_Handler
    armlib_lock_glue.o(i.stm32_lock_release) refers to main.o(i.Error_Handler) for Error_Handler
    armlib_lock_glue.o(.init_array) refers to armlib_lock_glue.o(i.__armlib_thread_safety_init) for __armlib_thread_safety_init
    armlib_lock_glue.o(.init_array) refers to init_aeabi.o(.text) for __cpp_initialize__aeabi_
    user_tim.o(i.HAL_TIM_PeriodElapsedCallback) refers to user_tim.o(.data) for sys_ticking
[...]
    HAL_GPIO_WritePin                        0x08002271   Thumb Code    12  stm32f4xx_hal_gpio.o(i.HAL_GPIO_WritePin)
    HAL_GetTick                              0x0800227d   Thumb Code     6  stm32f4xx_hal.o(i.HAL_GetTick)
    HAL_I2C_Init                             0x08002289   Thumb Code   446  stm32f4xx_hal_i2c.o(i.HAL_I2C_Init)
    HAL_I2C_Mem_Write                        0x08002459   Thumb Code   348  stm32f4xx_hal_i2c.o(i.HAL_I2C_Mem_Write)
    HAL_I2C_MspInit                          0x080025bd   Thumb Code   122  i2c.o(i.HAL_I2C_MspInit)
    HAL_IncTick                              0x08002645   Thumb Code    16  stm32f4xx_hal.o(i.HAL_IncTick)
    HAL_Init                                 0x0800265d   Thumb Code    54  stm32f4xx_hal.o(i.HAL_Init)
    HAL_InitTick                             0x08002699   Thumb Code    64  stm32f4xx_hal.o(i.HAL_InitTick)
    HAL_MspInit                              0x080026e5   Thumb Code    74  stm32f4xx_hal_msp.o(i.HAL_MspInit)
    HAL_NVIC_EnableIRQ                       0x08002735   Thumb Code    40  stm32f4xx_hal_cortex.o(i.HAL_NVIC_EnableIRQ)
    HAL_NVIC_SetPriority                     0x0800275d   Thumb Code   124  stm32f4xx_hal_cortex.o(i.HAL_NVIC_SetPriority)
    HAL_NVIC_SetPriorityGrouping             0x080027d9   Thumb Code    32  stm32f4xx_hal_cortex.o(i.HAL_NVIC_SetPriorityGrouping)
    HAL_RCC_ClockConfig                      0x08002801   Thumb Code   368  stm32f4xx_hal_rcc.o(i.HAL_RCC_ClockConfig)
    HAL_RCC_GetHCLKFreq                      0x08002985   Thumb Code     6  stm32f4xx_hal_rcc.o(i.HAL_RCC_GetHCLKFreq)
    HAL_RCC_GetPCLK1Freq                     0x08002991   Thumb Code    22  stm32f4xx_hal_rcc.o(i.HAL_RCC_GetPCLK1Freq)
    HAL_RCC_GetPCLK2Freq                     0x080029b1   Thumb Code    22  stm32f4xx_hal_rcc.o(i.HAL_RCC_GetPCLK2Freq)
    HAL_RCC_GetSysClockFreq                  0x080029d1   Thumb Code   162  stm32f4xx_hal_rcc.o(i.HAL_RCC_GetSysClockFreq)
    HAL_RCC_OscConfig                        0x08002a81   Thumb Code  1172  stm32f4xx_hal_rcc.o(i.HAL_RCC_OscConfig)
    HAL_SYSTICK_Config                       0x08002f1d   Thumb Code    52  stm32f4xx_hal_cortex.o(i.HAL_SYSTICK_Config)
    HAL_TIMEx_BreakCallback                  0x08002f51   Thumb Code     2  stm32f4xx_hal_tim_ex.o(i.HAL_TIMEx_BreakCallback)
    HAL_TIMEx_CommutCallback                 0x08002f53   Thumb Code     2  stm32f4xx_hal_tim_ex.o(i.HAL_TIMEx_CommutCallback)
    HAL_TIMEx_MasterConfigSynchronization    0x08002f55   Thumb Code   150  stm32f4xx_hal_tim_ex.o(i.HAL_TIMEx_MasterConfigSynchronization)
    HAL_TIM_Base_Init                        0x08003009   Thumb Code   102  stm32f4xx_hal_tim.o(i.HAL_TIM_Base_Init)
    HAL_TIM_Base_MspInit                     0x08003071   Thumb Code    62  tim.o(i.HAL_TIM_Base_MspInit)
    HAL_TIM_Base_Start_IT                    0x080030b9   Thumb Code   138  stm32f4xx_hal_tim.o(i.HAL_TIM_Base_Start_IT)
    HAL_TIM_IC_CaptureCallback               0x08003161   Thumb Code     2  stm32f4xx_hal_tim.o(i.HAL_TIM_IC_CaptureCallback)
    HAL_TIM_IRQHandler                       0x08003163   Thumb Code   364  stm32f4xx_hal_tim.o(i.HAL_TIM_IRQHandler)
    HAL_TIM_OC_DelayElapsedCallback          0x080032cf   Thumb Code     2  stm32f4xx_hal_tim.o(i.HAL_TIM_OC_DelayElapsedCallback)
    HAL_TIM_PWM_PulseFinishedCallback        0x080032d1   Thumb Code     2  stm32f4xx_hal_tim.o(i.HAL_TIM_PWM_PulseFinishedCallback)
    HAL_TIM_PeriodElapsedCallback            0x080032d5   Thumb Code    30  user_tim.o(i.HAL_TIM_PeriodElapsedCallback)
    HAL_TIM_TriggerCallback                  0x080032fd   Thumb Code     2  stm32f4xx_hal_tim.o(i.HAL_TIM_TriggerCallback)
    HAL_UARTEx_RxEventCallback               0x080032ff   Thumb Code     2  stm32f4xx_hal_uart.o(i.HAL_UARTEx_RxEventCallback)
    HAL_UART_ErrorCallback                   0x08003301   Thumb Code     2  stm32f4xx_hal_uart.o(i.HAL_UART_ErrorCallback)
    HAL_UART_IRQHandler                      0x08003305   Thumb Code   740  stm32f4xx_hal_uart.o(i.HAL_UART_IRQHandler)
    HAL_UART_Init                            0x080035ed   Thumb Code   118  stm32f4xx_hal_uart.o(i.HAL_UART_Init)
    HAL_UART_MspInit                         0x08003665   Thumb Code   140  usart.o(i.HAL_UART_MspInit)
    HAL_UART_Receive_IT                      0x080036fd   Thumb Code    44  stm32f4xx_hal_uart.o(i.HAL_UART_Receive_IT)
    HAL_UART_RxCpltCallback                  0x08003729   Thumb Code     2  stm32f4xx_hal_uart.o(i.HAL_UART_RxCpltCallback)
    HAL_UART_Transmit                        0x0800372b   Thumb Code   190  stm32f4xx_hal_uart.o(i.HAL_UART_Transmit)
    HAL_UART_TxCpltCallback                  0x080037e9   Thumb Code     2  stm32f4xx_hal_uart.o(i.HAL_UART_TxCpltCallback)
    HardFault_Handler                        0x080037eb   Thumb Code     4  stm32f4xx_it.o(i.HardFault_Handler)
    MX_GPIO_Init                             0x08003b91   Thumb Code   192  gpio.o(i.MX_GPIO_Init)
    MX_I2C1_Init                             0x08003c5d   Thumb Code    52  i2c.o(i.MX_I2C1_Init)
    MX_TIM6_Init                             0x08003c9d   Thumb Code    66  tim.o(i.MX_TIM6_Init)
    MX_USART1_UART_Init                      0x08003ce9   Thumb Code    46  usart.o(i.MX_USART1_UART_Init)
    MemManage_Handler                        0x08003d21   Thumb Code     4  stm32f4xx_it.o(i.MemManage_Handler)
    NMI_Handler                              0x08003d25   Thumb Code     4  stm32f4xx_it.o(i.NMI_Handler)
    OLED_Clear                               0x08003d29   Thumb Code    36  oled.o(i.OLED_Clear)
    OLED_ClearArea                           0x08003d51   Thumb Code   140  oled.o(i.OLED_ClearArea)
    OLED_Init                                0x08003de1   Thumb Code   158  oled.o(i.OLED_Init)
    OLED_SetCursor                           0x08003e7f   Thumb Code    34  oled.o(i.OLED_SetCursor)
    OLED_ShowChar                            0x08003ea1   Thumb Code    74  oled.o(i.OLED_ShowChar)
    OLED_ShowImage                           0x08003ef5   Thumb Code   248  oled.o(i.OLED_ShowImage)
    OLED_ShowString                          0x08003ff1   Thumb Code   262  oled.o(i.OLED_ShowString)
    OLED_Update                              0x08004101   Thumb Code    36  oled.o(i.OLED_Update)
    OLED_WriteCommand                        0x08004129   Thumb Code    32  oled.o(i.OLED_WriteCommand)
    OLED_WriteData                           0x0800414d   Thumb Code    28  oled.o(i.OLED_WriteData)
    PendSV_Handler                           0x0800416d   Thumb Code     2  stm32f4xx_it.o(i.PendSV_Handler)
    SVC_Handler                              0x0800416f   Thumb Code     2  stm32f4xx_it.o(i.SVC_Handler)
    SysTick_Handler                          0x08004171   Thumb Code     8  stm32f4xx_it.o(i.SysTick_Handler)
    SystemClock_Config                       0x08004179   Thumb Code   172  main.o(i.SystemClock_Config)
    SystemInit                               0x0800422d   Thumb Code    14  system_stm32f4xx.o(i.SystemInit)
    TIM6_DAC_IRQHandler                      0x08004241   Thumb Code    10  stm32f4xx_it.o(i.TIM6_DAC_IRQHandler)
    TIM_Base_SetConfig                       0x08004251   Thumb Code   186  stm32f4xx_hal_tim.o(i.TIM_Base_SetConfig)
    UART_Start_Receive_IT                    0x08004701   Thumb Code    64  stm32f4xx_hal_uart.o(i.UART_Start_Receive_IT)
    USART1_IRQHandler                        0x0800482d   Thumb Code    14  stm32f4xx_it.o(i.USART1_IRQHandler)
    UsageFault_Handler                       0x08004841   Thumb Code     4  stm32f4xx_it.o(i.UsageFault_Handler)
    __ARM_fpclassify                         0x08004845   Thumb Code    48  fpclassify.o(i.__ARM_fpclassify)
    __armlib_thread_safety_init              0x080048ad   Thumb Code    36  armlib_lock_glue.o(i.__armlib_thread_safety_init)
    _is_digit                                0x080048d9   Thumb Code    14  __printf_wp.o(i._is_digit)
    _mutex_acquire                           0x080048e9   Thumb Code    58  armlib_lock_glue.o(i._mutex_acquire)
    _mutex_free                              0x08004929   Thumb Code    56  armlib_lock_glue.o(i._mutex_free)
    _mutex_initialize                        0x08004965   Thumb Code    96  armlib_lock_glue.o(i._mutex_initialize)
    _mutex_release                           0x080049cd   Thumb Code    58  armlib_lock_glue.o(i._mutex_release)
    agencyshell_motor_pid_set_argument       0x08004a3d   Thumb Code    38  shell_cmd_export.o(i.agencyshell_motor_pid_set_argument)
    agencyshell_sovor_pid_set_argument       0x08004a63   Thumb Code    38  shell_cmd_export.o(i.agencyshell_sovor_pid_set_argument)
    btn_scan_tim_start                       0x080052e9   Thumb Code    22  multitimer_callback.o(i.btn_scan_tim_start)
    ccm_pool_init                            0x08005309   Thumb Code    18  tlsf_porting.o(i.ccm_pool_init)
    debug_printf                             0x0800535d   Thumb Code    52  user_usart.o(i.debug_printf)
    debug_que_read                           0x080053a7   Thumb Code    54  letter_shell_porting.o(i.debug_que_read)
    debug_que_send                           0x080053dd   Thumb Code    56  letter_shell_porting.o(i.debug_que_send)
    debug_shell_init                         0x08005415   Thumb Code    28  letter_shell_porting.o(i.debug_shell_init)
    debug_usart_rec_start                    0x08005441   Thumb Code    14  user_usart.o(i.debug_usart_rec_start)
    flex_button_register                     0x080056dd   Thumb Code   118  flexible_button.o(i.flex_button_register)
    flex_button_scan                         0x08005761   Thumb Code    12  flexible_button.o(i.flex_button_scan)
    get_sys_time_base                        0x08005839   Thumb Code     8  user_tim.o(i.get_sys_time_base)
    led_flicker_tim_start                    0x08005a21   Thumb Code    24  multitimer_callback.o(i.led_flicker_tim_start)
    letter_shell_tim_start                   0x08005a51   Thumb Code    22  multitimer_callback.o(i.letter_shell_tim_start)
    lw_queue_create                          0x08005a71   Thumb Code    54  lw_queue.o(i.lw_queue_create)
    lw_queue_read                            0x08005aa7   Thumb Code    60  lw_queue.o(i.lw_queue_read)
    lw_queue_write                           0x08005ae3   Thumb Code    52  lw_queue.o(i.lw_queue_write)
    lwq_free                                 0x08005b19   Thumb Code    16  lw_queue_porting.o(i.lwq_free)
    lwq_malloc                               0x08005b2d   Thumb Code    16  lw_queue_porting.o(i.lwq_malloc)
    main                                     0x08005b41   Thumb Code   138  main.o(i.main)
    menu_dispatch                            0x08005c53   Thumb Code   688  fsm_menu.o(i.menu_dispatch)
    menu_init                                0x08005f05   Thumb Code    24  fsm_menu.o(i.menu_init)
    motor_pid_init                           0x08005f21   Thumb Code    84  gear_motor.o(i.motor_pid_init)
    multiTimerInstall                        0x08005f99   Thumb Code    18  multitimer.o(i.multiTimerInstall)
    multiTimerStart                          0x08005fb1   Thumb Code   100  multitimer.o(i.multiTimerStart)
    multiTimerYield                          0x0800601d   Thumb Code    92  multitimer.o(i.multiTimerYield)
    oled_update_tim_start                    0x08006099   Thumb Code    22  multitimer_callback.o(i.oled_update_tim_start)
    pid_init                                 0x08006315   Thumb Code    60  lw_pid.o(i.pid_init)
    pid_intergral_limit_enable               0x0800635d   Thumb Code     8  lw_pid.o(i.pid_intergral_limit_enable)
    pid_output_limit_enable                  0x08006365   Thumb Code     8  lw_pid.o(i.pid_output_limit_enable)
    pid_set_argument                         0x0800636d   Thumb Code    14  lw_pid.o(i.pid_set_argument)
    pid_set_intergral_limit                  0x0800637b   Thumb Code    10  lw_pid.o(i.pid_set_intergral_limit)
    pid_set_mode_fullscale                   0x08006385   Thumb Code     8  lw_pid.o(i.pid_set_mode_fullscale)
    pid_set_mode_increment                   0x0800638d   Thumb Code     8  lw_pid.o(i.pid_set_mode_increment)
    pid_set_output_limit                     0x08006395   Thumb Code    10  lw_pid.o(i.pid_set_output_limit)
    pid_set_target                           0x0800639f   Thumb Code     6  lw_pid.o(i.pid_set_target)
    shellBackspace                           0x080065d5   Thumb Code    14  shell.o(i.shellBackspace)
    shellCheckPermission                     0x08006629   Thumb Code    54  shell.o(i.shellCheckPermission)
    shellClear                               0x08006661   Thumb Code    22  shell.o(i.shellClear)
    shellClearCommandLine                    0x0800667d   Thumb Code    40  shell.o(i.shellClearCommandLine)
    shellCmds                                0x080066a5   Thumb Code    18  shell.o(i.shellCmds)
    shellDelete                              0x080066b7   Thumb Code    16  shell.o(i.shellDelete)
    shellDeleteByte                          0x080066c7   Thumb Code   218  shell.o(i.shellDeleteByte)
    shellDeleteCommandLine                   0x080067a1   Thumb Code    28  shell.o(i.shellDeleteCommandLine)
    shellDown                                0x080067c1   Thumb Code    16  shell.o(i.shellDown)
    shellEnter                               0x080067d1   Thumb Code    20  shell.o(i.shellEnter)
    shellExec                                0x080067e5   Thumb Code   108  shell.o(i.shellExec)
    shellExtParsePara                        0x080069e5   Thumb Code    86  shell_ext.o(i.shellExtParsePara)
    shellExtRun                              0x08006aa9   Thumb Code   202  shell_ext.o(i.shellExtRun)
    shellGetCurrent                          0x08006c29   Thumb Code    48  shell.o(i.shellGetCurrent)
    shellGetVarValue                         0x08006c5d   Thumb Code    84  shell.o(i.shellGetVarValue)
    shellHandler                             0x08006cb1   Thumb Code   238  shell.o(i.shellHandler)
    shellHelp                                0x08006da9   Thumb Code    44  shell.o(i.shellHelp)
    shellInit                                0x08006f11   Thumb Code   142  shell.o(i.shellInit)
    shellInsertByte                          0x08006fb1   Thumb Code   212  shell.o(i.shellInsertByte)
    shellKeys                                0x08007089   Thumb Code    18  shell.o(i.shellKeys)
    shellLeft                                0x0800709b   Thumb Code    26  shell.o(i.shellLeft)
    shellListAll                             0x080070b5   Thumb Code    12  shell.o(i.shellListAll)
    shellListCommand                         0x080070c1   Thumb Code    70  shell.o(i.shellListCommand)
    shellListItem                            0x0800710d   Thumb Code   238  shell.o(i.shellListItem)
    shellListKey                             0x08007209   Thumb Code    84  shell.o(i.shellListKey)
    shellListUser                            0x08007261   Thumb Code    84  shell.o(i.shellListUser)
    shellListVar                             0x080072b9   Thumb Code    84  shell.o(i.shellListVar)
    shellNormalInput                         0x08007311   Thumb Code    28  shell.o(i.shellNormalInput)
    shellRight                               0x08007423   Thumb Code    30  shell.o(i.shellRight)
    shellRunCommand                          0x08007441   Thumb Code   174  shell.o(i.shellRunCommand)
    shellSeekCommand                         0x080074ef   Thumb Code   122  shell.o(i.shellSeekCommand)
    shellSetVar                              0x080075c5   Thumb Code   106  shell.o(i.shellSetVar)
    shellSetVarValue                         0x08007635   Thumb Code   140  shell.o(i.shellSetVarValue)
    shellTab                                 0x080077c9   Thumb Code   342  shell.o(i.shellTab)
    shellToDec                               0x08007929   Thumb Code    86  shell.o(i.shellToDec)
    shellToHex                               0x0800797f   Thumb Code    56  shell.o(i.shellToHex)
    shellUp                                  0x080079b7   Thumb Code    14  shell.o(i.shellUp)
    shellUsers                               0x080079c5   Thumb Code    18  shell.o(i.shellUsers)
    shellVars                                0x080079d7   Thumb Code    18  shell.o(i.shellVars)
    shellWriteString                         0x08007bd1   Thumb Code    48  shell.o(i.shellWriteString)
    shell_motor_pid_set_argument             0x08007c01   Thumb Code    42  gear_motor.o(i.shell_motor_pid_set_argument)
    shell_motor_pid_show_argument            0x08007c31   Thumb Code    94  gear_motor.o(i.shell_motor_pid_show_argument)
    shell_sovor_pid_set_argument             0x08007cb9   Thumb Code    42  gear_motor.o(i.shell_sovor_pid_set_argument)
    shell_sovor_pid_show_argument            0x08007ce9   Thumb Code    94  gear_motor.o(i.shell_sovor_pid_show_argument)
    shell_task_handler                       0x08007d71   Thumb Code    22  letter_shell_porting.o(i.shell_task_handler)
    sovor_pid_init                           0x08007d91   Thumb Code    64  gear_motor.o(i.sovor_pid_init)
    tlsf_add_pool                            0x08007e61   Thumb Code   134  tlsf.o(i.tlsf_add_pool)
    tlsf_create                              0x08007ee7   Thumb Code    32  tlsf.o(i.tlsf_create)
    tlsf_create_with_pool                    0x08007f07   Thumb Code    46  tlsf.o(i.tlsf_create_with_pool)
    tlsf_free                                0x08007f61   Thumb Code    86  tlsf.o(i.tlsf_free)
    tlsf_malloc                              0x0800800d   Thumb Code    44  tlsf.o(i.tlsf_malloc)
    tlsf_pool_overhead                       0x08008039   Thumb Code     4  tlsf.o(i.tlsf_pool_overhead)
    tlsf_size                                0x0800803d   Thumb Code     6  tlsf.o(i.tlsf_size)
    user_btn_callback                        0x08008045   Thumb Code   372  flexbutton_callback.o(i.user_btn_callback)
    user_button_init                         0x080083d9   Thumb Code   136  flexbutton_porting.o(i.user_button_init)
    user_led_toggle                          0x0800846d   Thumb Code    12  user_led.o(i.user_led_toggle)
    _get_lc_numeric                          0x0800847d   Thumb Code    44  lc_numeric_c.o(locale$$code)
    _get_lc_ctype                            0x080084a9   Thumb Code    44  lc_ctype_c.o(locale$$code)
    __fpl_dretinf                            0x080084d5   Thumb Code    12  dretinf.o(x$fpl$dretinf)
    __aeabi_f2d                              0x080084e1   Thumb Code     0  f2d.o(x$fpl$f2d)
    _f2d                                     0x080084e1   Thumb Code    86  f2d.o(x$fpl$f2d)
    __fpl_fnaninf                            0x08008537   Thumb Code   140  fnaninf.o(x$fpl$fnaninf)
    _fp_init                                 0x080085c3   Thumb Code    10  fpinit.o(x$fpl$fpinit)
    __fplib_config_fpu_vfp                   0x080085cb   Thumb Code     0  fpinit.o(x$fpl$fpinit)
    __fplib_config_pureend_doubles           0x080085cb   Thumb Code     0  fpinit.o(x$fpl$fpinit)
    _printf_fp_dec                           0x080085cd   Thumb Code     4  printf1.o(x$fpl$printf1)
    _printf_fp_hex                           0x080085d1   Thumb Code     4  printf2.o(x$fpl$printf2)
    AHBPrescTable                            0x080085d4   Data          16  system_stm32f4xx.o(.constdata)
    __I$use$fp                               0x080085d4   Number         0  usenofp.o(x$fpl$usenofp)
    APBPrescTable                            0x080085e4   Data           8  system_stm32f4xx.o(.constdata)
    OLED_F8x16                               0x080085ec   Data        1520  oled_data.o(.constdata)
    OLED_F6x8                                0x08008bdc   Data         570  oled_data.o(.constdata)
    OLED_CF16x16                             0x08008e16   Data         245  oled_data.o(.constdata)
    Diode                                    0x08008f0b   Data          32  oled_data.o(.constdata)
    shellCmdDefaultUser                      0x08008f2b   Data           7  shell.o(.constdata)
    shellPasswordDefaultUser                 0x08008f32   Data           1  shell.o(.constdata)
    shellDesDefaultUser                      0x08008f33   Data          13  shell.o(.constdata)
    shellCmdsetVar                           0x08008f40   Data           7  shell.o(.constdata)
    shellDescsetVar                          0x08008f47   Data           8  shell.o(.constdata)
    shellDesc0x1B5B4100                      0x08008f4f   Data           3  shell.o(.constdata)
    shellDesc0x1B5B4200                      0x08008f52   Data           5  shell.o(.constdata)
    shellDesc0x1B5B4300                      0x08008f57   Data           6  shell.o(.constdata)
    shellDesc0x1B5B4400                      0x08008f5d   Data           5  shell.o(.constdata)
    shellDesc0x09000000                      0x08008f62   Data           4  shell.o(.constdata)
    shellDesc0x08000000                      0x08008f66   Data          10  shell.o(.constdata)
    shellDesc0x7F000000                      0x08008f70   Data          10  shell.o(.constdata)
    shellDesc0x1B5B337E                      0x08008f7a   Data           7  shell.o(.constdata)
    shellDesc0x0A000000                      0x08008f81   Data           6  shell.o(.constdata)
    shellDesc0x0D000000                      0x08008f87   Data           6  shell.o(.constdata)
    shellCmdhelp                             0x08008f8d   Data           5  shell.o(.constdata)
    shellDeschelp                            0x08008f92   Data          30  shell.o(.constdata)
    shellCmdusers                            0x08008fb0   Data           6  shell.o(.constdata)
    shellDescusers                           0x08008fb6   Data          14  shell.o(.constdata)
    shellCmdcmds                             0x08008fc4   Data           5  shell.o(.constdata)
    shellDesccmds                            0x08008fc9   Data          13  shell.o(.constdata)
    shellCmdvars                             0x08008fd6   Data           5  shell.o(.constdata)
    shellDescvars                            0x08008fdb   Data          13  shell.o(.constdata)
    shellCmdkeys                             0x08008fe8   Data           5  shell.o(.constdata)
    shellDesckeys                            0x08008fed   Data          13  shell.o(.constdata)
    shellCmdclear                            0x08008ffa   Data           6  shell.o(.constdata)
    shellDescclear                           0x08009000   Data          14  shell.o(.constdata)
    shellCmdoled_show                        0x0800900e   Data          10  shell_cmd_export.o(.constdata)
    shellDescoled_show                       0x08009018   Data          22  shell_cmd_export.o(.constdata)
    shellCmdsovor_pid_show_argu              0x0800902e   Data          20  shell_cmd_export.o(.constdata)
    shellDescsovor_pid_show_argu             0x08009042   Data          38  shell_cmd_export.o(.constdata)
    shellCmdmotor_pid_show_argu              0x08009068   Data          20  shell_cmd_export.o(.constdata)
    shellDescmotor_pid_show_argu             0x0800907c   Data          38  shell_cmd_export.o(.constdata)
    shellCmdsovor_pid_set_argu               0x080090a2   Data          19  shell_cmd_export.o(.constdata)
    shellDescsovor_pid_set_argu              0x080090b5   Data          37  shell_cmd_export.o(.constdata)
    shellCmdmotor_pid_set_argu               0x080090da   Data          19  shell_cmd_export.o(.constdata)
    shellDescmotor_pid_set_argu              0x080090ed   Data          37  shell_cmd_export.o(.constdata)
    Region$$Table$$Base                      0x08009624   Number         0  anon$$obj.o(Region$$Table)
    Region$$Table$$Limit                     0x08009644   Number         0  anon$$obj.o(Region$$Table)
    __ctype                                  0x0800966d   Data           0  lc_ctype_c.o(locale$$data)
    shellCommand$$Base                       0x08009770   Number         0  shell.o(shellCommand)
    shellUserDefault                         0x08009770   Data          16  shell.o(shellCommand)
    shellCommandsetVar                       0x08009780   Data          16  shell.o(shellCommand)
    shellKey0x1B5B4100                       0x08009790   Data          16  shell.o(shellCommand)
    shellKey0x1B5B4200                       0x080097a0   Data          16  shell.o(shellCommand)
    shellKey0x1B5B4300                       0x080097b0   Data          16  shell.o(shellCommand)
    shellKey0x1B5B4400                       0x080097c0   Data          16  shell.o(shellCommand)
    shellKey0x09000000                       0x080097d0   Data          16  shell.o(shellCommand)
    shellKey0x08000000                       0x080097e0   Data          16  shell.o(shellCommand)
    shellKey0x7F000000                       0x080097f0   Data          16  shell.o(shellCommand)
    shellKey0x1B5B337E                       0x08009800   Data          16  shell.o(shellCommand)
    shellKey0x0A000000                       0x08009810   Data          16  shell.o(shellCommand)
    shellKey0x0D000000                       0x08009820   Data          16  shell.o(shellCommand)
    shellCommandhelp                         0x08009830   Data          16  shell.o(shellCommand)
    shellCommandusers                        0x08009840   Data          16  shell.o(shellCommand)
    shellCommandcmds                         0x08009850   Data          16  shell.o(shellCommand)
    shellCommandvars                         0x08009860   Data          16  shell.o(shellCommand)
    shellCommandkeys                         0x08009870   Data          16  shell.o(shellCommand)
    shellCommandclear                        0x08009880   Data          16  shell.o(shellCommand)
    shellCommandoled_show                    0x08009890   Data          16  shell_cmd_export.o(shellCommand)
    shellCommandsovor_pid_show_argu          0x080098a0   Data          16  shell_cmd_export.o(shellCommand)
    shellCommandmotor_pid_show_argu          0x080098b0   Data          16  shell_cmd_export.o(shellCommand)
    shellCommandsovor_pid_set_argu           0x080098c0   Data          16  shell_cmd_export.o(shellCommand)
    shellCommandmotor_pid_set_argu           0x080098d0   Data          16  shell_cmd_export.o(shellCommand)
    SHT$$INIT_ARRAY$$Base                    0x080098e0   Number         0  armlib_lock_glue.o(.init_array)
    shellCommand$$Limit                      0x080098e0   Number         0  shell_cmd_export.o(shellCommand)
    SHT$$INIT_ARRAY$$Limit                   0x080098e4   Number         0  init_aeabi.o(.init_array)
    OLED_DisplayBuf                          0x10007800   Data        1024  oled.o(.ARM.__AT_0x10007800)
    menu_fsm_msg                             0x20000018   Data           4  main.o(.data)
    que_menu_msg                             0x2000001c   Data           4  fsm_menu.o(.data)
    menu_fsm                                 0x20000020   Data           1  fsm_menu.o(.data)
    uwTick                                   0x20000024   Data           4  stm32f4xx_hal.o(.data)
    uwTickPrio                               0x20000028   Data           4  stm32f4xx_hal.o(.data)
    uwTickFreq                               0x2000002c   Data           1  stm32f4xx_hal.o(.data)
    SystemCoreClock                          0x20000030   Data           4  system_stm32f4xx.o(.data)
    g_logic_level                            0x20000038   Data           4  flexible_button.o(.data)
    g_btn_status_reg                         0x2000003c   Data           4  flexible_button.o(.data)
    ccm_pool_manager                         0x200000a0   Data           4  tlsf_porting.o(.data)
    hi2c1                                    0x200000bc   Data          84  i2c.o(.bss)
    htim6                                    0x20000110   Data          72  tim.o(.bss)
    huart1                                   0x20000158   Data          72  usart.o(.bss)
    motor_pid                                0x200001a0   Data          56  gear_motor.o(.bss)
    sovor_pid                                0x200001d8   Data          56  gear_motor.o(.bss)
    user_button                              0x20000210   Data         112  flexbutton_porting.o(.bss)
    debug_data_queue                         0x20000300   Data         140  letter_shell_porting.o(.bss)
    __libspace_start                         0x200004f8   Data          96  libspace.o(.bss)
    __temporary_stack_top$libspace           0x20000558   Data           0  libspace.o(.bss)



==============================================================================

Memory Map of the image

  Image Entry point : 0x08000189

  Load Region LR_IROM1 (Base: 0x08000000, Size: 0x00009988, Max: 0x00100000, ABSOLUTE)

    Execution Region ER_IROM1 (Exec base: 0x08000000, Load base: 0x08000000, Size: 0x000098e4, Max: 0x00100000, ABSOLUTE)

    Exec Addr    Load Addr    Size         Type   Attr      Idx    E Section Name        Object

    0x08000000   0x08000000   0x00000188   Data   RO            3    RESET               startup_stm32f407xx.o
    0x08000188   0x08000188   0x00000008   Code   RO         5370  * !!!main             c_w.l(__main.o)
    0x08000190   0x08000190   0x00000034   Code   RO         5825    !!!scatter          c_w.l(__scatter.o)
    0x080001c4   0x080001c4   0x0000001a   Code   RO         5827    !!handler_copy      c_w.l(__scatter_copy.o)
    0x080001de   0x080001de   0x00000002   PAD
    0x080001e0   0x080001e0   0x0000001c   Code   RO         5829    !!handler_zi        c_w.l(__scatter_zi.o)
    0x080001fc   0x080001fc   0x00000000   Code   RO         5520    .ARM.Collect$$_printf_percent$$00000000  c_w.l(_printf_percent.o)
    0x080001fc   0x080001fc   0x00000006   Code   RO         5509    .ARM.Collect$$_printf_percent$$00000001  c_w.l(_printf_n.o)
    0x08000202   0x08000202   0x00000006   Code   RO         5511    .ARM.Collect$$_printf_percent$$00000002  c_w.l(_printf_p.o)
    0x08000208   0x08000208   0x00000006   Code   RO         5516    .ARM.Collect$$_printf_percent$$00000003  c_w.l(_printf_f.o)
    0x0800020e   0x0800020e   0x00000006   Code   RO         5517    .ARM.Collect$$_printf_percent$$00000004  c_w.l(_printf_e.o)
    0x08000214   0x08000214   0x00000006   Code   RO         5518    .ARM.Collect$$_printf_percent$$00000005  c_w.l(_printf_g.o)
    0x0800021a   0x0800021a   0x00000006   Code   RO         5519    .ARM.Collect$$_printf_percent$$00000006  c_w.l(_printf_a.o)
    0x08000220   0x08000220   0x0000000a   Code   RO         5524    .ARM.Collect$$_printf_percent$$00000007  c_w.l(_printf_ll.o)
    0x0800022a   0x0800022a   0x00000006   Code   RO         5513    .ARM.Collect$$_printf_percent$$00000008  c_w.l(_printf_i.o)
    0x08000230   0x08000230   0x00000006   Code   RO         5514    .ARM.Collect$$_printf_percent$$00000009  c_w.l(_printf_d.o)
    0x08000236   0x08000236   0x00000006   Code   RO         5515    .ARM.Collect$$_printf_percent$$0000000A  c_w.l(_printf_u.o)
    0x0800023c   0x0800023c   0x00000006   Code   RO         5512    .ARM.Collect$$_printf_percent$$0000000B  c_w.l(_printf_o.o)
    0x08000242   0x08000242   0x00000006   Code   RO         5510    .ARM.Collect$$_printf_percent$$0000000C  c_w.l(_printf_x.o)
    0x08000248   0x08000248   0x00000006   Code   RO         5521    .ARM.Collect$$_printf_percent$$0000000D  c_w.l(_printf_lli.o)
    0x0800024e   0x0800024e   0x00000006   Code   RO         5522    .ARM.Collect$$_printf_percent$$0000000E  c_w.l(_printf_lld.o)
    0x08000254   0x08000254   0x00000006   Code   RO         5523    .ARM.Collect$$_printf_percent$$0000000F  c_w.l(_printf_llu.o)
    0x0800025a   0x0800025a   0x00000006   Code   RO         5528    .ARM.Collect$$_printf_percent$$00000010  c_w.l(_printf_llo.o)
    0x08000260   0x08000260   0x00000006   Code   RO         5529    .ARM.Collect$$_printf_percent$$00000011  c_w.l(_printf_llx.o)
    0x08000266   0x08000266   0x0000000a   Code   RO         5525    .ARM.Collect$$_printf_percent$$00000012  c_w.l(_printf_l.o)
    0x08000270   0x08000270   0x00000006   Code   RO         5507    .ARM.Collect$$_printf_percent$$00000013  c_w.l(_printf_c.o)
    0x08000276   0x08000276   0x00000006   Code   RO         5508    .ARM.Collect$$_printf_percent$$00000014  c_w.l(_printf_s.o)
    0x0800027c   0x0800027c   0x00000006   Code   RO         5526    .ARM.Collect$$_printf_percent$$00000015  c_w.l(_printf_lc.o)
    0x08000282   0x08000282   0x00000006   Code   RO         5527    .ARM.Collect$$_printf_percent$$00000016  c_w.l(_printf_ls.o)
    0x08000288   0x08000288   0x00000004   Code   RO         5678    .ARM.Collect$$_printf_percent$$00000017  c_w.l(_printf_percent_end.o)
    0x0800028c   0x0800028c   0x00000002   Code   RO         5759    .ARM.Collect$$libinit$$00000000  c_w.l(libinit.o)
    0x0800028e   0x0800028e   0x00000004   Code   RO         5536    .ARM.Collect$$libinit$$00000001  c_w.l(libinit2.o)
    0x08000292   0x08000292   0x00000000   Code   RO         5539    .ARM.Collect$$libinit$$00000004  c_w.l(libinit2.o)
    0x08000292   0x08000292   0x00000000   Code   RO         5542    .ARM.Collect$$libinit$$0000000A  c_w.l(libinit2.o)
    0x08000292   0x08000292   0x00000000   Code   RO         5544    .ARM.Collect$$libinit$$0000000C  c_w.l(libinit2.o)
    0x08000292   0x08000292   0x00000000   Code   RO         5546    .ARM.Collect$$libinit$$0000000E  c_w.l(libinit2.o)
    0x08000292   0x08000292   0x00000006   Code   RO         5547    .ARM.Collect$$libinit$$0000000F  c_w.l(libinit2.o)
    0x08000298   0x08000298   0x00000000   Code   RO         5549    .ARM.Collect$$libinit$$00000011  c_w.l(libinit2.o)
    0x08000298   0x08000298   0x0000000c   Code   RO         5550    .ARM.Collect$$libinit$$00000012  c_w.l(libinit2.o)
    0x080002a4   0x080002a4   0x00000000   Code   RO         5551    .ARM.Collect$$libinit$$00000013  c_w.l(libinit2.o)
    0x080002a4   0x080002a4   0x00000000   Code   RO         5553    .ARM.Collect$$libinit$$00000015  c_w.l(libinit2.o)
    0x080002a4   0x080002a4   0x0000000a   Code   RO         5554    .ARM.Collect$$libinit$$00000016  c_w.l(libinit2.o)
    0x080002ae   0x080002ae   0x00000000   Code   RO         5555    .ARM.Collect$$libinit$$00000017  c_w.l(libinit2.o)
    0x080002ae   0x080002ae   0x00000000   Code   RO         5557    .ARM.Collect$$libinit$$00000019  c_w.l(libinit2.o)
    0x080002ae   0x080002ae   0x00000000   Code   RO         5559    .ARM.Collect$$libinit$$0000001B  c_w.l(libinit2.o)
    0x080002ae   0x080002ae   0x00000000   Code   RO         5561    .ARM.Collect$$libinit$$0000001D  c_w.l(libinit2.o)
    0x080002ae   0x080002ae   0x00000000   Code   RO         5563    .ARM.Collect$$libinit$$0000001F  c_w.l(libinit2.o)
    0x080002ae   0x080002ae   0x00000000   Code   RO         5565    .ARM.Collect$$libinit$$00000021  c_w.l(libinit2.o)
    0x080002ae   0x080002ae   0x00000000   Code   RO         5567    .ARM.Collect$$libinit$$00000023  c_w.l(libinit2.o)
    0x080002ae   0x080002ae   0x00000000   Code   RO         5569    .ARM.Collect$$libinit$$00000025  c_w.l(libinit2.o)
    0x080002ae   0x080002ae   0x00000000   Code   RO         5573    .ARM.Collect$$libinit$$0000002C  c_w.l(libinit2.o)
    0x080002ae   0x080002ae   0x00000000   Code   RO         5575    .ARM.Collect$$libinit$$0000002E  c_w.l(libinit2.o)
    0x080002ae   0x080002ae   0x00000000   Code   RO         5577    .ARM.Collect$$libinit$$00000030  c_w.l(libinit2.o)
    0x080002ae   0x080002ae   0x00000004   Code   RO         5578    .ARM.Collect$$libinit$$00000031  c_w.l(libinit2.o)
    0x080002b2   0x080002b2   0x00000000   Code   RO         5579    .ARM.Collect$$libinit$$00000032  c_w.l(libinit2.o)
    0x080002b2   0x080002b2   0x00000002   Code   RO         5580    .ARM.Collect$$libinit$$00000033  c_w.l(libinit2.o)
    0x080002b4   0x080002b4   0x00000002   Code   RO         5806    .ARM.Collect$$libshutdown$$00000000  c_w.l(libshutdown.o)
    0x080002b6   0x080002b6   0x00000000   Code   RO         5808    .ARM.Collect$$libshutdown$$00000002  c_w.l(libshutdown2.o)
    0x080002b6   0x080002b6   0x00000000   Code   RO         5810    .ARM.Collect$$libshutdown$$00000004  c_w.l(libshutdown2.o)
    0x080002b6   0x080002b6   0x00000000   Code   RO         5813    .ARM.Collect$$libshutdown$$00000007  c_w.l(libshutdown2.o)
    0x080002b6   0x080002b6   0x00000000   Code   RO         5816    .ARM.Collect$$libshutdown$$0000000A  c_w.l(libshutdown2.o)
    0x080002b6   0x080002b6   0x00000000   Code   RO         5818    .ARM.Collect$$libshutdown$$0000000C  c_w.l(libshutdown2.o)
    0x080002b6   0x080002b6   0x00000000   Code   RO         5821    .ARM.Collect$$libshutdown$$0000000F  c_w.l(libshutdown2.o)
    0x080002b6   0x080002b6   0x00000002   Code   RO         5822    .ARM.Collect$$libshutdown$$00000010  c_w.l(libshutdown2.o)
    0x080002b8   0x080002b8   0x00000000   Code   RO         5430    .ARM.Collect$$rtentry$$00000000  c_w.l(__rtentry.o)
    0x080002b8   0x080002b8   0x00000000   Code   RO         5642    .ARM.Collect$$rtentry$$00000002  c_w.l(__rtentry2.o)
    0x080002b8   0x080002b8   0x00000006   Code   RO         5654    .ARM.Collect$$rtentry$$00000004  c_w.l(__rtentry4.o)
    0x080002be   0x080002be   0x00000000   Code   RO         5644    .ARM.Collect$$rtentry$$00000009  c_w.l(__rtentry2.o)
    0x080002be   0x080002be   0x00000004   Code   RO         5645    .ARM.Collect$$rtentry$$0000000A  c_w.l(__rtentry2.o)
    0x080002c2   0x080002c2   0x00000000   Code   RO         5647    .ARM.Collect$$rtentry$$0000000C  c_w.l(__rtentry2.o)
    0x080002c2   0x080002c2   0x00000008   Code   RO         5648    .ARM.Collect$$rtentry$$0000000D  c_w.l(__rtentry2.o)
    0x080002ca   0x080002ca   0x00000002   Code   RO         5764    .ARM.Collect$$rtexit$$00000000  c_w.l(rtexit.o)
    0x080002cc   0x080002cc   0x00000000   Code   RO         5782    .ARM.Collect$$rtexit$$00000002  c_w.l(rtexit2.o)
    0x080002cc   0x080002cc   0x00000004   Code   RO         5783    .ARM.Collect$$rtexit$$00000003  c_w.l(rtexit2.o)
    0x080002d0   0x080002d0   0x00000006   Code   RO         5784    .ARM.Collect$$rtexit$$00000004  c_w.l(rtexit2.o)
    0x080002d6   0x080002d6   0x00000002   PAD
    0x080002d8   0x080002d8   0x00000040   Code   RO            4    .text               startup_stm32f407xx.o
    0x08000318   0x08000318   0x000000ee   Code   RO         5350    .text               c_w.l(lludivv7m.o)
    0x08000406   0x08000406   0x00000002   PAD
    0x08000408   0x08000408   0x00000034   Code   RO         5354    .text               c_w.l(vsnprintf.o)
    0x0800043c   0x0800043c   0x00000080   Code   RO         5356    .text               c_w.l(assert.o)
    0x080004bc   0x080004bc   0x0000003e   Code   RO         5358    .text               c_w.l(strlen.o)
    0x080004fa   0x080004fa   0x00000096   Code   RO         5360    .text               c_w.l(strncmp.o)
    0x08000590   0x08000590   0x0000004e   Code   RO         5364    .text               c_w.l(rt_memclr_w.o)
    0x080005de   0x080005de   0x00000002   PAD
    0x080005e0   0x080005e0   0x00000080   Code   RO         5366    .text               c_w.l(strcmpv7m.o)
    0x08000660   0x08000660   0x00000006   Code   RO         5368    .text               c_w.l(heapauxi.o)
    0x08000666   0x08000666   0x00000002   PAD
    0x08000668   0x08000668   0x00000024   Code   RO         5375    .text               c_w.l(init_aeabi.o)
    0x0800068c   0x0800068c   0x0000004e   Code   RO         5439    .text               c_w.l(_printf_pad.o)
    0x080006da   0x080006da   0x00000024   Code   RO         5441    .text               c_w.l(_printf_truncate.o)
    0x080006fe   0x080006fe   0x00000052   Code   RO         5443    .text               c_w.l(_printf_str.o)
    0x08000750   0x08000750   0x00000078   Code   RO         5445    .text               c_w.l(_printf_dec.o)
    0x080007c8   0x080007c8   0x00000028   Code   RO         5447    .text               c_w.l(_printf_charcount.o)
    0x080007f0   0x080007f0   0x00000030   Code   RO         5449    .text               c_w.l(_printf_char_common.o)
    0x08000820   0x08000820   0x0000000a   Code   RO         5451    .text               c_w.l(_sputc.o)
    0x0800082a   0x0800082a   0x00000010   Code   RO         5453    .text               c_w.l(_snputc.o)
    0x0800083a   0x0800083a   0x00000002   PAD
    0x0800083c   0x0800083c   0x000000bc   Code   RO         5455    .text               c_w.l(_printf_wctomb.o)
    0x080008f8   0x080008f8   0x0000007c   Code   RO         5458    .text               c_w.l(_printf_longlong_dec.o)
    0x08000974   0x08000974   0x00000070   Code   RO         5464    .text               c_w.l(_printf_oct_int_ll.o)
    0x080009e4   0x080009e4   0x00000094   Code   RO         5484    .text               c_w.l(_printf_hex_int_ll_ptr.o)
    0x08000a78   0x08000a78   0x00000188   Code   RO         5504    .text               c_w.l(__printf_flags_ss_wp.o)
    0x08000c00   0x08000c00   0x00000016   Code   RO         5530    .text               c_w.l(abort.o)
    0x08000c16   0x08000c16   0x00000014   Code   RO         5532    .text               c_w.l(assert_puts.o)
    0x08000c2a   0x08000c2a   0x0000000e   Code   RO         5637    .text               c_w.l(sys_wrch.o)
    0x08000c38   0x08000c38   0x0000000c   Code   RO         5639    .text               c_w.l(sys_exit.o)
    0x08000c44   0x08000c44   0x0000008a   Code   RO         5663    .text               c_w.l(lludiv10.o)
    0x08000cce   0x08000cce   0x000000b2   Code   RO         5665    .text               c_w.l(_printf_intcommon.o)
    0x08000d80   0x08000d80   0x0000041e   Code   RO         5667    .text               c_w.l(_printf_fp_dec.o)
    0x0800119e   0x0800119e   0x00000002   PAD
    0x080011a0   0x080011a0   0x000002fc   Code   RO         5669    .text               c_w.l(_printf_fp_hex.o)
    0x0800149c   0x0800149c   0x0000002c   Code   RO         5674    .text               c_w.l(_printf_char.o)
    0x080014c8   0x080014c8   0x0000002c   Code   RO         5676    .text               c_w.l(_printf_wchar.o)
    0x080014f4   0x080014f4   0x00000040   Code   RO         5679    .text               c_w.l(_wcrtomb.o)
    0x08001534   0x08001534   0x0000000e   Code   RO         5681    .text               c_w.l(defsig_abrt_outer.o)
    0x08001542   0x08001542   0x00000002   PAD
    0x08001544   0x08001544   0x00000008   Code   RO         5693    .text               c_w.l(libspace.o)
    0x0800154c   0x0800154c   0x00000002   Code   RO         5696    .text               c_w.l(use_no_semi.o)
    0x0800154e   0x0800154e   0x00000000   Code   RO         5698    .text               c_w.l(indicate_semi.o)
    0x0800154e   0x0800154e   0x0000004a   Code   RO         5699    .text               c_w.l(sys_stackheap_outer.o)
    0x08001598   0x08001598   0x00000010   Code   RO         5701    .text               c_w.l(rt_ctype_table.o)
    0x080015a8   0x080015a8   0x00000008   Code   RO         5708    .text               c_w.l(rt_locale_intlibspace.o)
    0x080015b0   0x080015b0   0x00000080   Code   RO         5710    .text               c_w.l(_printf_fp_infnan.o)
    0x08001630   0x08001630   0x000000e4   Code   RO         5712    .text               c_w.l(bigflt0.o)
    0x08001714   0x08001714   0x00000012   Code   RO         5740    .text               c_w.l(exit.o)
    0x08001726   0x08001726   0x0000000a   Code   RO         5742    .text               c_w.l(defsig_exit.o)
    0x08001730   0x08001730   0x00000030   Code   RO         5744    .text               c_w.l(defsig_abrt_inner.o)
    0x08001760   0x08001760   0x00000032   Code   RO         5773    .text               c_w.l(defsig_general.o)
    0x08001792   0x08001792   0x0000003e   Code   RO         5715    CL$$btod_d2e        c_w.l(btod.o)
    0x080017d0   0x080017d0   0x00000046   Code   RO         5717    CL$$btod_d2e_denorm_low  c_w.l(btod.o)
    0x08001816   0x08001816   0x00000060   Code   RO         5716    CL$$btod_d2e_norm_op1  c_w.l(btod.o)
    0x08001876   0x08001876   0x00000338   Code   RO         5725    CL$$btod_div_common  c_w.l(btod.o)
    0x08001bae   0x08001bae   0x000000dc   Code   RO         5722    CL$$btod_e2e        c_w.l(btod.o)
    0x08001c8a   0x08001c8a   0x0000002a   Code   RO         5719    CL$$btod_ediv       c_w.l(btod.o)
    0x08001cb4   0x08001cb4   0x0000002a   Code   RO         5718    CL$$btod_emul       c_w.l(btod.o)
    0x08001cde   0x08001cde   0x00000244   Code   RO         5724    CL$$btod_mult_common  c_w.l(btod.o)
    0x08001f22   0x08001f22   0x00000004   Code   RO          540    i.BusFault_Handler  stm32f4xx_it.o
    0x08001f26   0x08001f26   0x00000002   PAD
    0x08001f28   0x08001f28   0x0000002c   Code   RO          229    i.DEBUG_UART_RxCallback  user_usart.o
    0x08001f54   0x08001f54   0x00000002   Code   RO          541    i.DebugMon_Handler  stm32f4xx_it.o
    0x08001f56   0x08001f56   0x00000006   Code   RO          288    i.Error_Handler     main.o
    0x08001f5c   0x08001f5c   0x000000ac   Code   RO         1733    i.HAL_DMA_Abort     stm32f4xx_hal_dma.o
    0x08002008   0x08002008   0x00000028   Code   RO         1734    i.HAL_DMA_Abort_IT  stm32f4xx_hal_dma.o
    0x08002030   0x08002030   0x00000028   Code   RO         2175    i.HAL_Delay         stm32f4xx_hal.o
    0x08002058   0x08002058   0x000001f4   Code   RO         1626    i.HAL_GPIO_Init     stm32f4xx_hal_gpio.o
    0x0800224c   0x0800224c   0x00000010   Code   RO         1628    i.HAL_GPIO_ReadPin  stm32f4xx_hal_gpio.o
    0x0800225c   0x0800225c   0x00000014   Code   RO         1629    i.HAL_GPIO_TogglePin  stm32f4xx_hal_gpio.o
    0x08002270   0x08002270   0x0000000c   Code   RO         1630    i.HAL_GPIO_WritePin  stm32f4xx_hal_gpio.o
    0x0800227c   0x0800227c   0x0000000c   Code   RO         2181    i.HAL_GetTick       stm32f4xx_hal.o
    0x08002288   0x08002288   0x000001d0   Code   RO          742    i.HAL_I2C_Init      stm32f4xx_hal_i2c.o
    0x08002458   0x08002458   0x00000164   Code   RO          763    i.HAL_I2C_Mem_Write  stm32f4xx_hal_i2c.o
    0x080025bc   0x080025bc   0x00000088   Code   RO          415    i.HAL_I2C_MspInit   i2c.o
    0x08002644   0x08002644   0x00000018   Code   RO         2187    i.HAL_IncTick       stm32f4xx_hal.o
    0x0800265c   0x0800265c   0x0000003c   Code   RO         2188    i.HAL_Init          stm32f4xx_hal.o
    0x08002698   0x08002698   0x0000004c   Code   RO         2189    i.HAL_InitTick      stm32f4xx_hal.o
    0x080026e4   0x080026e4   0x00000050   Code   RO          628    i.HAL_MspInit       stm32f4xx_hal_msp.o
    0x08002734   0x08002734   0x00000028   Code   RO         2018    i.HAL_NVIC_EnableIRQ  stm32f4xx_hal_cortex.o
    0x0800275c   0x0800275c   0x0000007c   Code   RO         2024    i.HAL_NVIC_SetPriority  stm32f4xx_hal_cortex.o
    0x080027d8   0x080027d8   0x00000028   Code   RO         2025    i.HAL_NVIC_SetPriorityGrouping  stm32f4xx_hal_cortex.o
    0x08002800   0x08002800   0x00000184   Code   RO         1227    i.HAL_RCC_ClockConfig  stm32f4xx_hal_rcc.o
    0x08002984   0x08002984   0x0000000c   Code   RO         1232    i.HAL_RCC_GetHCLKFreq  stm32f4xx_hal_rcc.o
    0x08002990   0x08002990   0x00000020   Code   RO         1234    i.HAL_RCC_GetPCLK1Freq  stm32f4xx_hal_rcc.o
    0x080029b0   0x080029b0   0x00000020   Code   RO         1235    i.HAL_RCC_GetPCLK2Freq  stm32f4xx_hal_rcc.o
    0x080029d0   0x080029d0   0x000000b0   Code   RO         1236    i.HAL_RCC_GetSysClockFreq  stm32f4xx_hal_rcc.o
    0x08002a80   0x08002a80   0x0000049c   Code   RO         1239    i.HAL_RCC_OscConfig  stm32f4xx_hal_rcc.o
    0x08002f1c   0x08002f1c   0x00000034   Code   RO         2029    i.HAL_SYSTICK_Config  stm32f4xx_hal_cortex.o
    0x08002f50   0x08002f50   0x00000002   Code   RO         3143    i.HAL_TIMEx_BreakCallback  stm32f4xx_hal_tim_ex.o
    0x08002f52   0x08002f52   0x00000002   Code   RO         3144    i.HAL_TIMEx_CommutCallback  stm32f4xx_hal_tim_ex.o
    0x08002f54   0x08002f54   0x000000b4   Code   RO         3162    i.HAL_TIMEx_MasterConfigSynchronization  stm32f4xx_hal_tim_ex.o
    0x08003008   0x08003008   0x00000066   Code   RO         2428    i.HAL_TIM_Base_Init  stm32f4xx_hal_tim.o
    0x0800306e   0x0800306e   0x00000002   PAD
    0x08003070   0x08003070   0x00000048   Code   RO          457    i.HAL_TIM_Base_MspInit  tim.o
    0x080030b8   0x080030b8   0x000000a8   Code   RO         2433    i.HAL_TIM_Base_Start_IT  stm32f4xx_hal_tim.o
    0x08003160   0x08003160   0x00000002   Code   RO         2462    i.HAL_TIM_IC_CaptureCallback  stm32f4xx_hal_tim.o
    0x08003162   0x08003162   0x0000016c   Code   RO         2476    i.HAL_TIM_IRQHandler  stm32f4xx_hal_tim.o
    0x080032ce   0x080032ce   0x00000002   Code   RO         2479    i.HAL_TIM_OC_DelayElapsedCallback  stm32f4xx_hal_tim.o
    0x080032d0   0x080032d0   0x00000002   Code   RO         2506    i.HAL_TIM_PWM_PulseFinishedCallback  stm32f4xx_hal_tim.o
    0x080032d2   0x080032d2   0x00000002   PAD
    0x080032d4   0x080032d4   0x00000028   Code   RO           97    i.HAL_TIM_PeriodElapsedCallback  user_tim.o
    0x080032fc   0x080032fc   0x00000002   Code   RO         2519    i.HAL_TIM_TriggerCallback  stm32f4xx_hal_tim.o
    0x080032fe   0x080032fe   0x00000002   Code   RO         3422    i.HAL_UARTEx_RxEventCallback  stm32f4xx_hal_uart.o
    0x08003300   0x08003300   0x00000002   Code   RO         3436    i.HAL_UART_ErrorCallback  stm32f4xx_hal_uart.o
    0x08003302   0x08003302   0x00000002   PAD
    0x08003304   0x08003304   0x000002e8   Code   RO         3439    i.HAL_UART_IRQHandler  stm32f4xx_hal_uart.o
    0x080035ec   0x080035ec   0x00000076   Code   RO         3440    i.HAL_UART_Init     stm32f4xx_hal_uart.o
    0x08003662   0x08003662   0x00000002   PAD
    0x08003664   0x08003664   0x00000098   Code   RO          499    i.HAL_UART_MspInit  usart.o
    0x080036fc   0x080036fc   0x0000002c   Code   RO         3445    i.HAL_UART_Receive_IT  stm32f4xx_hal_uart.o
    0x08003728   0x08003728   0x00000002   Code   RO         3446    i.HAL_UART_RxCpltCallback  stm32f4xx_hal_uart.o
    0x0800372a   0x0800372a   0x000000be   Code   RO         3448    i.HAL_UART_Transmit  stm32f4xx_hal_uart.o
    0x080037e8   0x080037e8   0x00000002   Code   RO         3451    i.HAL_UART_TxCpltCallback  stm32f4xx_hal_uart.o
    0x080037ea   0x080037ea   0x00000004   Code   RO          542    i.HardFault_Handler  stm32f4xx_it.o
    0x080037ee   0x080037ee   0x0000003e   Code   RO          786    i.I2C_IsAcknowledgeFailed  stm32f4xx_hal_i2c.o
    0x0800382c   0x0800382c   0x000000e0   Code   RO          798    i.I2C_RequestMemoryWrite  stm32f4xx_hal_i2c.o
    0x0800390c   0x0800390c   0x00000066   Code   RO          806    i.I2C_WaitOnBTFFlagUntilTimeout  stm32f4xx_hal_i2c.o
    0x08003972   0x08003972   0x000000be   Code   RO          807    i.I2C_WaitOnFlagUntilTimeout  stm32f4xx_hal_i2c.o
    0x08003a30   0x08003a30   0x000000fa   Code   RO          808    i.I2C_WaitOnMasterAddressFlagUntilTimeout  stm32f4xx_hal_i2c.o
    0x08003b2a   0x08003b2a   0x00000066   Code   RO          812    i.I2C_WaitOnTXEFlagUntilTimeout  stm32f4xx_hal_i2c.o
    0x08003b90   0x08003b90   0x000000cc   Code   RO          390    i.MX_GPIO_Init      gpio.o
    0x08003c5c   0x08003c5c   0x00000040   Code   RO          416    i.MX_I2C1_Init      i2c.o
    0x08003c9c   0x08003c9c   0x0000004c   Code   RO          458    i.MX_TIM6_Init      tim.o
    0x08003ce8   0x08003ce8   0x00000038   Code   RO          500    i.MX_USART1_UART_Init  usart.o
    0x08003d20   0x08003d20   0x00000004   Code   RO          543    i.MemManage_Handler  stm32f4xx_it.o
    0x08003d24   0x08003d24   0x00000004   Code   RO          544    i.NMI_Handler       stm32f4xx_it.o
    0x08003d28   0x08003d28   0x00000028   Code   RO         3820    i.OLED_Clear        oled.o
    0x08003d50   0x08003d50   0x00000090   Code   RO         3821    i.OLED_ClearArea    oled.o
    0x08003de0   0x08003de0   0x0000009e   Code   RO         3830    i.OLED_Init         oled.o
    0x08003e7e   0x08003e7e   0x00000022   Code   RO         3836    i.OLED_SetCursor    oled.o
    0x08003ea0   0x08003ea0   0x00000054   Code   RO         3838    i.OLED_ShowChar     oled.o
    0x08003ef4   0x08003ef4   0x000000fc   Code   RO         3841    i.OLED_ShowImage    oled.o
    0x08003ff0   0x08003ff0   0x00000110   Code   RO         3844    i.OLED_ShowString   oled.o
    0x08004100   0x08004100   0x00000028   Code   RO         3845    i.OLED_Update       oled.o
    0x08004128   0x08004128   0x00000024   Code   RO         3847    i.OLED_WriteCommand  oled.o
    0x0800414c   0x0800414c   0x00000020   Code   RO         3848    i.OLED_WriteData    oled.o
    0x0800416c   0x0800416c   0x00000002   Code   RO          545    i.PendSV_Handler    stm32f4xx_it.o
    0x0800416e   0x0800416e   0x00000002   Code   RO          546    i.SVC_Handler       stm32f4xx_it.o
    0x08004170   0x08004170   0x00000008   Code   RO          547    i.SysTick_Handler   stm32f4xx_it.o
    0x08004178   0x08004178   0x000000b4   Code   RO          289    i.SystemClock_Config  main.o
    0x0800422c   0x0800422c   0x00000014   Code   RO         3784    i.SystemInit        system_stm32f4xx.o
    0x08004240   0x08004240   0x00000010   Code   RO          548    i.TIM6_DAC_IRQHandler  stm32f4xx_it.o
    0x08004250   0x08004250   0x000000e8   Code   RO         2521    i.TIM_Base_SetConfig  stm32f4xx_hal_tim.o
    0x08004338   0x08004338   0x00000014   Code   RO         3453    i.UART_DMAAbortOnError  stm32f4xx_hal_uart.o
    0x0800434c   0x0800434c   0x0000006c   Code   RO         3463    i.UART_EndRxTransfer  stm32f4xx_hal_uart.o
    0x080043b8   0x080043b8   0x00000020   Code   RO         3464    i.UART_EndTransmit_IT  stm32f4xx_hal_uart.o
    0x080043d8   0x080043d8   0x000000fc   Code   RO         3466    i.UART_Receive_IT   stm32f4xx_hal_uart.o
    0x080044d4   0x080044d4   0x0000022c   Code   RO         3467    i.UART_SetConfig    stm32f4xx_hal_uart.o
    0x08004700   0x08004700   0x00000040   Code   RO         3469    i.UART_Start_Receive_IT  stm32f4xx_hal_uart.o
    0x08004740   0x08004740   0x00000060   Code   RO         3470    i.UART_Transmit_IT  stm32f4xx_hal_uart.o
    0x080047a0   0x080047a0   0x0000008c   Code   RO         3471    i.UART_WaitOnFlagUntilTimeout  stm32f4xx_hal_uart.o
    0x0800482c   0x0800482c   0x00000014   Code   RO          549    i.USART1_IRQHandler  stm32f4xx_it.o
    0x08004840   0x08004840   0x00000004   Code   RO          550    i.UsageFault_Handler  stm32f4xx_it.o
    0x08004844   0x08004844   0x00000030   Code   RO         5689    i.__ARM_fpclassify  m_wm.l(fpclassify.o)
    0x08004874   0x08004874   0x00000010   Code   RO         2031    i.__NVIC_GetPriorityGrouping  stm32f4xx_hal_cortex.o
    0x08004884   0x08004884   0x00000028   Code   RO         2032    i.__NVIC_SetPriority  stm32f4xx_hal_cortex.o
    0x080048ac   0x080048ac   0x0000002c   Code   RO           14    i.__armlib_thread_safety_init  armlib_lock_glue.o
    0x080048d8   0x080048d8   0x0000000e   Code   RO         5497    i._is_digit         c_w.l(__printf_wp.o)
    0x080048e6   0x080048e6   0x00000002   PAD
    0x080048e8   0x080048e8   0x00000040   Code   RO           15    i._mutex_acquire    armlib_lock_glue.o
    0x08004928   0x08004928   0x0000003c   Code   RO           16    i._mutex_free       armlib_lock_glue.o
    0x08004964   0x08004964   0x00000068   Code   RO           17    i._mutex_initialize  armlib_lock_glue.o
    0x080049cc   0x080049cc   0x00000040   Code   RO           18    i._mutex_release    armlib_lock_glue.o
    0x08004a0c   0x08004a0c   0x00000030   Code   RO         4920    i.adjust_request_size  tlsf.o
    0x08004a3c   0x08004a3c   0x00000026   Code   RO         4807    i.agencyshell_motor_pid_set_argument  shell_cmd_export.o
    0x08004a62   0x08004a62   0x00000026   Code   RO         4808    i.agencyshell_sovor_pid_set_argument  shell_cmd_export.o
    0x08004a88   0x08004a88   0x00000080   Code   RO         4921    i.align_down        tlsf.o
    0x08004b08   0x08004b08   0x00000088   Code   RO         4922    i.align_ptr         tlsf.o
    0x08004b90   0x08004b90   0x00000084   Code   RO         4923    i.align_up          tlsf.o
    0x08004c14   0x08004c14   0x0000008c   Code   RO         4924    i.block_absorb      tlsf.o
    0x08004ca0   0x08004ca0   0x0000001c   Code   RO         4925    i.block_can_split   tlsf.o
    0x08004cbc   0x08004cbc   0x00000008   Code   RO         4926    i.block_from_ptr    tlsf.o
    0x08004cc4   0x08004cc4   0x00000024   Code   RO         4927    i.block_insert      tlsf.o
    0x08004ce8   0x08004ce8   0x0000000a   Code   RO         4928    i.block_is_free     tlsf.o
    0x08004cf2   0x08004cf2   0x00000014   Code   RO         4929    i.block_is_last     tlsf.o
    0x08004d06   0x08004d06   0x0000000a   Code   RO         4930    i.block_is_prev_free  tlsf.o
    0x08004d10   0x08004d10   0x00000012   Code   RO         4931    i.block_link_next   tlsf.o
    0x08004d22   0x08004d22   0x00000002   PAD
    0x08004d24   0x08004d24   0x00000090   Code   RO         4932    i.block_locate_free  tlsf.o
    0x08004db4   0x08004db4   0x0000001a   Code   RO         4933    i.block_mark_as_free  tlsf.o
    0x08004dce   0x08004dce   0x0000001a   Code   RO         4934    i.block_mark_as_used  tlsf.o
    0x08004de8   0x08004de8   0x000000d8   Code   RO         4935    i.block_merge_next  tlsf.o
    0x08004ec0   0x08004ec0   0x000000a8   Code   RO         4936    i.block_merge_prev  tlsf.o
    0x08004f68   0x08004f68   0x00000070   Code   RO         4937    i.block_next        tlsf.o
    0x08004fd8   0x08004fd8   0x0000007c   Code   RO         4938    i.block_prepare_used  tlsf.o
    0x08005054   0x08005054   0x00000078   Code   RO         4939    i.block_prev        tlsf.o
    0x080050cc   0x080050cc   0x00000024   Code   RO         4940    i.block_remove      tlsf.o
    0x080050f0   0x080050f0   0x0000000a   Code   RO         4941    i.block_set_free    tlsf.o
    0x080050fa   0x080050fa   0x0000000a   Code   RO         4942    i.block_set_prev_free  tlsf.o
    0x08005104   0x08005104   0x0000000a   Code   RO         4943    i.block_set_prev_used  tlsf.o
    0x0800510e   0x0800510e   0x0000000c   Code   RO         4944    i.block_set_size    tlsf.o
    0x0800511a   0x0800511a   0x0000000a   Code   RO         4945    i.block_set_used    tlsf.o
    0x08005124   0x08005124   0x0000000a   Code   RO         4946    i.block_size        tlsf.o
    0x0800512e   0x0800512e   0x00000002   PAD
    0x08005130   0x08005130   0x00000104   Code   RO         4947    i.block_split       tlsf.o
    0x08005234   0x08005234   0x00000008   Code   RO         4948    i.block_to_ptr      tlsf.o
    0x0800523c   0x0800523c   0x0000009c   Code   RO         4949    i.block_trim_free   tlsf.o
    0x080052d8   0x080052d8   0x00000010   Code   RO         4248    i.btn_scan_tim_cb   multitimer_callback.o
    0x080052e8   0x080052e8   0x00000020   Code   RO         4249    i.btn_scan_tim_start  multitimer_callback.o
    0x08005308   0x08005308   0x0000001c   Code   RO         5272    i.ccm_pool_init     tlsf_porting.o
    0x08005324   0x08005324   0x00000036   Code   RO         4952    i.control_construct  tlsf.o
    0x0800535a   0x0800535a   0x00000002   PAD
    0x0800535c   0x0800535c   0x00000038   Code   RO          230    i.debug_printf      user_usart.o
    0x08005394   0x08005394   0x00000012   Code   RO         4749    i.debug_que_init    letter_shell_porting.o
    0x080053a6   0x080053a6   0x00000036   Code   RO         4750    i.debug_que_read    letter_shell_porting.o
    0x080053dc   0x080053dc   0x00000038   Code   RO         4751    i.debug_que_send    letter_shell_porting.o
    0x08005414   0x08005414   0x0000002c   Code   RO         4752    i.debug_shell_init  letter_shell_porting.o
    0x08005440   0x08005440   0x00000018   Code   RO          231    i.debug_usart_rec_start  user_usart.o
    0x08005458   0x08005458   0x0000023c   Code   RO         4115    i.flex_button_process  flexible_button.o
    0x08005694   0x08005694   0x00000048   Code   RO         4116    i.flex_button_read  flexible_button.o
    0x080056dc   0x080056dc   0x00000084   Code   RO         4117    i.flex_button_register  flexible_button.o
    0x08005760   0x08005760   0x0000000c   Code   RO         4118    i.flex_button_scan  flexible_button.o
    0x0800576c   0x0800576c   0x000000ca   Code   RO         4838    i.fullscale_pid_compute  lw_pid.o
    0x08005836   0x08005836   0x00000002   PAD
    0x08005838   0x08005838   0x0000000c   Code   RO           98    i.get_sys_time_base  user_tim.o
    0x08005844   0x08005844   0x0000009a   Code   RO         4839    i.increment_pid_compute  lw_pid.o
    0x080058de   0x080058de   0x00000002   PAD
    0x080058e0   0x080058e0   0x00000130   Code   RO         4954    i.insert_free_block  tlsf.o
    0x08005a10   0x08005a10   0x00000010   Code   RO         4250    i.led_flicker_tim_cb  multitimer_callback.o
    0x08005a20   0x08005a20   0x00000020   Code   RO         4251    i.led_flicker_tim_start  multitimer_callback.o
    0x08005a40   0x08005a40   0x00000010   Code   RO         4252    i.letter_shell_tim_cb  multitimer_callback.o
    0x08005a50   0x08005a50   0x00000020   Code   RO         4253    i.letter_shell_tim_start  multitimer_callback.o
    0x08005a70   0x08005a70   0x00000036   Code   RO         5291    i.lw_queue_create   lw_queue.o
    0x08005aa6   0x08005aa6   0x0000003c   Code   RO         5293    i.lw_queue_read     lw_queue.o
    0x08005ae2   0x08005ae2   0x00000034   Code   RO         5294    i.lw_queue_write    lw_queue.o
    0x08005b16   0x08005b16   0x00000002   PAD
    0x08005b18   0x08005b18   0x00000014   Code   RO         5330    i.lwq_free          lw_queue_porting.o
    0x08005b2c   0x08005b2c   0x00000014   Code   RO         5331    i.lwq_malloc        lw_queue_porting.o
    0x08005b40   0x08005b40   0x000000a8   Code   RO          290    i.main              main.o
    0x08005be8   0x08005be8   0x0000003a   Code   RO         4956    i.mapping_insert    tlsf.o
    0x08005c22   0x08005c22   0x00000030   Code   RO         4957    i.mapping_search    tlsf.o
    0x08005c52   0x08005c52   0x000002b0   Code   RO          649    i.menu_dispatch     fsm_menu.o
    0x08005f02   0x08005f02   0x00000002   PAD
    0x08005f04   0x08005f04   0x0000001c   Code   RO          650    i.menu_init         fsm_menu.o
    0x08005f20   0x08005f20   0x00000078   Code   RO         4030    i.motor_pid_init    gear_motor.o
    0x08005f98   0x08005f98   0x00000018   Code   RO         4201    i.multiTimerInstall  multitimer.o
    0x08005fb0   0x08005fb0   0x0000006c   Code   RO         4202    i.multiTimerStart   multitimer.o
    0x0800601c   0x0800601c   0x00000064   Code   RO         4204    i.multiTimerYield   multitimer.o
    0x08006080   0x08006080   0x00000006   Code   RO         4958    i.offset_to_block   tlsf.o
    0x08006086   0x08006086   0x00000010   Code   RO         4254    i.oled_update_tim_cb  multitimer_callback.o
    0x08006096   0x08006096   0x00000002   PAD
    0x08006098   0x08006098   0x00000020   Code   RO         4255    i.oled_update_tim_start  multitimer_callback.o
    0x080060b8   0x080060b8   0x00000038   Code   RO          651    i.page_0_load       fsm_menu.o
    0x080060f0   0x080060f0   0x00000034   Code   RO          652    i.page_1_1_load     fsm_menu.o
    0x08006124   0x08006124   0x00000034   Code   RO          653    i.page_1_2_load     fsm_menu.o
    0x08006158   0x08006158   0x0000004c   Code   RO          654    i.page_1_load       fsm_menu.o
    0x080061a4   0x080061a4   0x00000034   Code   RO          655    i.page_2_1_load     fsm_menu.o
    0x080061d8   0x080061d8   0x00000034   Code   RO          656    i.page_2_2_load     fsm_menu.o
    0x0800620c   0x0800620c   0x0000004c   Code   RO          657    i.page_2_load       fsm_menu.o
    0x08006258   0x08006258   0x00000034   Code   RO          658    i.page_3_1_load     fsm_menu.o
    0x0800628c   0x0800628c   0x00000034   Code   RO          659    i.page_3_2_load     fsm_menu.o
    0x080062c0   0x080062c0   0x0000004c   Code   RO          660    i.page_3_load       fsm_menu.o
    0x0800630c   0x0800630c   0x00000008   Code   RO          661    i.page_flush        fsm_menu.o
    0x08006314   0x08006314   0x00000048   Code   RO         4840    i.pid_init          lw_pid.o
    0x0800635c   0x0800635c   0x00000008   Code   RO         4842    i.pid_intergral_limit_enable  lw_pid.o
    0x08006364   0x08006364   0x00000008   Code   RO         4844    i.pid_output_limit_enable  lw_pid.o
    0x0800636c   0x0800636c   0x0000000e   Code   RO         4845    i.pid_set_argument  lw_pid.o
    0x0800637a   0x0800637a   0x0000000a   Code   RO         4846    i.pid_set_intergral_limit  lw_pid.o
    0x08006384   0x08006384   0x00000008   Code   RO         4847    i.pid_set_mode_fullscale  lw_pid.o
    0x0800638c   0x0800638c   0x00000008   Code   RO         4848    i.pid_set_mode_increment  lw_pid.o
    0x08006394   0x08006394   0x0000000a   Code   RO         4849    i.pid_set_output_limit  lw_pid.o
    0x0800639e   0x0800639e   0x00000006   Code   RO         4850    i.pid_set_target    lw_pid.o
    0x080063a4   0x080063a4   0x00000024   Code   RO         4205    i.removeTimer       multitimer.o
    0x080063c8   0x080063c8   0x00000104   Code   RO         4959    i.remove_free_block  tlsf.o
    0x080064cc   0x080064cc   0x000000e0   Code   RO         4960    i.search_suitable_block  tlsf.o
    0x080065ac   0x080065ac   0x00000028   Code   RO         4319    i.shellAdd          shell.o
    0x080065d4   0x080065d4   0x0000000e   Code   RO         4320    i.shellBackspace    shell.o
    0x080065e2   0x080065e2   0x00000002   PAD
    0x080065e4   0x080065e4   0x00000044   Code   RO         4321    i.shellCheckPassword  shell.o
    0x08006628   0x08006628   0x00000036   Code   RO         4322    i.shellCheckPermission  shell.o
    0x0800665e   0x0800665e   0x00000002   PAD
    0x08006660   0x08006660   0x0000001c   Code   RO         4323    i.shellClear        shell.o
    0x0800667c   0x0800667c   0x00000028   Code   RO         4324    i.shellClearCommandLine  shell.o
    0x080066a4   0x080066a4   0x00000012   Code   RO         4325    i.shellCmds         shell.o
    0x080066b6   0x080066b6   0x00000010   Code   RO         4326    i.shellDelete       shell.o
    0x080066c6   0x080066c6   0x000000da   Code   RO         4327    i.shellDeleteByte   shell.o
    0x080067a0   0x080067a0   0x00000020   Code   RO         4328    i.shellDeleteCommandLine  shell.o
    0x080067c0   0x080067c0   0x00000010   Code   RO         4329    i.shellDown         shell.o
    0x080067d0   0x080067d0   0x00000014   Code   RO         4330    i.shellEnter        shell.o
    0x080067e4   0x080067e4   0x00000074   Code   RO         4331    i.shellExec         shell.o
    0x08006858   0x08006858   0x00000058   Code   RO         4698    i.shellExtNumType   shell_ext.o
    0x080068b0   0x080068b0   0x00000046   Code   RO         4699    i.shellExtParseChar  shell_ext.o
    0x080068f6   0x080068f6   0x00000002   PAD
    0x080068f8   0x080068f8   0x000000ec   Code   RO         4700    i.shellExtParseNumber  shell_ext.o
    0x080069e4   0x080069e4   0x00000056   Code   RO         4701    i.shellExtParsePara  shell_ext.o
    0x08006a3a   0x08006a3a   0x0000004a   Code   RO         4702    i.shellExtParseString  shell_ext.o
    0x08006a84   0x08006a84   0x00000024   Code   RO         4703    i.shellExtParseVar  shell_ext.o
    0x08006aa8   0x08006aa8   0x000000ca   Code   RO         4704    i.shellExtRun       shell_ext.o
    0x08006b72   0x08006b72   0x00000036   Code   RO         4705    i.shellExtToNum     shell_ext.o
    0x08006ba8   0x08006ba8   0x00000030   Code   RO         4332    i.shellGetCommandDesc  shell.o
    0x08006bd8   0x08006bd8   0x00000050   Code   RO         4333    i.shellGetCommandName  shell.o
    0x08006c28   0x08006c28   0x00000034   Code   RO         4334    i.shellGetCurrent   shell.o
    0x08006c5c   0x08006c5c   0x00000054   Code   RO         4335    i.shellGetVarValue  shell.o
    0x08006cb0   0x08006cb0   0x000000f8   Code   RO         4336    i.shellHandler      shell.o
    0x08006da8   0x08006da8   0x0000002c   Code   RO         4337    i.shellHelp         shell.o
    0x08006dd4   0x08006dd4   0x000000c2   Code   RO         4338    i.shellHistory      shell.o
    0x08006e96   0x08006e96   0x0000007a   Code   RO         4339    i.shellHistoryAdd   shell.o
    0x08006f10   0x08006f10   0x000000a0   Code   RO         4340    i.shellInit         shell.o
    0x08006fb0   0x08006fb0   0x000000d8   Code   RO         4341    i.shellInsertByte   shell.o
    0x08007088   0x08007088   0x00000012   Code   RO         4342    i.shellKeys         shell.o
    0x0800709a   0x0800709a   0x0000001a   Code   RO         4343    i.shellLeft         shell.o
    0x080070b4   0x080070b4   0x0000000c   Code   RO         4344    i.shellListAll      shell.o
    0x080070c0   0x080070c0   0x0000004c   Code   RO         4345    i.shellListCommand  shell.o
    0x0800710c   0x0800710c   0x000000fc   Code   RO         4346    i.shellListItem     shell.o
    0x08007208   0x08007208   0x00000058   Code   RO         4347    i.shellListKey      shell.o
    0x08007260   0x08007260   0x00000058   Code   RO         4348    i.shellListUser     shell.o
    0x080072b8   0x080072b8   0x00000058   Code   RO         4349    i.shellListVar      shell.o
    0x08007310   0x08007310   0x0000001c   Code   RO         4350    i.shellNormalInput  shell.o
    0x0800732c   0x0800732c   0x0000008e   Code   RO         4351    i.shellParserParam  shell.o
    0x080073ba   0x080073ba   0x00000068   Code   RO         4354    i.shellRemoveParamQuotes  shell.o
    0x08007422   0x08007422   0x0000001e   Code   RO         4355    i.shellRight        shell.o
    0x08007440   0x08007440   0x000000ae   Code   RO         4357    i.shellRunCommand   shell.o
    0x080074ee   0x080074ee   0x0000007a   Code   RO         4358    i.shellSeekCommand  shell.o
    0x08007568   0x08007568   0x0000005c   Code   RO         4359    i.shellSetUser      shell.o
    0x080075c4   0x080075c4   0x00000070   Code   RO         4360    i.shellSetVar       shell.o
    0x08007634   0x08007634   0x00000090   Code   RO         4361    i.shellSetVarValue  shell.o
    0x080076c4   0x080076c4   0x000000c0   Code   RO         4362    i.shellShowVar      shell.o
    0x08007784   0x08007784   0x0000002c   Code   RO         4363    i.shellStringCompare  shell.o
    0x080077b0   0x080077b0   0x00000018   Code   RO         4364    i.shellStringCopy   shell.o
    0x080077c8   0x080077c8   0x00000160   Code   RO         4365    i.shellTab          shell.o
    0x08007928   0x08007928   0x00000056   Code   RO         4367    i.shellToDec        shell.o
    0x0800797e   0x0800797e   0x00000038   Code   RO         4368    i.shellToHex        shell.o
    0x080079b6   0x080079b6   0x0000000e   Code   RO         4369    i.shellUp           shell.o
    0x080079c4   0x080079c4   0x00000012   Code   RO         4370    i.shellUsers        shell.o
    0x080079d6   0x080079d6   0x00000012   Code   RO         4371    i.shellVars         shell.o
    0x080079e8   0x080079e8   0x0000001c   Code   RO         4753    i.shellWrite        letter_shell_porting.o
    0x08007a04   0x08007a04   0x0000000e   Code   RO         4372    i.shellWriteByte    shell.o
    0x08007a12   0x08007a12   0x00000002   PAD
    0x08007a14   0x08007a14   0x0000005c   Code   RO         4373    i.shellWriteCommandDesc  shell.o
    0x08007a70   0x08007a70   0x0000006c   Code   RO         4374    i.shellWriteCommandHelp  shell.o
    0x08007adc   0x08007adc   0x00000068   Code   RO         4375    i.shellWritePrompt  shell.o
    0x08007b44   0x08007b44   0x0000008c   Code   RO         4376    i.shellWriteReturnValue  shell.o
    0x08007bd0   0x08007bd0   0x00000030   Code   RO         4377    i.shellWriteString  shell.o
    0x08007c00   0x08007c00   0x00000030   Code   RO         4031    i.shell_motor_pid_set_argument  gear_motor.o
    0x08007c30   0x08007c30   0x00000088   Code   RO         4032    i.shell_motor_pid_show_argument  gear_motor.o
    0x08007cb8   0x08007cb8   0x00000030   Code   RO         4033    i.shell_sovor_pid_set_argument  gear_motor.o
    0x08007ce8   0x08007ce8   0x00000088   Code   RO         4034    i.shell_sovor_pid_show_argument  gear_motor.o
    0x08007d70   0x08007d70   0x00000020   Code   RO         4754    i.shell_task_handler  letter_shell_porting.o
    0x08007d90   0x08007d90   0x0000005c   Code   RO         4035    i.sovor_pid_init    gear_motor.o
    0x08007dec   0x08007dec   0x00000044   Code   RO           19    i.stm32_lock_acquire  armlib_lock_glue.o
    0x08007e30   0x08007e30   0x00000030   Code   RO           20    i.stm32_lock_release  armlib_lock_glue.o
    0x08007e60   0x08007e60   0x00000086   Code   RO         4961    i.tlsf_add_pool     tlsf.o
    0x08007ee6   0x08007ee6   0x00000020   Code   RO         4969    i.tlsf_create       tlsf.o
    0x08007f06   0x08007f06   0x0000002e   Code   RO         4970    i.tlsf_create_with_pool  tlsf.o
    0x08007f34   0x08007f34   0x00000016   Code   RO         4972    i.tlsf_ffs          tlsf.o
    0x08007f4a   0x08007f4a   0x00000016   Code   RO         4973    i.tlsf_fls          tlsf.o
    0x08007f60   0x08007f60   0x000000ac   Code   RO         4974    i.tlsf_free         tlsf.o
    0x0800800c   0x0800800c   0x0000002c   Code   RO         4976    i.tlsf_malloc       tlsf.o
    0x08008038   0x08008038   0x00000004   Code   RO         4978    i.tlsf_pool_overhead  tlsf.o
    0x0800803c   0x0800803c   0x00000006   Code   RO         4981    i.tlsf_size         tlsf.o
    0x08008042   0x08008042   0x00000002   PAD
    0x08008044   0x08008044   0x00000334   Code   RO         4189    i.user_btn_callback  flexbutton_callback.o
    0x08008378   0x08008378   0x00000060   Code   RO         4157    i.user_btn_pin_read  flexbutton_porting.o
    0x080083d8   0x080083d8   0x00000094   Code   RO         4158    i.user_button_init  flexbutton_porting.o
    0x0800846c   0x0800846c   0x00000010   Code   RO         4083    i.user_led_toggle   user_led.o
    0x0800847c   0x0800847c   0x0000002c   Code   RO         5738    locale$$code        c_w.l(lc_numeric_c.o)
    0x080084a8   0x080084a8   0x0000002c   Code   RO         5769    locale$$code        c_w.l(lc_ctype_c.o)
    0x080084d4   0x080084d4   0x0000000c   Code   RO         5585    x$fpl$dretinf       fz_wm.l(dretinf.o)
    0x080084e0   0x080084e0   0x00000056   Code   RO         5412    x$fpl$f2d           fz_wm.l(f2d.o)
    0x08008536   0x08008536   0x0000008c   Code   RO         5589    x$fpl$fnaninf       fz_wm.l(fnaninf.o)
    0x080085c2   0x080085c2   0x0000000a   Code   RO         5687    x$fpl$fpinit        fz_wm.l(fpinit.o)
    0x080085cc   0x080085cc   0x00000004   Code   RO         5593    x$fpl$printf1       fz_wm.l(printf1.o)
    0x080085d0   0x080085d0   0x00000004   Code   RO         5595    x$fpl$printf2       fz_wm.l(printf2.o)
    0x080085d4   0x080085d4   0x00000000   Code   RO         5601    x$fpl$usenofp       fz_wm.l(usenofp.o)
    0x080085d4   0x080085d4   0x00000018   Data   RO         3785    .constdata          system_stm32f4xx.o
    0x080085ec   0x080085ec   0x0000093f   Data   RO         4018    .constdata          oled_data.o
    0x08008f2b   0x08008f2b   0x000000e3   Data   RO         4379    .constdata          shell.o
    0x0800900e   0x0800900e   0x00000104   Data   RO         4809    .constdata          shell_cmd_export.o
    0x08009112   0x08009112   0x00000002   PAD
    0x08009114   0x08009114   0x00000008   Data   RO         5456    .constdata          c_w.l(_printf_wctomb.o)
    0x0800911c   0x0800911c   0x00000028   Data   RO         5485    .constdata          c_w.l(_printf_hex_int_ll_ptr.o)
    0x08009144   0x08009144   0x00000011   Data   RO         5505    .constdata          c_w.l(__printf_flags_ss_wp.o)
    0x08009155   0x08009155   0x00000026   Data   RO         5670    .constdata          c_w.l(_printf_fp_hex.o)
    0x0800917b   0x0800917b   0x00000001   PAD
    0x0800917c   0x0800917c   0x00000094   Data   RO         5713    .constdata          c_w.l(bigflt0.o)
    0x08009210   0x08009210   0x000002a5   Data   RO         4380    .conststring        shell.o
    0x080094b5   0x080094b5   0x00000003   PAD
    0x080094b8   0x080094b8   0x0000016a   Data   RO         4983    .conststring        tlsf.o
    0x08009622   0x08009622   0x00000002   PAD
    0x08009624   0x08009624   0x00000020   Data   RO         5823    Region$$Table       anon$$obj.o
    0x08009644   0x08009644   0x0000001c   Data   RO         5737    locale$$data        c_w.l(lc_numeric_c.o)
    0x08009660   0x08009660   0x00000110   Data   RO         5768    locale$$data        c_w.l(lc_ctype_c.o)
    0x08009770   0x08009770   0x00000120   Data   RO         4382    shellCommand        shell.o
    0x08009890   0x08009890   0x00000050   Data   RO         4810    shellCommand        shell_cmd_export.o
    0x080098e0   0x080098e0   0x00000004   Data   RO           23    .init_array         armlib_lock_glue.o
    0x080098e4   0x080098e0   0x00000000   Data   RO         5373    .init_array         c_w.l(init_aeabi.o)


    Execution Region RW_IRAM1 (Exec base: 0x20000000, Load base: 0x080098e4, Size: 0x00000b58, Max: 0x0001c000, ABSOLUTE)

    Exec Addr    Load Addr    Size         Type   Attr      Idx    E Section Name        Object

    0x20000000   0x080098e4   0x00000002   Data   RW           22    .data               armlib_lock_glue.o
    0x20000002   0x080098e6   0x00000006   PAD
    0x20000008   0x080098ec   0x00000008   Data   RW           99    .data               user_tim.o
    0x20000010   0x080098f4   0x00000001   Data   RW          232    .data               user_usart.o
    0x20000011   0x080098f5   0x00000003   PAD
    0x20000014   0x080098f8   0x00000008   Data   RW          291    .data               main.o
    0x2000001c   0x08009900   0x00000005   Data   RW          662    .data               fsm_menu.o
    0x20000021   0x08009905   0x00000003   PAD
    0x20000024   0x08009908   0x00000009   Data   RW         2195    .data               stm32f4xx_hal.o
    0x2000002d   0x08009911   0x00000003   PAD
    0x20000030   0x08009914   0x00000004   Data   RW         3786    .data               system_stm32f4xx.o
    0x20000034   0x08009918   0x0000000d   Data   RW         4119    .data               flexible_button.o
    0x20000041   0x08009925   0x00000003   PAD
    0x20000044   0x08009928   0x00000008   Data   RW         4206    .data               multitimer.o
    0x2000004c   0x08009930   0x00000054   Data   RW         4381    .data               shell.o
    0x200000a0   0x08009984   0x00000004   Data   RW         5274    .data               tlsf_porting.o
    0x200000a4        -       0x00000018   Zero   RW           21    .bss                armlib_lock_glue.o
    0x200000bc        -       0x00000054   Zero   RW          417    .bss                i2c.o
    0x20000110        -       0x00000048   Zero   RW          459    .bss                tim.o
    0x20000158        -       0x00000048   Zero   RW          501    .bss                usart.o
    0x200001a0        -       0x00000070   Zero   RW         4036    .bss                gear_motor.o
    0x20000210        -       0x00000070   Zero   RW         4159    .bss                flexbutton_porting.o
    0x20000280        -       0x00000060   Zero   RW         4256    .bss                multitimer_callback.o
    0x200002e0        -       0x0000001d   Zero   RW         4378    .bss                shell.o
    0x200002fd   0x08009988   0x00000003   PAD
    0x20000300        -       0x000001f8   Zero   RW         4755    .bss                letter_shell_porting.o
    0x200004f8        -       0x00000060   Zero   RW         5694    .bss                c_w.l(libspace.o)
    0x20000558        -       0x00000200   Zero   RW            2    HEAP                startup_stm32f407xx.o
    0x20000758        -       0x00000400   Zero   RW            1    STACK               startup_stm32f407xx.o


    Execution Region RW_IRAM2 (Exec base: 0x2001c000, Load base: 0x08009988, Size: 0x00000000, Max: 0x00004000, ABSOLUTE)

    **** No section assigned to this execution region ****



  Load Region LR$$.ARM.__AT_0x10000000 (Base: 0x10000000, Size: 0x00000000, Max: 0x00007800, ABSOLUTE)

    Execution Region ER$$.ARM.__AT_0x10000000 (Exec base: 0x10000000, Load base: 0x10000000, Size: 0x00007800, Max: 0x00007800, ABSOLUTE, UNINIT)

    Exec Addr    Load Addr    Size         Type   Attr      Idx    E Section Name        Object

    0x10000000        -       0x00007800   Zero   RW         5273    .ARM.__AT_0x10000000  tlsf_porting.o



  Load Region LR$$.ARM.__AT_0x10007800 (Base: 0x10007800, Size: 0x00000000, Max: 0x00000400, ABSOLUTE)

    Execution Region ER$$.ARM.__AT_0x10007800 (Exec base: 0x10007800, Load base: 0x10007800, Size: 0x00000400, Max: 0x00000400, ABSOLUTE, UNINIT)

    Exec Addr    Load Addr    Size         Type   Attr      Idx    E Section Name        Object

    0x10007800        -       0x00000400   Zero   RW         3850    .ARM.__AT_0x10007800  oled.o


==============================================================================

Image component sizes


      Code (inc. data)   RO Data    RW Data    ZI Data      Debug   Object Name

       452         32          4          2         24      16186   armlib_lock_glue.o
       820        448          0          0          0       1720   flexbutton_callback.o
       244         18          0          0        112       2141   flexbutton_porting.o
       788         38          0         13          0       5079   flexible_button.o
      1320        294          0          5          0       8280   fsm_menu.o
       580        160          0          0        112       4074   gear_motor.o
       204         12          0          0          0        995   gpio.o
       200         26          0          0         84       1677   i2c.o
       232         30          0          0        504       4997   letter_shell_porting.o
       500         12          0          0          0       6505   lw_pid.o
       166          0          0          0          0       2947   lw_queue.o
        40          8          0          0          0       1180   lw_queue_porting.o
       354         38          0          8          0       7019   main.o
       268         28          0          8          0       3956   multitimer.o
       192         38          0          0         96       9406   multitimer_callback.o
      1092         44          0          0       1024       7459   oled.o
         0          0       2367          0          0       1110   oled_data.o
      4834        244       1192         84         29      46653   shell.o
        76          0        340          0          0       3537   shell_cmd_export.o
       846         12          0          0          0       6634   shell_ext.o
        64         26        392          0       1536        848   startup_stm32f407xx.o
       212         36          0          9          0       9437   stm32f4xx_hal.o
       312         22          0          0          0      34367   stm32f4xx_hal_cortex.o
       212          0          0          0          0       1967   stm32f4xx_hal_dma.o
       548         46          0          0          0       3452   stm32f4xx_hal_gpio.o
      1750         30          0          0          0       8475   stm32f4xx_hal_i2c.o
        80          6          0          0          0        874   stm32f4xx_hal_msp.o
      1820         84          0          0          0       5648   stm32f4xx_hal_rcc.o
       874         76          0          0          0       6099   stm32f4xx_hal_tim.o
       184         30          0          0          0       2545   stm32f4xx_hal_tim_ex.o
      2372         14          0          0          0      13162   stm32f4xx_hal_uart.o
        70         12          0          0          0       5272   stm32f4xx_it.o
        20          6         24          4          0       1139   system_stm32f4xx.o
       148         20          0          0         72       1622   tim.o
      3608       1442        362          0          0      29493   tlsf.o
        28         10          0          4      30720       1115   tlsf_porting.o
       208         22          0          0         72       1722   usart.o
        16          4          0          0          0        486   user_led.o
        52         14          0          8          0     695664   user_tim.o
       124         26          0          1          0       2443   user_usart.o

    ----------------------------------------------------------------------
     25946       3408       4720        164      34388     967385   Object Totals
         0          0         32          0          0          0   (incl. Generated)
        36          0          7         18          3          0   (incl. Padding)

    ----------------------------------------------------------------------

      Code (inc. data)   RO Data    RW Data    ZI Data      Debug   Library Member Name

         8          0          0          0          0         68   __main.o
       392          4         17          0          0         92   __printf_flags_ss_wp.o
        14          0          0          0          0         68   __printf_wp.o
         0          0          0          0          0          0   __rtentry.o
        12          0          0          0          0          0   __rtentry2.o
         6          0          0          0          0          0   __rtentry4.o
        52          8          0          0          0          0   __scatter.o
        26          0          0          0          0          0   __scatter_copy.o
        28          0          0          0          0          0   __scatter_zi.o
         6          0          0          0          0          0   _printf_a.o
         6          0          0          0          0          0   _printf_c.o
        44          0          0          0          0        108   _printf_char.o
        48          6          0          0          0         96   _printf_char_common.o
        40          0          0          0          0         68   _printf_charcount.o
         6          0          0          0          0          0   _printf_d.o
       120         16          0          0          0         92   _printf_dec.o
         6          0          0          0          0          0   _printf_e.o
         6          0          0          0          0          0   _printf_f.o
      1054          0          0          0          0        216   _printf_fp_dec.o
       764          8         38          0          0        100   _printf_fp_hex.o
       128         16          0          0          0         84   _printf_fp_infnan.o
         6          0          0          0          0          0   _printf_g.o
       148          4         40          0          0        160   _printf_hex_int_ll_ptr.o
         6          0          0          0          0          0   _printf_i.o
       178          0          0          0          0         88   _printf_intcommon.o
        10          0          0          0          0          0   _printf_l.o
         6          0          0          0          0          0   _printf_lc.o
        10          0          0          0          0          0   _printf_ll.o
         6          0          0          0          0          0   _printf_lld.o
         6          0          0          0          0          0   _printf_lli.o
         6          0          0          0          0          0   _printf_llo.o
         6          0          0          0          0          0   _printf_llu.o
         6          0          0          0          0          0   _printf_llx.o
       124         16          0          0          0         92   _printf_longlong_dec.o
         6          0          0          0          0          0   _printf_ls.o
         6          0          0          0          0          0   _printf_n.o
         6          0          0          0          0          0   _printf_o.o
       112         10          0          0          0        124   _printf_oct_int_ll.o
         6          0          0          0          0          0   _printf_p.o
        78          0          0          0          0        108   _printf_pad.o
         0          0          0          0          0          0   _printf_percent.o
         4          0          0          0          0          0   _printf_percent_end.o
         6          0          0          0          0          0   _printf_s.o
        82          0          0          0          0         80   _printf_str.o
        36          0          0          0          0         84   _printf_truncate.o
         6          0          0          0          0          0   _printf_u.o
        44          0          0          0          0        108   _printf_wchar.o
       188          6          8          0          0         92   _printf_wctomb.o
         6          0          0          0          0          0   _printf_x.o
        16          0          0          0          0         68   _snputc.o
        10          0          0          0          0         68   _sputc.o
        64          0          0          0          0         92   _wcrtomb.o
        22          0          0          0          0         80   abort.o
       128         42          0          0          0         76   assert.o
        20          0          0          0          0         76   assert_puts.o
       228          4        148          0          0         96   bigflt0.o
      1936        128          0          0          0        672   btod.o
        48         34          0          0          0         76   defsig_abrt_inner.o
        14          0          0          0          0         80   defsig_abrt_outer.o
        10          0          0          0          0         68   defsig_exit.o
        50          0          0          0          0         88   defsig_general.o
        18          0          0          0          0         80   exit.o
         6          0          0          0          0        152   heapauxi.o
         0          0          0          0          0          0   indicate_semi.o
        36         10          0          0          0         80   init_aeabi.o
        44         10        272          0          0         76   lc_ctype_c.o
        44         10         28          0          0         76   lc_numeric_c.o
         2          0          0          0          0          0   libinit.o
        38          0          0          0          0          0   libinit2.o
         2          0          0          0          0          0   libshutdown.o
         2          0          0          0          0          0   libshutdown2.o
         8          4          0          0         96         68   libspace.o
       138          0          0          0          0         80   lludiv10.o
       238          0          0          0          0        100   lludivv7m.o
        16          4          0          0          0         76   rt_ctype_table.o
         8          4          0          0          0         68   rt_locale_intlibspace.o
        78          0          0          0          0         80   rt_memclr_w.o
         2          0          0          0          0          0   rtexit.o
        10          0          0          0          0          0   rtexit2.o
       128          0          0          0          0         68   strcmpv7m.o
        62          0          0          0          0         76   strlen.o
       150          0          0          0          0         80   strncmp.o
        12          4          0          0          0         68   sys_exit.o
        74          0          0          0          0         80   sys_stackheap_outer.o
        14          0          0          0          0         76   sys_wrch.o
         2          0          0          0          0         68   use_no_semi.o
        52          4          0          0          0         80   vsnprintf.o
        12          0          0          0          0        116   dretinf.o
        86          4          0          0          0        132   f2d.o
       140          4          0          0          0        132   fnaninf.o
        10          0          0          0          0        116   fpinit.o
         4          0          0          0          0        116   printf1.o
         4          0          0          0          0        116   printf2.o
         0          0          0          0          0          0   usenofp.o
        48          0          0          0          0        124   fpclassify.o

    ----------------------------------------------------------------------
      7922        360        552          0         96       5852   Library Totals
        18          0          1          0          0          0   (incl. Padding)

    ----------------------------------------------------------------------

      Code (inc. data)   RO Data    RW Data    ZI Data      Debug   Library Name

      7600        352        551          0         96       5000   c_w.l
       256          8          0          0          0        728   fz_wm.l
        48          0          0          0          0        124   m_wm.l

    ----------------------------------------------------------------------
      7922        360        552          0         96       5852   Library Totals

    ----------------------------------------------------------------------

==============================================================================


      Code (inc. data)   RO Data    RW Data    ZI Data      Debug   

     33868       3768       5272        164      34484     943129   Grand Totals
     33868       3768       5272        164      34484     943129   ELF Image Totals
     33868       3768       5272        164          0          0   ROM Totals

==============================================================================

    Total RO  Size (Code + RO Data)                39140 (  38.22kB)
    Total RW  Size (RW Data + ZI Data)             34648 (  33.84kB)
    Total ROM Size (Code + RO Data + RW Data)      39304 (  38.38kB)

==============================================================================

