Component: ARM Compiler 5.06 update 5 (build 528) Tool: armlink [4d35e2]

==============================================================================

Section Cross References

    startup_stm32f407xx.o(STACK) refers (Special) to heapauxi.o(.text) for __use_two_region_memory
    startup_stm32f407xx.o(HEAP) refers (Special) to heapauxi.o(.text) for __use_two_region_memory
    startup_stm32f407xx.o(RESET) refers (Special) to heapauxi.o(.text) for __use_two_region_memory
    startup_stm32f407xx.o(RESET) refers to startup_stm32f407xx.o(STACK) for __initial_sp
    startup_stm32f407xx.o(RESET) refers to startup_stm32f407xx.o(.text) for Reset_Handler
    startup_stm32f407xx.o(RESET) refers to stm32f4xx_it.o(i.NMI_Handler) for NMI_Handler
    startup_stm32f407xx.o(RESET) refers to stm32f4xx_it.o(i.HardFault_Handler) for HardFault_Handler
    startup_stm32f407xx.o(RESET) refers to stm32f4xx_it.o(i.MemManage_Handler) for MemManage_Handler
    startup_stm32f407xx.o(RESET) refers to stm32f4xx_it.o(i.BusFault_Handler) for BusFault_Handler
    startup_stm32f407xx.o(RESET) refers to stm32f4xx_it.o(i.UsageFault_Handler) for UsageFault_Handler
    startup_stm32f407xx.o(RESET) refers to stm32f4xx_it.o(i.SVC_Handler) for SVC_Handler
    startup_stm32f407xx.o(RESET) refers to stm32f4xx_it.o(i.DebugMon_Handler) for DebugMon_Handler
    startup_stm32f407xx.o(RESET) refers to stm32f4xx_it.o(i.PendSV_Handler) for PendSV_Handler
    startup_stm32f407xx.o(RESET) refers to stm32f4xx_it.o(i.SysTick_Handler) for SysTick_Handler
    startup_stm32f407xx.o(RESET) refers to stm32f4xx_it.o(i.USART1_IRQHandler) for USART1_IRQHandler
    startup_stm32f407xx.o(RESET) refers to stm32f4xx_it.o(i.TIM6_DAC_IRQHandler) for TIM6_DAC_IRQHandler
    startup_stm32f407xx.o(.text) refers (Special) to heapauxi.o(.text) for __use_two_region_memory
    startup_stm32f407xx.o(.text) refers to system_stm32f4xx.o(i.SystemInit) for SystemInit
    startup_stm32f407xx.o(.text) refers to __main.o(!!!main) for __main
    startup_stm32f407xx.o(.text) refers to startup_stm32f407xx.o(HEAP) for Heap_Mem
    startup_stm32f407xx.o(.text) refers to startup_stm32f407xx.o(STACK) for Stack_Mem
    armlib_lock_glue.o(i.__armlib_thread_safety_init) refers to armlib_lock_glue.o(i.stm32_lock_acquire) for stm32_lock_acquire
    armlib_lock_glue.o(i.__armlib_thread_safety_init) refers to armlib_lock_glue.o(i.stm32_lock_release) for stm32_lock_release
    armlib_lock_glue.o(i.__armlib_thread_safety_init) refers to armlib_lock_glue.o(.data) for static_list_lock
    armlib_lock_glue.o(i.__armlib_thread_safety_init) refers to armlib_lock_glue.o(.bss) for static_lock
    armlib_lock_glue.o(i._mutex_acquire) refers to main.o(i.Error_Handler) for Error_Handler
    armlib_lock_glue.o(i._mutex_acquire) refers to armlib_lock_glue.o(i.stm32_lock_acquire) for stm32_lock_acquire
    armlib_lock_glue.o(i._mutex_acquire) refers to armlib_lock_glue.o(i.stm32_lock_release) for stm32_lock_release
    armlib_lock_glue.o(i._mutex_acquire) refers to armlib_lock_glue.o(.data) for static_list_lock
    armlib_lock_glue.o(i._mutex_free) refers to main.o(i.Error_Handler) for Error_Handler
    armlib_lock_glue.o(i._mutex_free) refers to armlib_lock_glue.o(i.stm32_lock_acquire) for stm32_lock_acquire
    armlib_lock_glue.o(i._mutex_free) refers to armlib_lock_glue.o(i.stm32_lock_release) for stm32_lock_release
    armlib_lock_glue.o(i._mutex_free) refers to armlib_lock_glue.o(.data) for static_list_lock
    armlib_lock_glue.o(i._mutex_initialize) refers to armlib_lock_glue.o(i.stm32_lock_acquire) for stm32_lock_acquire
    armlib_lock_glue.o(i._mutex_initialize) refers to main.o(i.Error_Handler) for Error_Handler
    armlib_lock_glue.o(i._mutex_initialize) refers to armlib_lock_glue.o(i.stm32_lock_release) for stm32_lock_release
    armlib_lock_glue.o(i._mutex_initialize) refers to armlib_lock_glue.o(.data) for static_list_lock
    armlib_lock_glue.o(i._mutex_initialize) refers to armlib_lock_glue.o(.bss) for static_lock
    armlib_lock_glue.o(i._mutex_release) refers to main.o(i.Error_Handler) for Error_Handler
    armlib_lock_glue.o(i._mutex_release) refers to armlib_lock_glue.o(i.stm32_lock_acquire) for stm32_lock_acquire
    armlib_lock_glue.o(i._mutex_release) refers to armlib_lock_glue.o(i.stm32_lock_release) for stm32_lock_release
    armlib_lock_glue.o(i._mutex_release) refers to armlib_lock_glue.o(.data) for static_list_lock
    armlib_lock_glue.o(i.stm32_lock_acquire) refers to main.o(i.Error_Handler) for Error_Handler
    armlib_lock_glue.o(i.stm32_lock_release) refers to main.o(i.Error_Handler) for Error_Handler
    armlib_lock_glue.o(.init_array) refers to armlib_lock_glue.o(i.__armlib_thread_safety_init) for __armlib_thread_safety_init
    armlib_lock_glue.o(.init_array) refers to init_aeabi.o(.text) for __cpp_initialize__aeabi_
    user_tim.o(i.HAL_TIM_PeriodElapsedCallback) refers to user_tim.o(.data) for sys_ticking
[...]
    HardFault_Handler                        0x08003bbb   Thumb Code     4  stm32f4xx_it.o(i.HardFault_Handler)
    MX_GPIO_Init                             0x08003f61   Thumb Code   192  gpio.o(i.MX_GPIO_Init)
    MX_I2C1_Init                             0x0800402d   Thumb Code    52  i2c.o(i.MX_I2C1_Init)
    MX_TIM6_Init                             0x0800406d   Thumb Code    66  tim.o(i.MX_TIM6_Init)
    MX_USART1_UART_Init                      0x080040b9   Thumb Code    46  usart.o(i.MX_USART1_UART_Init)
    MemManage_Handler                        0x080040f1   Thumb Code     4  stm32f4xx_it.o(i.MemManage_Handler)
    NMI_Handler                              0x080040f5   Thumb Code     4  stm32f4xx_it.o(i.NMI_Handler)
    OLED_Clear                               0x080040f9   Thumb Code    36  oled.o(i.OLED_Clear)
    OLED_ClearArea                           0x08004121   Thumb Code   140  oled.o(i.OLED_ClearArea)
    OLED_Init                                0x080041b1   Thumb Code   158  oled.o(i.OLED_Init)
    OLED_SetCursor                           0x0800424f   Thumb Code    34  oled.o(i.OLED_SetCursor)
    OLED_ShowChar                            0x08004271   Thumb Code    74  oled.o(i.OLED_ShowChar)
    OLED_ShowImage                           0x080042c5   Thumb Code   248  oled.o(i.OLED_ShowImage)
    OLED_ShowString                          0x080043c1   Thumb Code   262  oled.o(i.OLED_ShowString)
    OLED_Update                              0x080044d1   Thumb Code    36  oled.o(i.OLED_Update)
    OLED_WriteCommand                        0x080044f9   Thumb Code    32  oled.o(i.OLED_WriteCommand)
    OLED_WriteData                           0x0800451d   Thumb Code    28  oled.o(i.OLED_WriteData)
    PendSV_Handler                           0x0800453d   Thumb Code     2  stm32f4xx_it.o(i.PendSV_Handler)
    SVC_Handler                              0x0800453f   Thumb Code     2  stm32f4xx_it.o(i.SVC_Handler)
    SysTick_Handler                          0x08004541   Thumb Code     8  stm32f4xx_it.o(i.SysTick_Handler)
    SystemClock_Config                       0x08004549   Thumb Code   172  main.o(i.SystemClock_Config)
    SystemInit                               0x080045fd   Thumb Code    14  system_stm32f4xx.o(i.SystemInit)
    TIM6_DAC_IRQHandler                      0x08004611   Thumb Code    10  stm32f4xx_it.o(i.TIM6_DAC_IRQHandler)
    TIM_Base_SetConfig                       0x08004621   Thumb Code   186  stm32f4xx_hal_tim.o(i.TIM_Base_SetConfig)
    UART_Start_Receive_IT                    0x08004ad1   Thumb Code    64  stm32f4xx_hal_uart.o(i.UART_Start_Receive_IT)
    USART1_IRQHandler                        0x08004bfd   Thumb Code    14  stm32f4xx_it.o(i.USART1_IRQHandler)
    UsageFault_Handler                       0x08004c11   Thumb Code     4  stm32f4xx_it.o(i.UsageFault_Handler)
    __ARM_fpclassify                         0x08004c15   Thumb Code    48  fpclassify.o(i.__ARM_fpclassify)
    __armlib_thread_safety_init              0x08004c7d   Thumb Code    36  armlib_lock_glue.o(i.__armlib_thread_safety_init)
    _is_digit                                0x08004ca9   Thumb Code    14  __printf_wp.o(i._is_digit)
    _mutex_acquire                           0x08004cb9   Thumb Code    58  armlib_lock_glue.o(i._mutex_acquire)
    _mutex_free                              0x08004cf9   Thumb Code    56  armlib_lock_glue.o(i._mutex_free)
    _mutex_initialize                        0x08004d35   Thumb Code    96  armlib_lock_glue.o(i._mutex_initialize)
    _mutex_release                           0x08004d9d   Thumb Code    58  armlib_lock_glue.o(i._mutex_release)
    agencyshell_motor_pid_set_argument       0x08004e0d   Thumb Code    38  shell_cmd_export.o(i.agencyshell_motor_pid_set_argument)
    agencyshell_sovor_pid_set_argument       0x08004e33   Thumb Code    38  shell_cmd_export.o(i.agencyshell_sovor_pid_set_argument)
    btn_scan_tim_start                       0x080056b9   Thumb Code    22  multitimer_callback.o(i.btn_scan_tim_start)
    cJSON_InitHooks                          0x080056d9   Thumb Code    82  cjson.o(i.cJSON_InitHooks)
    cJSON_set_hook                           0x08005765   Thumb Code    18  cjson_porting.o(i.cJSON_set_hook)
    ccm_pool_init                            0x08005781   Thumb Code    18  tlsf_porting.o(i.ccm_pool_init)
    debug_printf                             0x080057d5   Thumb Code    52  user_usart.o(i.debug_printf)
    debug_shell_init                         0x0800580d   Thumb Code    32  letter_shell_porting.o(i.debug_shell_init)
    debug_usart_rec_start                    0x0800583d   Thumb Code    14  user_usart.o(i.debug_usart_rec_start)
    flex_button_register                     0x08005ad9   Thumb Code   118  flexible_button.o(i.flex_button_register)
    flex_button_scan                         0x08005b5d   Thumb Code    12  flexible_button.o(i.flex_button_scan)
    get_sys_time_base                        0x08005c35   Thumb Code     8  user_tim.o(i.get_sys_time_base)
    led_flicker_tim_start                    0x08005e55   Thumb Code    24  multitimer_callback.o(i.led_flicker_tim_start)
    letter_shell_tim_start                   0x08005e85   Thumb Code    22  multitimer_callback.o(i.letter_shell_tim_start)
    lw_queue_create                          0x08005ea5   Thumb Code    70  lw_queue.o(i.lw_queue_create)
    lw_queue_read                            0x08005eeb   Thumb Code    70  lw_queue.o(i.lw_queue_read)
    lw_queue_write                           0x08005f31   Thumb Code    48  lw_queue.o(i.lw_queue_write)
    lw_rb_create                             0x08005f61   Thumb Code    54  lw_rb.o(i.lw_rb_create)
    lw_rb_free                               0x08005f99   Thumb Code    16  lw_rb_porting.o(i.lw_rb_free)
    lw_rb_malloc                             0x08005fad   Thumb Code    16  lw_rb_porting.o(i.lw_rb_malloc)
    lw_rb_read                               0x08005fc1   Thumb Code    54  lw_rb.o(i.lw_rb_read)
    lw_rb_write                              0x08005ff7   Thumb Code    54  lw_rb.o(i.lw_rb_write)
    lwq_free                                 0x0800602d   Thumb Code    16  lw_queue_porting.o(i.lwq_free)
    lwq_malloc                               0x08006041   Thumb Code    16  lw_queue_porting.o(i.lwq_malloc)
    main                                     0x08006055   Thumb Code   142  main.o(i.main)
    menu_dispatch                            0x0800616b   Thumb Code   688  fsm_menu.o(i.menu_dispatch)
    menu_init                                0x0800641d   Thumb Code    24  fsm_menu.o(i.menu_init)
    motor_pid_init                           0x08006439   Thumb Code    84  gear_motor.o(i.motor_pid_init)
    multiTimerInstall                        0x080064b1   Thumb Code    18  multitimer.o(i.multiTimerInstall)
    multiTimerStart                          0x080064c9   Thumb Code   100  multitimer.o(i.multiTimerStart)
    multiTimerYield                          0x08006535   Thumb Code    92  multitimer.o(i.multiTimerYield)
    oled_update_tim_start                    0x080065b1   Thumb Code    22  multitimer_callback.o(i.oled_update_tim_start)
    pid_init                                 0x0800682d   Thumb Code    60  lw_pid.o(i.pid_init)
    pid_intergral_limit_enable               0x08006875   Thumb Code     8  lw_pid.o(i.pid_intergral_limit_enable)
    pid_output_limit_enable                  0x0800687d   Thumb Code     8  lw_pid.o(i.pid_output_limit_enable)
    pid_set_argument                         0x08006885   Thumb Code    14  lw_pid.o(i.pid_set_argument)
    pid_set_intergral_limit                  0x08006893   Thumb Code    10  lw_pid.o(i.pid_set_intergral_limit)
    pid_set_mode_fullscale                   0x0800689d   Thumb Code     8  lw_pid.o(i.pid_set_mode_fullscale)
    pid_set_mode_increment                   0x080068a5   Thumb Code     8  lw_pid.o(i.pid_set_mode_increment)
    pid_set_output_limit                     0x080068ad   Thumb Code    10  lw_pid.o(i.pid_set_output_limit)
    pid_set_target                           0x080068b7   Thumb Code     6  lw_pid.o(i.pid_set_target)
    shellBackspace                           0x08006aed   Thumb Code    14  shell.o(i.shellBackspace)
    shellCheckPermission                     0x08006b41   Thumb Code    54  shell.o(i.shellCheckPermission)
    shellClear                               0x08006b79   Thumb Code    22  shell.o(i.shellClear)
    shellClearCommandLine                    0x08006b95   Thumb Code    40  shell.o(i.shellClearCommandLine)
    shellCmds                                0x08006bbd   Thumb Code    18  shell.o(i.shellCmds)
    shellDelete                              0x08006bcf   Thumb Code    16  shell.o(i.shellDelete)
    shellDeleteByte                          0x08006bdf   Thumb Code   218  shell.o(i.shellDeleteByte)
    shellDeleteCommandLine                   0x08006cb9   Thumb Code    28  shell.o(i.shellDeleteCommandLine)
    shellDown                                0x08006cd9   Thumb Code    16  shell.o(i.shellDown)
    shellEnter                               0x08006ce9   Thumb Code    20  shell.o(i.shellEnter)
    shellExec                                0x08006cfd   Thumb Code   108  shell.o(i.shellExec)
    shellExtParsePara                        0x08006efd   Thumb Code    86  shell_ext.o(i.shellExtParsePara)
    shellExtRun                              0x08006fc1   Thumb Code   202  shell_ext.o(i.shellExtRun)
    shellGetCurrent                          0x08007141   Thumb Code    48  shell.o(i.shellGetCurrent)
    shellGetVarValue                         0x08007175   Thumb Code    84  shell.o(i.shellGetVarValue)
    shellHandler                             0x080071c9   Thumb Code   238  shell.o(i.shellHandler)
    shellHelp                                0x080072c1   Thumb Code    44  shell.o(i.shellHelp)
    shellInit                                0x08007429   Thumb Code   142  shell.o(i.shellInit)
    shellInsertByte                          0x080074c9   Thumb Code   212  shell.o(i.shellInsertByte)
    shellKeys                                0x080075a1   Thumb Code    18  shell.o(i.shellKeys)
    shellLeft                                0x080075b3   Thumb Code    26  shell.o(i.shellLeft)
    shellListAll                             0x080075cd   Thumb Code    12  shell.o(i.shellListAll)
    shellListCommand                         0x080075d9   Thumb Code    70  shell.o(i.shellListCommand)
    shellListItem                            0x08007625   Thumb Code   238  shell.o(i.shellListItem)
    shellListKey                             0x08007721   Thumb Code    84  shell.o(i.shellListKey)
    shellListUser                            0x08007779   Thumb Code    84  shell.o(i.shellListUser)
    shellListVar                             0x080077d1   Thumb Code    84  shell.o(i.shellListVar)
    shellNormalInput                         0x08007829   Thumb Code    28  shell.o(i.shellNormalInput)
    shellRight                               0x0800793b   Thumb Code    30  shell.o(i.shellRight)
    shellRunCommand                          0x08007959   Thumb Code   174  shell.o(i.shellRunCommand)
    shellSeekCommand                         0x08007a07   Thumb Code   122  shell.o(i.shellSeekCommand)
    shellSetVar                              0x08007add   Thumb Code   106  shell.o(i.shellSetVar)
    shellSetVarValue                         0x08007b4d   Thumb Code   140  shell.o(i.shellSetVarValue)
    shellTab                                 0x08007ce1   Thumb Code   342  shell.o(i.shellTab)
    shellToDec                               0x08007e41   Thumb Code    86  shell.o(i.shellToDec)
    shellToHex                               0x08007e97   Thumb Code    56  shell.o(i.shellToHex)
    shellUp                                  0x08007ecf   Thumb Code    14  shell.o(i.shellUp)
    shellUsers                               0x08007edd   Thumb Code    18  shell.o(i.shellUsers)
    shellVars                                0x08007eef   Thumb Code    18  shell.o(i.shellVars)
    shellWriteString                         0x080080e9   Thumb Code    48  shell.o(i.shellWriteString)
    shell_motor_pid_set_argument             0x08008119   Thumb Code    42  gear_motor.o(i.shell_motor_pid_set_argument)
    shell_motor_pid_show_argument            0x08008149   Thumb Code    94  gear_motor.o(i.shell_motor_pid_show_argument)
    shell_sovor_pid_set_argument             0x080081d1   Thumb Code    42  gear_motor.o(i.shell_sovor_pid_set_argument)
    shell_sovor_pid_show_argument            0x08008201   Thumb Code   104  gear_motor.o(i.shell_sovor_pid_show_argument)
    shell_task_handler                       0x08008299   Thumb Code    32  letter_shell_porting.o(i.shell_task_handler)
    sovor_pid_init                           0x080082c1   Thumb Code    64  gear_motor.o(i.sovor_pid_init)
    tlsf_add_pool                            0x08008391   Thumb Code   134  tlsf.o(i.tlsf_add_pool)
    tlsf_create                              0x08008417   Thumb Code    32  tlsf.o(i.tlsf_create)
    tlsf_create_with_pool                    0x08008437   Thumb Code    46  tlsf.o(i.tlsf_create_with_pool)
    tlsf_free                                0x08008491   Thumb Code    86  tlsf.o(i.tlsf_free)
    tlsf_malloc                              0x0800853d   Thumb Code    44  tlsf.o(i.tlsf_malloc)
    tlsf_pool_overhead                       0x08008569   Thumb Code     4  tlsf.o(i.tlsf_pool_overhead)
    tlsf_size                                0x0800856d   Thumb Code     6  tlsf.o(i.tlsf_size)
    user_btn_callback                        0x08008575   Thumb Code   372  flexbutton_callback.o(i.user_btn_callback)
    user_button_init                         0x08008909   Thumb Code   136  flexbutton_porting.o(i.user_button_init)
    user_led_toggle                          0x0800899d   Thumb Code    12  user_led.o(i.user_led_toggle)
    _get_lc_ctype                            0x080089ad   Thumb Code    44  lc_ctype_c.o(locale$$code)
    _get_lc_numeric                          0x080089d9   Thumb Code    44  lc_numeric_c.o(locale$$code)
    __fpl_dretinf                            0x08008a05   Thumb Code    12  dretinf.o(x$fpl$dretinf)
    __aeabi_f2d                              0x08008a11   Thumb Code     0  f2d.o(x$fpl$f2d)
    _f2d                                     0x08008a11   Thumb Code    86  f2d.o(x$fpl$f2d)
    __fpl_fnaninf                            0x08008a67   Thumb Code   140  fnaninf.o(x$fpl$fnaninf)
    _fp_init                                 0x08008af3   Thumb Code    10  fpinit.o(x$fpl$fpinit)
    __fplib_config_fpu_vfp                   0x08008afb   Thumb Code     0  fpinit.o(x$fpl$fpinit)
    __fplib_config_pureend_doubles           0x08008afb   Thumb Code     0  fpinit.o(x$fpl$fpinit)
    _printf_fp_dec                           0x08008afd   Thumb Code     4  printf1.o(x$fpl$printf1)
    _printf_fp_hex                           0x08008b01   Thumb Code     4  printf2.o(x$fpl$printf2)
    AHBPrescTable                            0x08008b04   Data          16  system_stm32f4xx.o(.constdata)
    __I$use$fp                               0x08008b04   Number         0  usenofp.o(x$fpl$usenofp)
    APBPrescTable                            0x08008b14   Data           8  system_stm32f4xx.o(.constdata)
    OLED_F8x16                               0x08008b1c   Data        1520  oled_data.o(.constdata)
    OLED_F6x8                                0x0800910c   Data         570  oled_data.o(.constdata)
    OLED_CF16x16                             0x08009346   Data         245  oled_data.o(.constdata)
    Diode                                    0x0800943b   Data          32  oled_data.o(.constdata)
    shellCmdDefaultUser                      0x0800945b   Data           7  shell.o(.constdata)
    shellPasswordDefaultUser                 0x08009462   Data           1  shell.o(.constdata)
    shellDesDefaultUser                      0x08009463   Data          13  shell.o(.constdata)
    shellCmdsetVar                           0x08009470   Data           7  shell.o(.constdata)
    shellDescsetVar                          0x08009477   Data           8  shell.o(.constdata)
    shellDesc0x1B5B4100                      0x0800947f   Data           3  shell.o(.constdata)
    shellDesc0x1B5B4200                      0x08009482   Data           5  shell.o(.constdata)
    shellDesc0x1B5B4300                      0x08009487   Data           6  shell.o(.constdata)
    shellDesc0x1B5B4400                      0x0800948d   Data           5  shell.o(.constdata)
    shellDesc0x09000000                      0x08009492   Data           4  shell.o(.constdata)
    shellDesc0x08000000                      0x08009496   Data          10  shell.o(.constdata)
    shellDesc0x7F000000                      0x080094a0   Data          10  shell.o(.constdata)
    shellDesc0x1B5B337E                      0x080094aa   Data           7  shell.o(.constdata)
    shellDesc0x0A000000                      0x080094b1   Data           6  shell.o(.constdata)
    shellDesc0x0D000000                      0x080094b7   Data           6  shell.o(.constdata)
    shellCmdhelp                             0x080094bd   Data           5  shell.o(.constdata)
    shellDeschelp                            0x080094c2   Data          30  shell.o(.constdata)
    shellCmdusers                            0x080094e0   Data           6  shell.o(.constdata)
    shellDescusers                           0x080094e6   Data          14  shell.o(.constdata)
    shellCmdcmds                             0x080094f4   Data           5  shell.o(.constdata)
    shellDesccmds                            0x080094f9   Data          13  shell.o(.constdata)
    shellCmdvars                             0x08009506   Data           5  shell.o(.constdata)
    shellDescvars                            0x0800950b   Data          13  shell.o(.constdata)
    shellCmdkeys                             0x08009518   Data           5  shell.o(.constdata)
    shellDesckeys                            0x0800951d   Data          13  shell.o(.constdata)
    shellCmdclear                            0x0800952a   Data           6  shell.o(.constdata)
    shellDescclear                           0x08009530   Data          14  shell.o(.constdata)
    shellCmdoled_show                        0x0800953e   Data          10  shell_cmd_export.o(.constdata)
    shellDescoled_show                       0x08009548   Data          22  shell_cmd_export.o(.constdata)
    shellCmdsovor_pid_show_argu              0x0800955e   Data          20  shell_cmd_export.o(.constdata)
    shellDescsovor_pid_show_argu             0x08009572   Data          38  shell_cmd_export.o(.constdata)
    shellCmdmotor_pid_show_argu              0x08009598   Data          20  shell_cmd_export.o(.constdata)
    shellDescmotor_pid_show_argu             0x080095ac   Data          38  shell_cmd_export.o(.constdata)
    shellCmdsovor_pid_set_argu               0x080095d2   Data          19  shell_cmd_export.o(.constdata)
    shellDescsovor_pid_set_argu              0x080095e5   Data          37  shell_cmd_export.o(.constdata)
    shellCmdmotor_pid_set_argu               0x0800960a   Data          19  shell_cmd_export.o(.constdata)
    shellDescmotor_pid_set_argu              0x0800961d   Data          37  shell_cmd_export.o(.constdata)
    Region$$Table$$Base                      0x08009b54   Number         0  anon$$obj.o(Region$$Table)
    Region$$Table$$Limit                     0x08009b74   Number         0  anon$$obj.o(Region$$Table)
    __ctype                                  0x08009b81   Data           0  lc_ctype_c.o(locale$$data)
    shellCommand$$Base                       0x08009ca0   Number         0  shell.o(shellCommand)
    shellUserDefault                         0x08009ca0   Data          16  shell.o(shellCommand)
    shellCommandsetVar                       0x08009cb0   Data          16  shell.o(shellCommand)
    shellKey0x1B5B4100                       0x08009cc0   Data          16  shell.o(shellCommand)
    shellKey0x1B5B4200                       0x08009cd0   Data          16  shell.o(shellCommand)
    shellKey0x1B5B4300                       0x08009ce0   Data          16  shell.o(shellCommand)
    shellKey0x1B5B4400                       0x08009cf0   Data          16  shell.o(shellCommand)
    shellKey0x09000000                       0x08009d00   Data          16  shell.o(shellCommand)
    shellKey0x08000000                       0x08009d10   Data          16  shell.o(shellCommand)
    shellKey0x7F000000                       0x08009d20   Data          16  shell.o(shellCommand)
    shellKey0x1B5B337E                       0x08009d30   Data          16  shell.o(shellCommand)
    shellKey0x0A000000                       0x08009d40   Data          16  shell.o(shellCommand)
    shellKey0x0D000000                       0x08009d50   Data          16  shell.o(shellCommand)
    shellCommandhelp                         0x08009d60   Data          16  shell.o(shellCommand)
    shellCommandusers                        0x08009d70   Data          16  shell.o(shellCommand)
    shellCommandcmds                         0x08009d80   Data          16  shell.o(shellCommand)
    shellCommandvars                         0x08009d90   Data          16  shell.o(shellCommand)
    shellCommandkeys                         0x08009da0   Data          16  shell.o(shellCommand)
    shellCommandclear                        0x08009db0   Data          16  shell.o(shellCommand)
    shellCommandoled_show                    0x08009dc0   Data          16  shell_cmd_export.o(shellCommand)
    shellCommandsovor_pid_show_argu          0x08009dd0   Data          16  shell_cmd_export.o(shellCommand)
    shellCommandmotor_pid_show_argu          0x08009de0   Data          16  shell_cmd_export.o(shellCommand)
    shellCommandsovor_pid_set_argu           0x08009df0   Data          16  shell_cmd_export.o(shellCommand)
    shellCommandmotor_pid_set_argu           0x08009e00   Data          16  shell_cmd_export.o(shellCommand)
    SHT$$INIT_ARRAY$$Base                    0x08009e10   Number         0  armlib_lock_glue.o(.init_array)
    shellCommand$$Limit                      0x08009e10   Number         0  shell_cmd_export.o(shellCommand)
    SHT$$INIT_ARRAY$$Limit                   0x08009e14   Number         0  init_aeabi.o(.init_array)
    OLED_DisplayBuf                          0x10007800   Data        1024  oled.o(.ARM.__AT_0x10007800)
    menu_fsm_msg                             0x20000018   Data           4  main.o(.data)
    que_menu_msg                             0x2000001c   Data           4  fsm_menu.o(.data)
    menu_fsm                                 0x20000020   Data           1  fsm_menu.o(.data)
    uwTick                                   0x20000024   Data           4  stm32f4xx_hal.o(.data)
    uwTickPrio                               0x20000028   Data           4  stm32f4xx_hal.o(.data)
    uwTickFreq                               0x2000002c   Data           1  stm32f4xx_hal.o(.data)
    SystemCoreClock                          0x20000030   Data           4  system_stm32f4xx.o(.data)
    g_logic_level                            0x20000038   Data           4  flexible_button.o(.data)
    g_btn_status_reg                         0x2000003c   Data           4  flexible_button.o(.data)
    debug_data_rb                            0x200000a0   Data           4  letter_shell_porting.o(.data)
    ccm_pool_manager                         0x200000a4   Data           4  tlsf_porting.o(.data)
    hi2c1                                    0x200000d4   Data          84  i2c.o(.bss)
    htim6                                    0x20000128   Data          72  tim.o(.bss)
    huart1                                   0x20000170   Data          72  usart.o(.bss)
    motor_pid                                0x200001b8   Data          56  gear_motor.o(.bss)
    sovor_pid                                0x200001f0   Data          56  gear_motor.o(.bss)
    user_button                              0x20000228   Data         112  flexbutton_porting.o(.bss)
    __libspace_start                         0x20000484   Data          96  libspace.o(.bss)
    __temporary_stack_top$libspace           0x200004e4   Data           0  libspace.o(.bss)



==============================================================================

Memory Map of the image

  Image Entry point : 0x08000189

  Load Region LR_IROM1 (Base: 0x08000000, Size: 0x00009ed0, Max: 0x00100000, ABSOLUTE)

    Execution Region ER_IROM1 (Exec base: 0x08000000, Load base: 0x08000000, Size: 0x00009e14, Max: 0x00100000, ABSOLUTE)

    Exec Addr    Load Addr    Size         Type   Attr      Idx    E Section Name        Object

    0x08000000   0x08000000   0x00000188   Data   RO            3    RESET               startup_stm32f407xx.o
    0x08000188   0x08000188   0x00000008   Code   RO         6474  * !!!main             c_w.l(__main.o)
    0x08000190   0x08000190   0x00000034   Code   RO         6995    !!!scatter          c_w.l(__scatter.o)
    0x080001c4   0x080001c4   0x0000001a   Code   RO         6997    !!handler_copy      c_w.l(__scatter_copy.o)
    0x080001de   0x080001de   0x00000002   PAD
    0x080001e0   0x080001e0   0x0000001c   Code   RO         6999    !!handler_zi        c_w.l(__scatter_zi.o)
    0x080001fc   0x080001fc   0x00000000   Code   RO         6453    .ARM.Collect$$_printf_percent$$00000000  c_w.l(_printf_percent.o)
    0x080001fc   0x080001fc   0x00000006   Code   RO         6615    .ARM.Collect$$_printf_percent$$00000001  c_w.l(_printf_n.o)
    0x08000202   0x08000202   0x00000006   Code   RO         6616    .ARM.Collect$$_printf_percent$$00000002  c_w.l(_printf_p.o)
    0x08000208   0x08000208   0x00000006   Code   RO         6619    .ARM.Collect$$_printf_percent$$00000003  c_w.l(_printf_f.o)
    0x0800020e   0x0800020e   0x00000006   Code   RO         6620    .ARM.Collect$$_printf_percent$$00000004  c_w.l(_printf_e.o)
    0x08000214   0x08000214   0x00000006   Code   RO         6452    .ARM.Collect$$_printf_percent$$00000005  c_w.l(_printf_g.o)
    0x0800021a   0x0800021a   0x00000006   Code   RO         6621    .ARM.Collect$$_printf_percent$$00000006  c_w.l(_printf_a.o)
    0x08000220   0x08000220   0x0000000a   Code   RO         6626    .ARM.Collect$$_printf_percent$$00000007  c_w.l(_printf_ll.o)
    0x0800022a   0x0800022a   0x00000006   Code   RO         6450    .ARM.Collect$$_printf_percent$$00000008  c_w.l(_printf_i.o)
    0x08000230   0x08000230   0x00000006   Code   RO         6451    .ARM.Collect$$_printf_percent$$00000009  c_w.l(_printf_d.o)
    0x08000236   0x08000236   0x00000006   Code   RO         6618    .ARM.Collect$$_printf_percent$$0000000A  c_w.l(_printf_u.o)
    0x0800023c   0x0800023c   0x00000006   Code   RO         6617    .ARM.Collect$$_printf_percent$$0000000B  c_w.l(_printf_o.o)
    0x08000242   0x08000242   0x00000006   Code   RO         6449    .ARM.Collect$$_printf_percent$$0000000C  c_w.l(_printf_x.o)
    0x08000248   0x08000248   0x00000006   Code   RO         6623    .ARM.Collect$$_printf_percent$$0000000D  c_w.l(_printf_lli.o)
    0x0800024e   0x0800024e   0x00000006   Code   RO         6624    .ARM.Collect$$_printf_percent$$0000000E  c_w.l(_printf_lld.o)
    0x08000254   0x08000254   0x00000006   Code   RO         6625    .ARM.Collect$$_printf_percent$$0000000F  c_w.l(_printf_llu.o)
    0x0800025a   0x0800025a   0x00000006   Code   RO         6630    .ARM.Collect$$_printf_percent$$00000010  c_w.l(_printf_llo.o)
    0x08000260   0x08000260   0x00000006   Code   RO         6631    .ARM.Collect$$_printf_percent$$00000011  c_w.l(_printf_llx.o)
    0x08000266   0x08000266   0x0000000a   Code   RO         6627    .ARM.Collect$$_printf_percent$$00000012  c_w.l(_printf_l.o)
    0x08000270   0x08000270   0x00000006   Code   RO         6613    .ARM.Collect$$_printf_percent$$00000013  c_w.l(_printf_c.o)
    0x08000276   0x08000276   0x00000006   Code   RO         6614    .ARM.Collect$$_printf_percent$$00000014  c_w.l(_printf_s.o)
    0x0800027c   0x0800027c   0x00000006   Code   RO         6628    .ARM.Collect$$_printf_percent$$00000015  c_w.l(_printf_lc.o)
    0x08000282   0x08000282   0x00000006   Code   RO         6629    .ARM.Collect$$_printf_percent$$00000016  c_w.l(_printf_ls.o)
    0x08000288   0x08000288   0x00000004   Code   RO         6622    .ARM.Collect$$_printf_percent$$00000017  c_w.l(_printf_percent_end.o)
    0x0800028c   0x0800028c   0x00000002   Code   RO         6906    .ARM.Collect$$libinit$$00000000  c_w.l(libinit.o)
    0x0800028e   0x0800028e   0x00000004   Code   RO         6646    .ARM.Collect$$libinit$$00000001  c_w.l(libinit2.o)
    0x08000292   0x08000292   0x00000000   Code   RO         6649    .ARM.Collect$$libinit$$00000004  c_w.l(libinit2.o)
    0x08000292   0x08000292   0x00000008   Code   RO         6650    .ARM.Collect$$libinit$$00000005  c_w.l(libinit2.o)
    0x0800029a   0x0800029a   0x00000000   Code   RO         6652    .ARM.Collect$$libinit$$0000000A  c_w.l(libinit2.o)
    0x0800029a   0x0800029a   0x00000000   Code   RO         6654    .ARM.Collect$$libinit$$0000000C  c_w.l(libinit2.o)
    0x0800029a   0x0800029a   0x00000000   Code   RO         6656    .ARM.Collect$$libinit$$0000000E  c_w.l(libinit2.o)
    0x0800029a   0x0800029a   0x00000006   Code   RO         6657    .ARM.Collect$$libinit$$0000000F  c_w.l(libinit2.o)
    0x080002a0   0x080002a0   0x00000000   Code   RO         6659    .ARM.Collect$$libinit$$00000011  c_w.l(libinit2.o)
    0x080002a0   0x080002a0   0x0000000c   Code   RO         6660    .ARM.Collect$$libinit$$00000012  c_w.l(libinit2.o)
    0x080002ac   0x080002ac   0x00000000   Code   RO         6661    .ARM.Collect$$libinit$$00000013  c_w.l(libinit2.o)
    0x080002ac   0x080002ac   0x00000000   Code   RO         6663    .ARM.Collect$$libinit$$00000015  c_w.l(libinit2.o)
    0x080002ac   0x080002ac   0x0000000a   Code   RO         6664    .ARM.Collect$$libinit$$00000016  c_w.l(libinit2.o)
    0x080002b6   0x080002b6   0x00000000   Code   RO         6665    .ARM.Collect$$libinit$$00000017  c_w.l(libinit2.o)
    0x080002b6   0x080002b6   0x00000000   Code   RO         6667    .ARM.Collect$$libinit$$00000019  c_w.l(libinit2.o)
    0x080002b6   0x080002b6   0x00000000   Code   RO         6669    .ARM.Collect$$libinit$$0000001B  c_w.l(libinit2.o)
    0x080002b6   0x080002b6   0x00000000   Code   RO         6671    .ARM.Collect$$libinit$$0000001D  c_w.l(libinit2.o)
    0x080002b6   0x080002b6   0x00000000   Code   RO         6673    .ARM.Collect$$libinit$$0000001F  c_w.l(libinit2.o)
    0x080002b6   0x080002b6   0x00000000   Code   RO         6675    .ARM.Collect$$libinit$$00000021  c_w.l(libinit2.o)
    0x080002b6   0x080002b6   0x00000000   Code   RO         6677    .ARM.Collect$$libinit$$00000023  c_w.l(libinit2.o)
    0x080002b6   0x080002b6   0x00000000   Code   RO         6679    .ARM.Collect$$libinit$$00000025  c_w.l(libinit2.o)
    0x080002b6   0x080002b6   0x00000000   Code   RO         6683    .ARM.Collect$$libinit$$0000002C  c_w.l(libinit2.o)
    0x080002b6   0x080002b6   0x00000000   Code   RO         6685    .ARM.Collect$$libinit$$0000002E  c_w.l(libinit2.o)
    0x080002b6   0x080002b6   0x00000000   Code   RO         6687    .ARM.Collect$$libinit$$00000030  c_w.l(libinit2.o)
    0x080002b6   0x080002b6   0x00000004   Code   RO         6688    .ARM.Collect$$libinit$$00000031  c_w.l(libinit2.o)
    0x080002ba   0x080002ba   0x00000000   Code   RO         6689    .ARM.Collect$$libinit$$00000032  c_w.l(libinit2.o)
    0x080002ba   0x080002ba   0x00000002   Code   RO         6690    .ARM.Collect$$libinit$$00000033  c_w.l(libinit2.o)
    0x080002bc   0x080002bc   0x00000002   Code   RO         6986    .ARM.Collect$$libshutdown$$00000000  c_w.l(libshutdown.o)
    0x080002be   0x080002be   0x00000000   Code   RO         6930    .ARM.Collect$$libshutdown$$00000002  c_w.l(libshutdown2.o)
    0x080002be   0x080002be   0x00000000   Code   RO         6932    .ARM.Collect$$libshutdown$$00000004  c_w.l(libshutdown2.o)
    0x080002be   0x080002be   0x00000000   Code   RO         6935    .ARM.Collect$$libshutdown$$00000007  c_w.l(libshutdown2.o)
    0x080002be   0x080002be   0x00000000   Code   RO         6938    .ARM.Collect$$libshutdown$$0000000A  c_w.l(libshutdown2.o)
    0x080002be   0x080002be   0x00000000   Code   RO         6940    .ARM.Collect$$libshutdown$$0000000C  c_w.l(libshutdown2.o)
    0x080002be   0x080002be   0x00000004   Code   RO         6941    .ARM.Collect$$libshutdown$$0000000D  c_w.l(libshutdown2.o)
    0x080002c2   0x080002c2   0x00000000   Code   RO         6943    .ARM.Collect$$libshutdown$$0000000F  c_w.l(libshutdown2.o)
    0x080002c2   0x080002c2   0x00000002   Code   RO         6944    .ARM.Collect$$libshutdown$$00000010  c_w.l(libshutdown2.o)
    0x080002c4   0x080002c4   0x00000000   Code   RO         6552    .ARM.Collect$$rtentry$$00000000  c_w.l(__rtentry.o)
    0x080002c4   0x080002c4   0x00000000   Code   RO         6749    .ARM.Collect$$rtentry$$00000002  c_w.l(__rtentry2.o)
    0x080002c4   0x080002c4   0x00000006   Code   RO         6761    .ARM.Collect$$rtentry$$00000004  c_w.l(__rtentry4.o)
    0x080002ca   0x080002ca   0x00000000   Code   RO         6751    .ARM.Collect$$rtentry$$00000009  c_w.l(__rtentry2.o)
    0x080002ca   0x080002ca   0x00000004   Code   RO         6752    .ARM.Collect$$rtentry$$0000000A  c_w.l(__rtentry2.o)
    0x080002ce   0x080002ce   0x00000000   Code   RO         6754    .ARM.Collect$$rtentry$$0000000C  c_w.l(__rtentry2.o)
    0x080002ce   0x080002ce   0x00000008   Code   RO         6755    .ARM.Collect$$rtentry$$0000000D  c_w.l(__rtentry2.o)
    0x080002d6   0x080002d6   0x00000002   Code   RO         6913    .ARM.Collect$$rtexit$$00000000  c_w.l(rtexit.o)
    0x080002d8   0x080002d8   0x00000000   Code   RO         6962    .ARM.Collect$$rtexit$$00000002  c_w.l(rtexit2.o)
    0x080002d8   0x080002d8   0x00000004   Code   RO         6963    .ARM.Collect$$rtexit$$00000003  c_w.l(rtexit2.o)
    0x080002dc   0x080002dc   0x00000006   Code   RO         6964    .ARM.Collect$$rtexit$$00000004  c_w.l(rtexit2.o)
    0x080002e2   0x080002e2   0x00000002   PAD
    0x080002e4   0x080002e4   0x00000000   Code   RO         6778    .emb_text           c_w.l(maybetermalloc2.o)
    0x080002e4   0x080002e4   0x00000040   Code   RO            4    .text               startup_stm32f407xx.o
    0x08000324   0x08000324   0x0000009e   Code   RO         6334    .text               c_w.l(h1_alloc_mt.o)
    0x080003c2   0x080003c2   0x00000076   Code   RO         6336    .text               c_w.l(h1_free_mt.o)
    0x08000438   0x08000438   0x000000ea   Code   RO         6338    .text               c_w.l(h1_realloc_mt.o)
    0x08000522   0x08000522   0x000000ee   Code   RO         6390    .text               c_w.l(lludivv7m.o)
    0x08000610   0x08000610   0x00000034   Code   RO         6396    .text               c_w.l(vsnprintf.o)
    0x08000644   0x08000644   0x0000004e   Code   RO         6404    .text               c_w.l(_printf_pad.o)
    0x08000692   0x08000692   0x00000002   PAD
    0x08000694   0x08000694   0x00000078   Code   RO         6406    .text               c_w.l(_printf_dec.o)
    0x0800070c   0x0800070c   0x00000094   Code   RO         6426    .text               c_w.l(_printf_hex_int_ll_ptr.o)
    0x080007a0   0x080007a0   0x00000188   Code   RO         6446    .text               c_w.l(__printf_flags_ss_wp.o)
    0x08000928   0x08000928   0x00000080   Code   RO         6456    .text               c_w.l(assert.o)
    0x080009a8   0x080009a8   0x0000003e   Code   RO         6460    .text               c_w.l(strlen.o)
    0x080009e6   0x080009e6   0x00000096   Code   RO         6462    .text               c_w.l(strncmp.o)
    0x08000a7c   0x08000a7c   0x00000064   Code   RO         6466    .text               c_w.l(rt_memcpy_w.o)
    0x08000ae0   0x08000ae0   0x0000004e   Code   RO         6468    .text               c_w.l(rt_memclr_w.o)
    0x08000b2e   0x08000b2e   0x00000002   PAD
    0x08000b30   0x08000b30   0x00000080   Code   RO         6470    .text               c_w.l(strcmpv7m.o)
    0x08000bb0   0x08000bb0   0x00000006   Code   RO         6472    .text               c_w.l(heapauxi.o)
    0x08000bb6   0x08000bb6   0x00000002   PAD
    0x08000bb8   0x08000bb8   0x00000024   Code   RO         6479    .text               c_w.l(init_aeabi.o)
    0x08000bdc   0x08000bdc   0x00000010   Code   RO         6553    .text               c_w.l(rt_ctype_table.o)
    0x08000bec   0x08000bec   0x00000008   Code   RO         6562    .text               c_w.l(rt_heap_descriptor_intlibspace.o)
    0x08000bf4   0x08000bf4   0x00000004   Code   RO         6564    .text               c_w.l(hguard.o)
    0x08000bf8   0x08000bf8   0x0000008a   Code   RO         6566    .text               c_w.l(init_alloc.o)
    0x08000c82   0x08000c82   0x00000012   Code   RO         6572    .text               c_w.l(h1_init_mt.o)
    0x08000c94   0x08000c94   0x00000024   Code   RO         6586    .text               c_w.l(_printf_truncate.o)
    0x08000cb8   0x08000cb8   0x00000052   Code   RO         6588    .text               c_w.l(_printf_str.o)
    0x08000d0a   0x08000d0a   0x000000b2   Code   RO         6590    .text               c_w.l(_printf_intcommon.o)
    0x08000dbc   0x08000dbc   0x00000028   Code   RO         6592    .text               c_w.l(_printf_charcount.o)
    0x08000de4   0x08000de4   0x0000041e   Code   RO         6594    .text               c_w.l(_printf_fp_dec.o)
    0x08001202   0x08001202   0x00000002   PAD
    0x08001204   0x08001204   0x00000030   Code   RO         6596    .text               c_w.l(_printf_char_common.o)
    0x08001234   0x08001234   0x0000000a   Code   RO         6598    .text               c_w.l(_sputc.o)
    0x0800123e   0x0800123e   0x00000010   Code   RO         6600    .text               c_w.l(_snputc.o)
    0x0800124e   0x0800124e   0x00000002   PAD
    0x08001250   0x08001250   0x000000bc   Code   RO         6602    .text               c_w.l(_printf_wctomb.o)
    0x0800130c   0x0800130c   0x0000007c   Code   RO         6605    .text               c_w.l(_printf_longlong_dec.o)
    0x08001388   0x08001388   0x00000070   Code   RO         6611    .text               c_w.l(_printf_oct_int_ll.o)
    0x080013f8   0x080013f8   0x00000016   Code   RO         6640    .text               c_w.l(abort.o)
    0x0800140e   0x0800140e   0x00000014   Code   RO         6642    .text               c_w.l(assert_puts.o)
    0x08001422   0x08001422   0x0000000e   Code   RO         6739    .text               c_w.l(sys_wrch.o)
    0x08001430   0x08001430   0x0000000c   Code   RO         6743    .text               c_w.l(sys_exit.o)
    0x0800143c   0x0800143c   0x00000008   Code   RO         6745    .text               c_w.l(libspace.o)
    0x08001444   0x08001444   0x00000008   Code   RO         6768    .text               c_w.l(rt_locale_intlibspace.o)
    0x0800144c   0x0800144c   0x0000003e   Code   RO         6781    .text               c_w.l(h1_extend_mt.o)
    0x0800148a   0x0800148a   0x0000008a   Code   RO         6783    .text               c_w.l(lludiv10.o)
    0x08001514   0x08001514   0x000002fc   Code   RO         6787    .text               c_w.l(_printf_fp_hex.o)
    0x08001810   0x08001810   0x00000080   Code   RO         6790    .text               c_w.l(_printf_fp_infnan.o)
    0x08001890   0x08001890   0x0000002c   Code   RO         6794    .text               c_w.l(_printf_char.o)
    0x080018bc   0x080018bc   0x0000002c   Code   RO         6796    .text               c_w.l(_printf_wchar.o)
    0x080018e8   0x080018e8   0x000000e4   Code   RO         6800    .text               c_w.l(bigflt0.o)
    0x080019cc   0x080019cc   0x00000040   Code   RO         6825    .text               c_w.l(_wcrtomb.o)
    0x08001a0c   0x08001a0c   0x0000000e   Code   RO         6833    .text               c_w.l(defsig_abrt_outer.o)
    0x08001a1a   0x08001a1a   0x0000000e   Code   RO         6837    .text               c_w.l(defsig_rtmem_outer.o)
    0x08001a28   0x08001a28   0x00000002   Code   RO         6872    .text               c_w.l(use_no_semi.o)
    0x08001a2a   0x08001a2a   0x00000000   Code   RO         6874    .text               c_w.l(indicate_semi.o)
    0x08001a2a   0x08001a2a   0x0000004a   Code   RO         6875    .text               c_w.l(sys_stackheap_outer.o)
    0x08001a74   0x08001a74   0x00000010   Code   RO         6879    .text               c_w.l(term_alloc.o)
    0x08001a84   0x08001a84   0x00000012   Code   RO         6885    .text               c_w.l(exit.o)
    0x08001a96   0x08001a96   0x0000000a   Code   RO         6887    .text               c_w.l(defsig_exit.o)
    0x08001aa0   0x08001aa0   0x00000030   Code   RO         6889    .text               c_w.l(defsig_abrt_inner.o)
    0x08001ad0   0x08001ad0   0x00000050   Code   RO         6895    .text               c_w.l(defsig_rtmem_inner.o)
    0x08001b20   0x08001b20   0x0000000a   Code   RO         6917    .text               c_w.l(h1_final_mt.o)
    0x08001b2a   0x08001b2a   0x00000032   Code   RO         6925    .text               c_w.l(defsig_general.o)
    0x08001b5c   0x08001b5c   0x0000003e   Code   RO         6803    CL$$btod_d2e        c_w.l(btod.o)
    0x08001b9a   0x08001b9a   0x00000046   Code   RO         6805    CL$$btod_d2e_denorm_low  c_w.l(btod.o)
    0x08001be0   0x08001be0   0x00000060   Code   RO         6804    CL$$btod_d2e_norm_op1  c_w.l(btod.o)
    0x08001c40   0x08001c40   0x00000338   Code   RO         6813    CL$$btod_div_common  c_w.l(btod.o)
    0x08001f78   0x08001f78   0x000000dc   Code   RO         6810    CL$$btod_e2e        c_w.l(btod.o)
    0x08002054   0x08002054   0x0000002a   Code   RO         6807    CL$$btod_ediv       c_w.l(btod.o)
    0x0800207e   0x0800207e   0x0000002a   Code   RO         6806    CL$$btod_emul       c_w.l(btod.o)
    0x080020a8   0x080020a8   0x00000244   Code   RO         6812    CL$$btod_mult_common  c_w.l(btod.o)
    0x080022ec   0x080022ec   0x00000004   Code   RO          546    i.BusFault_Handler  stm32f4xx_it.o
    0x080022f0   0x080022f0   0x00000034   Code   RO          229    i.DEBUG_UART_RxCallback  user_usart.o
    0x08002324   0x08002324   0x00000002   Code   RO          547    i.DebugMon_Handler  stm32f4xx_it.o
    0x08002326   0x08002326   0x00000006   Code   RO          291    i.Error_Handler     main.o
    0x0800232c   0x0800232c   0x000000ac   Code   RO         1739    i.HAL_DMA_Abort     stm32f4xx_hal_dma.o
    0x080023d8   0x080023d8   0x00000028   Code   RO         1740    i.HAL_DMA_Abort_IT  stm32f4xx_hal_dma.o
    0x08002400   0x08002400   0x00000028   Code   RO         2181    i.HAL_Delay         stm32f4xx_hal.o
    0x08002428   0x08002428   0x000001f4   Code   RO         1632    i.HAL_GPIO_Init     stm32f4xx_hal_gpio.o
    0x0800261c   0x0800261c   0x00000010   Code   RO         1634    i.HAL_GPIO_ReadPin  stm32f4xx_hal_gpio.o
    0x0800262c   0x0800262c   0x00000014   Code   RO         1635    i.HAL_GPIO_TogglePin  stm32f4xx_hal_gpio.o
    0x08002640   0x08002640   0x0000000c   Code   RO         1636    i.HAL_GPIO_WritePin  stm32f4xx_hal_gpio.o
    0x0800264c   0x0800264c   0x0000000c   Code   RO         2187    i.HAL_GetTick       stm32f4xx_hal.o
    0x08002658   0x08002658   0x000001d0   Code   RO          748    i.HAL_I2C_Init      stm32f4xx_hal_i2c.o
    0x08002828   0x08002828   0x00000164   Code   RO          769    i.HAL_I2C_Mem_Write  stm32f4xx_hal_i2c.o
    0x0800298c   0x0800298c   0x00000088   Code   RO          421    i.HAL_I2C_MspInit   i2c.o
    0x08002a14   0x08002a14   0x00000018   Code   RO         2193    i.HAL_IncTick       stm32f4xx_hal.o
    0x08002a2c   0x08002a2c   0x0000003c   Code   RO         2194    i.HAL_Init          stm32f4xx_hal.o
    0x08002a68   0x08002a68   0x0000004c   Code   RO         2195    i.HAL_InitTick      stm32f4xx_hal.o
    0x08002ab4   0x08002ab4   0x00000050   Code   RO          634    i.HAL_MspInit       stm32f4xx_hal_msp.o
    0x08002b04   0x08002b04   0x00000028   Code   RO         2024    i.HAL_NVIC_EnableIRQ  stm32f4xx_hal_cortex.o
    0x08002b2c   0x08002b2c   0x0000007c   Code   RO         2030    i.HAL_NVIC_SetPriority  stm32f4xx_hal_cortex.o
    0x08002ba8   0x08002ba8   0x00000028   Code   RO         2031    i.HAL_NVIC_SetPriorityGrouping  stm32f4xx_hal_cortex.o
    0x08002bd0   0x08002bd0   0x00000184   Code   RO         1233    i.HAL_RCC_ClockConfig  stm32f4xx_hal_rcc.o
    0x08002d54   0x08002d54   0x0000000c   Code   RO         1238    i.HAL_RCC_GetHCLKFreq  stm32f4xx_hal_rcc.o
    0x08002d60   0x08002d60   0x00000020   Code   RO         1240    i.HAL_RCC_GetPCLK1Freq  stm32f4xx_hal_rcc.o
    0x08002d80   0x08002d80   0x00000020   Code   RO         1241    i.HAL_RCC_GetPCLK2Freq  stm32f4xx_hal_rcc.o
    0x08002da0   0x08002da0   0x000000b0   Code   RO         1242    i.HAL_RCC_GetSysClockFreq  stm32f4xx_hal_rcc.o
    0x08002e50   0x08002e50   0x0000049c   Code   RO         1245    i.HAL_RCC_OscConfig  stm32f4xx_hal_rcc.o
    0x080032ec   0x080032ec   0x00000034   Code   RO         2035    i.HAL_SYSTICK_Config  stm32f4xx_hal_cortex.o
    0x08003320   0x08003320   0x00000002   Code   RO         3149    i.HAL_TIMEx_BreakCallback  stm32f4xx_hal_tim_ex.o
    0x08003322   0x08003322   0x00000002   Code   RO         3150    i.HAL_TIMEx_CommutCallback  stm32f4xx_hal_tim_ex.o
    0x08003324   0x08003324   0x000000b4   Code   RO         3168    i.HAL_TIMEx_MasterConfigSynchronization  stm32f4xx_hal_tim_ex.o
    0x080033d8   0x080033d8   0x00000066   Code   RO         2434    i.HAL_TIM_Base_Init  stm32f4xx_hal_tim.o
    0x0800343e   0x0800343e   0x00000002   PAD
    0x08003440   0x08003440   0x00000048   Code   RO          463    i.HAL_TIM_Base_MspInit  tim.o
    0x08003488   0x08003488   0x000000a8   Code   RO         2439    i.HAL_TIM_Base_Start_IT  stm32f4xx_hal_tim.o
    0x08003530   0x08003530   0x00000002   Code   RO         2468    i.HAL_TIM_IC_CaptureCallback  stm32f4xx_hal_tim.o
    0x08003532   0x08003532   0x0000016c   Code   RO         2482    i.HAL_TIM_IRQHandler  stm32f4xx_hal_tim.o
    0x0800369e   0x0800369e   0x00000002   Code   RO         2485    i.HAL_TIM_OC_DelayElapsedCallback  stm32f4xx_hal_tim.o
    0x080036a0   0x080036a0   0x00000002   Code   RO         2512    i.HAL_TIM_PWM_PulseFinishedCallback  stm32f4xx_hal_tim.o
    0x080036a2   0x080036a2   0x00000002   PAD
    0x080036a4   0x080036a4   0x00000028   Code   RO           97    i.HAL_TIM_PeriodElapsedCallback  user_tim.o
    0x080036cc   0x080036cc   0x00000002   Code   RO         2525    i.HAL_TIM_TriggerCallback  stm32f4xx_hal_tim.o
    0x080036ce   0x080036ce   0x00000002   Code   RO         3428    i.HAL_UARTEx_RxEventCallback  stm32f4xx_hal_uart.o
    0x080036d0   0x080036d0   0x00000002   Code   RO         3442    i.HAL_UART_ErrorCallback  stm32f4xx_hal_uart.o
    0x080036d2   0x080036d2   0x00000002   PAD
    0x080036d4   0x080036d4   0x000002e8   Code   RO         3445    i.HAL_UART_IRQHandler  stm32f4xx_hal_uart.o
    0x080039bc   0x080039bc   0x00000076   Code   RO         3446    i.HAL_UART_Init     stm32f4xx_hal_uart.o
    0x08003a32   0x08003a32   0x00000002   PAD
    0x08003a34   0x08003a34   0x00000098   Code   RO          505    i.HAL_UART_MspInit  usart.o
    0x08003acc   0x08003acc   0x0000002c   Code   RO         3451    i.HAL_UART_Receive_IT  stm32f4xx_hal_uart.o
    0x08003af8   0x08003af8   0x00000002   Code   RO         3452    i.HAL_UART_RxCpltCallback  stm32f4xx_hal_uart.o
    0x08003afa   0x08003afa   0x000000be   Code   RO         3454    i.HAL_UART_Transmit  stm32f4xx_hal_uart.o
    0x08003bb8   0x08003bb8   0x00000002   Code   RO         3457    i.HAL_UART_TxCpltCallback  stm32f4xx_hal_uart.o
    0x08003bba   0x08003bba   0x00000004   Code   RO          548    i.HardFault_Handler  stm32f4xx_it.o
    0x08003bbe   0x08003bbe   0x0000003e   Code   RO          792    i.I2C_IsAcknowledgeFailed  stm32f4xx_hal_i2c.o
    0x08003bfc   0x08003bfc   0x000000e0   Code   RO          804    i.I2C_RequestMemoryWrite  stm32f4xx_hal_i2c.o
    0x08003cdc   0x08003cdc   0x00000066   Code   RO          812    i.I2C_WaitOnBTFFlagUntilTimeout  stm32f4xx_hal_i2c.o
    0x08003d42   0x08003d42   0x000000be   Code   RO          813    i.I2C_WaitOnFlagUntilTimeout  stm32f4xx_hal_i2c.o
    0x08003e00   0x08003e00   0x000000fa   Code   RO          814    i.I2C_WaitOnMasterAddressFlagUntilTimeout  stm32f4xx_hal_i2c.o
    0x08003efa   0x08003efa   0x00000066   Code   RO          818    i.I2C_WaitOnTXEFlagUntilTimeout  stm32f4xx_hal_i2c.o
    0x08003f60   0x08003f60   0x000000cc   Code   RO          396    i.MX_GPIO_Init      gpio.o
    0x0800402c   0x0800402c   0x00000040   Code   RO          422    i.MX_I2C1_Init      i2c.o
    0x0800406c   0x0800406c   0x0000004c   Code   RO          464    i.MX_TIM6_Init      tim.o
    0x080040b8   0x080040b8   0x00000038   Code   RO          506    i.MX_USART1_UART_Init  usart.o
    0x080040f0   0x080040f0   0x00000004   Code   RO          549    i.MemManage_Handler  stm32f4xx_it.o
    0x080040f4   0x080040f4   0x00000004   Code   RO          550    i.NMI_Handler       stm32f4xx_it.o
    0x080040f8   0x080040f8   0x00000028   Code   RO         3826    i.OLED_Clear        oled.o
    0x08004120   0x08004120   0x00000090   Code   RO         3827    i.OLED_ClearArea    oled.o
    0x080041b0   0x080041b0   0x0000009e   Code   RO         3836    i.OLED_Init         oled.o
    0x0800424e   0x0800424e   0x00000022   Code   RO         3842    i.OLED_SetCursor    oled.o
    0x08004270   0x08004270   0x00000054   Code   RO         3844    i.OLED_ShowChar     oled.o
    0x080042c4   0x080042c4   0x000000fc   Code   RO         3847    i.OLED_ShowImage    oled.o
    0x080043c0   0x080043c0   0x00000110   Code   RO         3850    i.OLED_ShowString   oled.o
    0x080044d0   0x080044d0   0x00000028   Code   RO         3851    i.OLED_Update       oled.o
    0x080044f8   0x080044f8   0x00000024   Code   RO         3853    i.OLED_WriteCommand  oled.o
    0x0800451c   0x0800451c   0x00000020   Code   RO         3854    i.OLED_WriteData    oled.o
    0x0800453c   0x0800453c   0x00000002   Code   RO          551    i.PendSV_Handler    stm32f4xx_it.o
    0x0800453e   0x0800453e   0x00000002   Code   RO          552    i.SVC_Handler       stm32f4xx_it.o
    0x08004540   0x08004540   0x00000008   Code   RO          553    i.SysTick_Handler   stm32f4xx_it.o
    0x08004548   0x08004548   0x000000b4   Code   RO          292    i.SystemClock_Config  main.o
    0x080045fc   0x080045fc   0x00000014   Code   RO         3790    i.SystemInit        system_stm32f4xx.o
    0x08004610   0x08004610   0x00000010   Code   RO          554    i.TIM6_DAC_IRQHandler  stm32f4xx_it.o
    0x08004620   0x08004620   0x000000e8   Code   RO         2527    i.TIM_Base_SetConfig  stm32f4xx_hal_tim.o
    0x08004708   0x08004708   0x00000014   Code   RO         3459    i.UART_DMAAbortOnError  stm32f4xx_hal_uart.o
    0x0800471c   0x0800471c   0x0000006c   Code   RO         3469    i.UART_EndRxTransfer  stm32f4xx_hal_uart.o
    0x08004788   0x08004788   0x00000020   Code   RO         3470    i.UART_EndTransmit_IT  stm32f4xx_hal_uart.o
    0x080047a8   0x080047a8   0x000000fc   Code   RO         3472    i.UART_Receive_IT   stm32f4xx_hal_uart.o
    0x080048a4   0x080048a4   0x0000022c   Code   RO         3473    i.UART_SetConfig    stm32f4xx_hal_uart.o
    0x08004ad0   0x08004ad0   0x00000040   Code   RO         3475    i.UART_Start_Receive_IT  stm32f4xx_hal_uart.o
    0x08004b10   0x08004b10   0x00000060   Code   RO         3476    i.UART_Transmit_IT  stm32f4xx_hal_uart.o
    0x08004b70   0x08004b70   0x0000008c   Code   RO         3477    i.UART_WaitOnFlagUntilTimeout  stm32f4xx_hal_uart.o
    0x08004bfc   0x08004bfc   0x00000014   Code   RO          555    i.USART1_IRQHandler  stm32f4xx_it.o
    0x08004c10   0x08004c10   0x00000004   Code   RO          556    i.UsageFault_Handler  stm32f4xx_it.o
    0x08004c14   0x08004c14   0x00000030   Code   RO         6860    i.__ARM_fpclassify  m_wm.l(fpclassify.o)
    0x08004c44   0x08004c44   0x00000010   Code   RO         2037    i.__NVIC_GetPriorityGrouping  stm32f4xx_hal_cortex.o
    0x08004c54   0x08004c54   0x00000028   Code   RO         2038    i.__NVIC_SetPriority  stm32f4xx_hal_cortex.o
    0x08004c7c   0x08004c7c   0x0000002c   Code   RO           14    i.__armlib_thread_safety_init  armlib_lock_glue.o
    0x08004ca8   0x08004ca8   0x0000000e   Code   RO         6439    i._is_digit         c_w.l(__printf_wp.o)
    0x08004cb6   0x08004cb6   0x00000002   PAD
    0x08004cb8   0x08004cb8   0x00000040   Code   RO           15    i._mutex_acquire    armlib_lock_glue.o
    0x08004cf8   0x08004cf8   0x0000003c   Code   RO           16    i._mutex_free       armlib_lock_glue.o
    0x08004d34   0x08004d34   0x00000068   Code   RO           17    i._mutex_initialize  armlib_lock_glue.o
    0x08004d9c   0x08004d9c   0x00000040   Code   RO           18    i._mutex_release    armlib_lock_glue.o
    0x08004ddc   0x08004ddc   0x00000030   Code   RO         4910    i.adjust_request_size  tlsf.o
    0x08004e0c   0x08004e0c   0x00000026   Code   RO         4797    i.agencyshell_motor_pid_set_argument  shell_cmd_export.o
    0x08004e32   0x08004e32   0x00000026   Code   RO         4798    i.agencyshell_sovor_pid_set_argument  shell_cmd_export.o
    0x08004e58   0x08004e58   0x00000080   Code   RO         4911    i.align_down        tlsf.o
    0x08004ed8   0x08004ed8   0x00000088   Code   RO         4912    i.align_ptr         tlsf.o
    0x08004f60   0x08004f60   0x00000084   Code   RO         4913    i.align_up          tlsf.o
    0x08004fe4   0x08004fe4   0x0000008c   Code   RO         4914    i.block_absorb      tlsf.o
    0x08005070   0x08005070   0x0000001c   Code   RO         4915    i.block_can_split   tlsf.o
    0x0800508c   0x0800508c   0x00000008   Code   RO         4916    i.block_from_ptr    tlsf.o
    0x08005094   0x08005094   0x00000024   Code   RO         4917    i.block_insert      tlsf.o
    0x080050b8   0x080050b8   0x0000000a   Code   RO         4918    i.block_is_free     tlsf.o
    0x080050c2   0x080050c2   0x00000014   Code   RO         4919    i.block_is_last     tlsf.o
    0x080050d6   0x080050d6   0x0000000a   Code   RO         4920    i.block_is_prev_free  tlsf.o
    0x080050e0   0x080050e0   0x00000012   Code   RO         4921    i.block_link_next   tlsf.o
    0x080050f2   0x080050f2   0x00000002   PAD
    0x080050f4   0x080050f4   0x00000090   Code   RO         4922    i.block_locate_free  tlsf.o
    0x08005184   0x08005184   0x0000001a   Code   RO         4923    i.block_mark_as_free  tlsf.o
    0x0800519e   0x0800519e   0x0000001a   Code   RO         4924    i.block_mark_as_used  tlsf.o
    0x080051b8   0x080051b8   0x000000d8   Code   RO         4925    i.block_merge_next  tlsf.o
    0x08005290   0x08005290   0x000000a8   Code   RO         4926    i.block_merge_prev  tlsf.o
    0x08005338   0x08005338   0x00000070   Code   RO         4927    i.block_next        tlsf.o
    0x080053a8   0x080053a8   0x0000007c   Code   RO         4928    i.block_prepare_used  tlsf.o
    0x08005424   0x08005424   0x00000078   Code   RO         4929    i.block_prev        tlsf.o
    0x0800549c   0x0800549c   0x00000024   Code   RO         4930    i.block_remove      tlsf.o
    0x080054c0   0x080054c0   0x0000000a   Code   RO         4931    i.block_set_free    tlsf.o
    0x080054ca   0x080054ca   0x0000000a   Code   RO         4932    i.block_set_prev_free  tlsf.o
    0x080054d4   0x080054d4   0x0000000a   Code   RO         4933    i.block_set_prev_used  tlsf.o
    0x080054de   0x080054de   0x0000000c   Code   RO         4934    i.block_set_size    tlsf.o
    0x080054ea   0x080054ea   0x0000000a   Code   RO         4935    i.block_set_used    tlsf.o
    0x080054f4   0x080054f4   0x0000000a   Code   RO         4936    i.block_size        tlsf.o
    0x080054fe   0x080054fe   0x00000002   PAD
    0x08005500   0x08005500   0x00000104   Code   RO         4937    i.block_split       tlsf.o
    0x08005604   0x08005604   0x00000008   Code   RO         4938    i.block_to_ptr      tlsf.o
    0x0800560c   0x0800560c   0x0000009c   Code   RO         4939    i.block_trim_free   tlsf.o
    0x080056a8   0x080056a8   0x00000010   Code   RO         4254    i.btn_scan_tim_cb   multitimer_callback.o
    0x080056b8   0x080056b8   0x00000020   Code   RO         4255    i.btn_scan_tim_start  multitimer_callback.o
    0x080056d8   0x080056d8   0x00000064   Code   RO         5458    i.cJSON_InitHooks   cjson.o
    0x0800573c   0x0800573c   0x00000014   Code   RO         6074    i.cJSON_free_hook   cjson_porting.o
    0x08005750   0x08005750   0x00000014   Code   RO         6075    i.cJSON_malloc_hook  cjson_porting.o
    0x08005764   0x08005764   0x0000001c   Code   RO         6076    i.cJSON_set_hook    cjson_porting.o
    0x08005780   0x08005780   0x0000001c   Code   RO         5262    i.ccm_pool_init     tlsf_porting.o
    0x0800579c   0x0800579c   0x00000036   Code   RO         4942    i.control_construct  tlsf.o
    0x080057d2   0x080057d2   0x00000002   PAD
    0x080057d4   0x080057d4   0x00000038   Code   RO          230    i.debug_printf      user_usart.o
    0x0800580c   0x0800580c   0x00000030   Code   RO         4755    i.debug_shell_init  letter_shell_porting.o
    0x0800583c   0x0800583c   0x00000018   Code   RO          231    i.debug_usart_rec_start  user_usart.o
    0x08005854   0x08005854   0x0000023c   Code   RO         4121    i.flex_button_process  flexible_button.o
    0x08005a90   0x08005a90   0x00000048   Code   RO         4122    i.flex_button_read  flexible_button.o
    0x08005ad8   0x08005ad8   0x00000084   Code   RO         4123    i.flex_button_register  flexible_button.o
    0x08005b5c   0x08005b5c   0x0000000c   Code   RO         4124    i.flex_button_scan  flexible_button.o
    0x08005b68   0x08005b68   0x000000ca   Code   RO         4828    i.fullscale_pid_compute  lw_pid.o
    0x08005c32   0x08005c32   0x00000002   PAD
    0x08005c34   0x08005c34   0x0000000c   Code   RO           98    i.get_sys_time_base  user_tim.o
    0x08005c40   0x08005c40   0x0000009a   Code   RO         4829    i.increment_pid_compute  lw_pid.o
    0x08005cda   0x08005cda   0x00000002   PAD
    0x08005cdc   0x08005cdc   0x00000130   Code   RO         4944    i.insert_free_block  tlsf.o
    0x08005e0c   0x08005e0c   0x0000001c   Code   RO         5281    i.is_empty          lw_queue.o
    0x08005e28   0x08005e28   0x0000001c   Code   RO         5282    i.is_full           lw_queue.o
    0x08005e44   0x08005e44   0x00000010   Code   RO         4256    i.led_flicker_tim_cb  multitimer_callback.o
    0x08005e54   0x08005e54   0x00000020   Code   RO         4257    i.led_flicker_tim_start  multitimer_callback.o
    0x08005e74   0x08005e74   0x00000010   Code   RO         4258    i.letter_shell_tim_cb  multitimer_callback.o
    0x08005e84   0x08005e84   0x00000020   Code   RO         4259    i.letter_shell_tim_start  multitimer_callback.o
    0x08005ea4   0x08005ea4   0x00000046   Code   RO         5283    i.lw_queue_create   lw_queue.o
    0x08005eea   0x08005eea   0x00000046   Code   RO         5285    i.lw_queue_read     lw_queue.o
    0x08005f30   0x08005f30   0x00000030   Code   RO         5286    i.lw_queue_write    lw_queue.o
    0x08005f60   0x08005f60   0x00000036   Code   RO         5352    i.lw_rb_create      lw_rb.o
    0x08005f96   0x08005f96   0x00000002   PAD
    0x08005f98   0x08005f98   0x00000014   Code   RO         5388    i.lw_rb_free        lw_rb_porting.o
    0x08005fac   0x08005fac   0x00000014   Code   RO         5389    i.lw_rb_malloc      lw_rb_porting.o
    0x08005fc0   0x08005fc0   0x00000036   Code   RO         5354    i.lw_rb_read        lw_rb.o
    0x08005ff6   0x08005ff6   0x00000036   Code   RO         5355    i.lw_rb_write       lw_rb.o
    0x0800602c   0x0800602c   0x00000014   Code   RO         5333    i.lwq_free          lw_queue_porting.o
    0x08006040   0x08006040   0x00000014   Code   RO         5334    i.lwq_malloc        lw_queue_porting.o
    0x08006054   0x08006054   0x000000ac   Code   RO          293    i.main              main.o
    0x08006100   0x08006100   0x0000003a   Code   RO         4946    i.mapping_insert    tlsf.o
    0x0800613a   0x0800613a   0x00000030   Code   RO         4947    i.mapping_search    tlsf.o
    0x0800616a   0x0800616a   0x000002b0   Code   RO          655    i.menu_dispatch     fsm_menu.o
    0x0800641a   0x0800641a   0x00000002   PAD
    0x0800641c   0x0800641c   0x0000001c   Code   RO          656    i.menu_init         fsm_menu.o
    0x08006438   0x08006438   0x00000078   Code   RO         4036    i.motor_pid_init    gear_motor.o
    0x080064b0   0x080064b0   0x00000018   Code   RO         4207    i.multiTimerInstall  multitimer.o
    0x080064c8   0x080064c8   0x0000006c   Code   RO         4208    i.multiTimerStart   multitimer.o
    0x08006534   0x08006534   0x00000064   Code   RO         4210    i.multiTimerYield   multitimer.o
    0x08006598   0x08006598   0x00000006   Code   RO         4948    i.offset_to_block   tlsf.o
    0x0800659e   0x0800659e   0x00000010   Code   RO         4260    i.oled_update_tim_cb  multitimer_callback.o
    0x080065ae   0x080065ae   0x00000002   PAD
    0x080065b0   0x080065b0   0x00000020   Code   RO         4261    i.oled_update_tim_start  multitimer_callback.o
    0x080065d0   0x080065d0   0x00000038   Code   RO          657    i.page_0_load       fsm_menu.o
    0x08006608   0x08006608   0x00000034   Code   RO          658    i.page_1_1_load     fsm_menu.o
    0x0800663c   0x0800663c   0x00000034   Code   RO          659    i.page_1_2_load     fsm_menu.o
    0x08006670   0x08006670   0x0000004c   Code   RO          660    i.page_1_load       fsm_menu.o
    0x080066bc   0x080066bc   0x00000034   Code   RO          661    i.page_2_1_load     fsm_menu.o
    0x080066f0   0x080066f0   0x00000034   Code   RO          662    i.page_2_2_load     fsm_menu.o
    0x08006724   0x08006724   0x0000004c   Code   RO          663    i.page_2_load       fsm_menu.o
    0x08006770   0x08006770   0x00000034   Code   RO          664    i.page_3_1_load     fsm_menu.o
    0x080067a4   0x080067a4   0x00000034   Code   RO          665    i.page_3_2_load     fsm_menu.o
    0x080067d8   0x080067d8   0x0000004c   Code   RO          666    i.page_3_load       fsm_menu.o
    0x08006824   0x08006824   0x00000008   Code   RO          667    i.page_flush        fsm_menu.o
    0x0800682c   0x0800682c   0x00000048   Code   RO         4830    i.pid_init          lw_pid.o
    0x08006874   0x08006874   0x00000008   Code   RO         4832    i.pid_intergral_limit_enable  lw_pid.o
    0x0800687c   0x0800687c   0x00000008   Code   RO         4834    i.pid_output_limit_enable  lw_pid.o
    0x08006884   0x08006884   0x0000000e   Code   RO         4835    i.pid_set_argument  lw_pid.o
    0x08006892   0x08006892   0x0000000a   Code   RO         4836    i.pid_set_intergral_limit  lw_pid.o
    0x0800689c   0x0800689c   0x00000008   Code   RO         4837    i.pid_set_mode_fullscale  lw_pid.o
    0x080068a4   0x080068a4   0x00000008   Code   RO         4838    i.pid_set_mode_increment  lw_pid.o
    0x080068ac   0x080068ac   0x0000000a   Code   RO         4839    i.pid_set_output_limit  lw_pid.o
    0x080068b6   0x080068b6   0x00000006   Code   RO         4840    i.pid_set_target    lw_pid.o
    0x080068bc   0x080068bc   0x00000024   Code   RO         4211    i.removeTimer       multitimer.o
    0x080068e0   0x080068e0   0x00000104   Code   RO         4949    i.remove_free_block  tlsf.o
    0x080069e4   0x080069e4   0x000000e0   Code   RO         4950    i.search_suitable_block  tlsf.o
    0x08006ac4   0x08006ac4   0x00000028   Code   RO         4325    i.shellAdd          shell.o
    0x08006aec   0x08006aec   0x0000000e   Code   RO         4326    i.shellBackspace    shell.o
    0x08006afa   0x08006afa   0x00000002   PAD
    0x08006afc   0x08006afc   0x00000044   Code   RO         4327    i.shellCheckPassword  shell.o
    0x08006b40   0x08006b40   0x00000036   Code   RO         4328    i.shellCheckPermission  shell.o
    0x08006b76   0x08006b76   0x00000002   PAD
    0x08006b78   0x08006b78   0x0000001c   Code   RO         4329    i.shellClear        shell.o
    0x08006b94   0x08006b94   0x00000028   Code   RO         4330    i.shellClearCommandLine  shell.o
    0x08006bbc   0x08006bbc   0x00000012   Code   RO         4331    i.shellCmds         shell.o
    0x08006bce   0x08006bce   0x00000010   Code   RO         4332    i.shellDelete       shell.o
    0x08006bde   0x08006bde   0x000000da   Code   RO         4333    i.shellDeleteByte   shell.o
    0x08006cb8   0x08006cb8   0x00000020   Code   RO         4334    i.shellDeleteCommandLine  shell.o
    0x08006cd8   0x08006cd8   0x00000010   Code   RO         4335    i.shellDown         shell.o
    0x08006ce8   0x08006ce8   0x00000014   Code   RO         4336    i.shellEnter        shell.o
    0x08006cfc   0x08006cfc   0x00000074   Code   RO         4337    i.shellExec         shell.o
    0x08006d70   0x08006d70   0x00000058   Code   RO         4704    i.shellExtNumType   shell_ext.o
    0x08006dc8   0x08006dc8   0x00000046   Code   RO         4705    i.shellExtParseChar  shell_ext.o
    0x08006e0e   0x08006e0e   0x00000002   PAD
    0x08006e10   0x08006e10   0x000000ec   Code   RO         4706    i.shellExtParseNumber  shell_ext.o
    0x08006efc   0x08006efc   0x00000056   Code   RO         4707    i.shellExtParsePara  shell_ext.o
    0x08006f52   0x08006f52   0x0000004a   Code   RO         4708    i.shellExtParseString  shell_ext.o
    0x08006f9c   0x08006f9c   0x00000024   Code   RO         4709    i.shellExtParseVar  shell_ext.o
    0x08006fc0   0x08006fc0   0x000000ca   Code   RO         4710    i.shellExtRun       shell_ext.o
    0x0800708a   0x0800708a   0x00000036   Code   RO         4711    i.shellExtToNum     shell_ext.o
    0x080070c0   0x080070c0   0x00000030   Code   RO         4338    i.shellGetCommandDesc  shell.o
    0x080070f0   0x080070f0   0x00000050   Code   RO         4339    i.shellGetCommandName  shell.o
    0x08007140   0x08007140   0x00000034   Code   RO         4340    i.shellGetCurrent   shell.o
    0x08007174   0x08007174   0x00000054   Code   RO         4341    i.shellGetVarValue  shell.o
    0x080071c8   0x080071c8   0x000000f8   Code   RO         4342    i.shellHandler      shell.o
    0x080072c0   0x080072c0   0x0000002c   Code   RO         4343    i.shellHelp         shell.o
    0x080072ec   0x080072ec   0x000000c2   Code   RO         4344    i.shellHistory      shell.o
    0x080073ae   0x080073ae   0x0000007a   Code   RO         4345    i.shellHistoryAdd   shell.o
    0x08007428   0x08007428   0x000000a0   Code   RO         4346    i.shellInit         shell.o
    0x080074c8   0x080074c8   0x000000d8   Code   RO         4347    i.shellInsertByte   shell.o
    0x080075a0   0x080075a0   0x00000012   Code   RO         4348    i.shellKeys         shell.o
    0x080075b2   0x080075b2   0x0000001a   Code   RO         4349    i.shellLeft         shell.o
    0x080075cc   0x080075cc   0x0000000c   Code   RO         4350    i.shellListAll      shell.o
    0x080075d8   0x080075d8   0x0000004c   Code   RO         4351    i.shellListCommand  shell.o
    0x08007624   0x08007624   0x000000fc   Code   RO         4352    i.shellListItem     shell.o
    0x08007720   0x08007720   0x00000058   Code   RO         4353    i.shellListKey      shell.o
    0x08007778   0x08007778   0x00000058   Code   RO         4354    i.shellListUser     shell.o
    0x080077d0   0x080077d0   0x00000058   Code   RO         4355    i.shellListVar      shell.o
    0x08007828   0x08007828   0x0000001c   Code   RO         4356    i.shellNormalInput  shell.o
    0x08007844   0x08007844   0x0000008e   Code   RO         4357    i.shellParserParam  shell.o
    0x080078d2   0x080078d2   0x00000068   Code   RO         4360    i.shellRemoveParamQuotes  shell.o
    0x0800793a   0x0800793a   0x0000001e   Code   RO         4361    i.shellRight        shell.o
    0x08007958   0x08007958   0x000000ae   Code   RO         4363    i.shellRunCommand   shell.o
    0x08007a06   0x08007a06   0x0000007a   Code   RO         4364    i.shellSeekCommand  shell.o
    0x08007a80   0x08007a80   0x0000005c   Code   RO         4365    i.shellSetUser      shell.o
    0x08007adc   0x08007adc   0x00000070   Code   RO         4366    i.shellSetVar       shell.o
    0x08007b4c   0x08007b4c   0x00000090   Code   RO         4367    i.shellSetVarValue  shell.o
    0x08007bdc   0x08007bdc   0x000000c0   Code   RO         4368    i.shellShowVar      shell.o
    0x08007c9c   0x08007c9c   0x0000002c   Code   RO         4369    i.shellStringCompare  shell.o
    0x08007cc8   0x08007cc8   0x00000018   Code   RO         4370    i.shellStringCopy   shell.o
    0x08007ce0   0x08007ce0   0x00000160   Code   RO         4371    i.shellTab          shell.o
    0x08007e40   0x08007e40   0x00000056   Code   RO         4373    i.shellToDec        shell.o
    0x08007e96   0x08007e96   0x00000038   Code   RO         4374    i.shellToHex        shell.o
    0x08007ece   0x08007ece   0x0000000e   Code   RO         4375    i.shellUp           shell.o
    0x08007edc   0x08007edc   0x00000012   Code   RO         4376    i.shellUsers        shell.o
    0x08007eee   0x08007eee   0x00000012   Code   RO         4377    i.shellVars         shell.o
    0x08007f00   0x08007f00   0x0000001c   Code   RO         4756    i.shellWrite        letter_shell_porting.o
    0x08007f1c   0x08007f1c   0x0000000e   Code   RO         4378    i.shellWriteByte    shell.o
    0x08007f2a   0x08007f2a   0x00000002   PAD
    0x08007f2c   0x08007f2c   0x0000005c   Code   RO         4379    i.shellWriteCommandDesc  shell.o
    0x08007f88   0x08007f88   0x0000006c   Code   RO         4380    i.shellWriteCommandHelp  shell.o
    0x08007ff4   0x08007ff4   0x00000068   Code   RO         4381    i.shellWritePrompt  shell.o
    0x0800805c   0x0800805c   0x0000008c   Code   RO         4382    i.shellWriteReturnValue  shell.o
    0x080080e8   0x080080e8   0x00000030   Code   RO         4383    i.shellWriteString  shell.o
    0x08008118   0x08008118   0x00000030   Code   RO         4037    i.shell_motor_pid_set_argument  gear_motor.o
    0x08008148   0x08008148   0x00000088   Code   RO         4038    i.shell_motor_pid_show_argument  gear_motor.o
    0x080081d0   0x080081d0   0x00000030   Code   RO         4039    i.shell_sovor_pid_set_argument  gear_motor.o
    0x08008200   0x08008200   0x00000098   Code   RO         4040    i.shell_sovor_pid_show_argument  gear_motor.o
    0x08008298   0x08008298   0x00000028   Code   RO         4757    i.shell_task_handler  letter_shell_porting.o
    0x080082c0   0x080082c0   0x0000005c   Code   RO         4041    i.sovor_pid_init    gear_motor.o
    0x0800831c   0x0800831c   0x00000044   Code   RO           19    i.stm32_lock_acquire  armlib_lock_glue.o
    0x08008360   0x08008360   0x00000030   Code   RO           20    i.stm32_lock_release  armlib_lock_glue.o
    0x08008390   0x08008390   0x00000086   Code   RO         4951    i.tlsf_add_pool     tlsf.o
    0x08008416   0x08008416   0x00000020   Code   RO         4959    i.tlsf_create       tlsf.o
    0x08008436   0x08008436   0x0000002e   Code   RO         4960    i.tlsf_create_with_pool  tlsf.o
    0x08008464   0x08008464   0x00000016   Code   RO         4962    i.tlsf_ffs          tlsf.o
    0x0800847a   0x0800847a   0x00000016   Code   RO         4963    i.tlsf_fls          tlsf.o
    0x08008490   0x08008490   0x000000ac   Code   RO         4964    i.tlsf_free         tlsf.o
    0x0800853c   0x0800853c   0x0000002c   Code   RO         4966    i.tlsf_malloc       tlsf.o
    0x08008568   0x08008568   0x00000004   Code   RO         4968    i.tlsf_pool_overhead  tlsf.o
    0x0800856c   0x0800856c   0x00000006   Code   RO         4971    i.tlsf_size         tlsf.o
    0x08008572   0x08008572   0x00000002   PAD
    0x08008574   0x08008574   0x00000334   Code   RO         4195    i.user_btn_callback  flexbutton_callback.o
    0x080088a8   0x080088a8   0x00000060   Code   RO         4163    i.user_btn_pin_read  flexbutton_porting.o
    0x08008908   0x08008908   0x00000094   Code   RO         4164    i.user_button_init  flexbutton_porting.o
    0x0800899c   0x0800899c   0x00000010   Code   RO         4089    i.user_led_toggle   user_led.o
    0x080089ac   0x080089ac   0x0000002c   Code   RO         6828    locale$$code        c_w.l(lc_ctype_c.o)
    0x080089d8   0x080089d8   0x0000002c   Code   RO         6831    locale$$code        c_w.l(lc_numeric_c.o)
    0x08008a04   0x08008a04   0x0000000c   Code   RO         6695    x$fpl$dretinf       fz_wm.l(dretinf.o)
    0x08008a10   0x08008a10   0x00000056   Code   RO         6518    x$fpl$f2d           fz_wm.l(f2d.o)
    0x08008a66   0x08008a66   0x0000008c   Code   RO         6699    x$fpl$fnaninf       fz_wm.l(fnaninf.o)
    0x08008af2   0x08008af2   0x0000000a   Code   RO         6850    x$fpl$fpinit        fz_wm.l(fpinit.o)
    0x08008afc   0x08008afc   0x00000004   Code   RO         6520    x$fpl$printf1       fz_wm.l(printf1.o)
    0x08008b00   0x08008b00   0x00000004   Code   RO         6703    x$fpl$printf2       fz_wm.l(printf2.o)
    0x08008b04   0x08008b04   0x00000000   Code   RO         6709    x$fpl$usenofp       fz_wm.l(usenofp.o)
    0x08008b04   0x08008b04   0x00000018   Data   RO         3791    .constdata          system_stm32f4xx.o
    0x08008b1c   0x08008b1c   0x0000093f   Data   RO         4024    .constdata          oled_data.o
    0x0800945b   0x0800945b   0x000000e3   Data   RO         4385    .constdata          shell.o
    0x0800953e   0x0800953e   0x00000104   Data   RO         4799    .constdata          shell_cmd_export.o
    0x08009642   0x08009642   0x00000028   Data   RO         6427    .constdata          c_w.l(_printf_hex_int_ll_ptr.o)
    0x0800966a   0x0800966a   0x00000011   Data   RO         6447    .constdata          c_w.l(__printf_flags_ss_wp.o)
    0x0800967b   0x0800967b   0x00000001   PAD
    0x0800967c   0x0800967c   0x00000008   Data   RO         6603    .constdata          c_w.l(_printf_wctomb.o)
    0x08009684   0x08009684   0x00000026   Data   RO         6788    .constdata          c_w.l(_printf_fp_hex.o)
    0x080096aa   0x080096aa   0x00000002   PAD
    0x080096ac   0x080096ac   0x00000094   Data   RO         6801    .constdata          c_w.l(bigflt0.o)
    0x08009740   0x08009740   0x000002a5   Data   RO         4386    .conststring        shell.o
    0x080099e5   0x080099e5   0x00000003   PAD
    0x080099e8   0x080099e8   0x0000016a   Data   RO         4973    .conststring        tlsf.o
    0x08009b52   0x08009b52   0x00000002   PAD
    0x08009b54   0x08009b54   0x00000020   Data   RO         6993    Region$$Table       anon$$obj.o
    0x08009b74   0x08009b74   0x00000110   Data   RO         6827    locale$$data        c_w.l(lc_ctype_c.o)
    0x08009c84   0x08009c84   0x0000001c   Data   RO         6830    locale$$data        c_w.l(lc_numeric_c.o)
    0x08009ca0   0x08009ca0   0x00000120   Data   RO         4388    shellCommand        shell.o
    0x08009dc0   0x08009dc0   0x00000050   Data   RO         4800    shellCommand        shell_cmd_export.o
    0x08009e10   0x08009e10   0x00000004   Data   RO           23    .init_array         armlib_lock_glue.o
    0x08009e14   0x08009e10   0x00000000   Data   RO         6477    .init_array         c_w.l(init_aeabi.o)


    Execution Region RW_IRAM1 (Exec base: 0x20000000, Load base: 0x08009e14, Size: 0x00000ae8, Max: 0x0001c000, ABSOLUTE)

    Exec Addr    Load Addr    Size         Type   Attr      Idx    E Section Name        Object

    0x20000000   0x08009e14   0x00000002   Data   RW           22    .data               armlib_lock_glue.o
    0x20000002   0x08009e16   0x00000006   PAD
    0x20000008   0x08009e1c   0x00000008   Data   RW           99    .data               user_tim.o
    0x20000010   0x08009e24   0x00000001   Data   RW          232    .data               user_usart.o
    0x20000011   0x08009e25   0x00000003   PAD
    0x20000014   0x08009e28   0x00000008   Data   RW          294    .data               main.o
    0x2000001c   0x08009e30   0x00000005   Data   RW          668    .data               fsm_menu.o
    0x20000021   0x08009e35   0x00000003   PAD
    0x20000024   0x08009e38   0x00000009   Data   RW         2201    .data               stm32f4xx_hal.o
    0x2000002d   0x08009e41   0x00000003   PAD
    0x20000030   0x08009e44   0x00000004   Data   RW         3792    .data               system_stm32f4xx.o
    0x20000034   0x08009e48   0x0000000d   Data   RW         4125    .data               flexible_button.o
    0x20000041   0x08009e55   0x00000003   PAD
    0x20000044   0x08009e58   0x00000008   Data   RW         4212    .data               multitimer.o
    0x2000004c   0x08009e60   0x00000054   Data   RW         4387    .data               shell.o
    0x200000a0   0x08009eb4   0x00000004   Data   RW         4759    .data               letter_shell_porting.o
    0x200000a4   0x08009eb8   0x00000004   Data   RW         5264    .data               tlsf_porting.o
    0x200000a8   0x08009ebc   0x00000014   Data   RW         5520    .data               cjson.o
    0x200000bc        -       0x00000018   Zero   RW           21    .bss                armlib_lock_glue.o
    0x200000d4        -       0x00000054   Zero   RW          423    .bss                i2c.o
    0x20000128        -       0x00000048   Zero   RW          465    .bss                tim.o
    0x20000170        -       0x00000048   Zero   RW          507    .bss                usart.o
    0x200001b8        -       0x00000070   Zero   RW         4042    .bss                gear_motor.o
    0x20000228        -       0x00000070   Zero   RW         4165    .bss                flexbutton_porting.o
    0x20000298        -       0x00000060   Zero   RW         4262    .bss                multitimer_callback.o
    0x200002f8        -       0x0000001d   Zero   RW         4384    .bss                shell.o
    0x20000315   0x08009ed0   0x00000003   PAD
    0x20000318        -       0x0000016c   Zero   RW         4758    .bss                letter_shell_porting.o
    0x20000484        -       0x00000060   Zero   RW         6746    .bss                c_w.l(libspace.o)
    0x200004e4   0x08009ed0   0x00000004   PAD
    0x200004e8        -       0x00000200   Zero   RW            2    HEAP                startup_stm32f407xx.o
    0x200006e8        -       0x00000400   Zero   RW            1    STACK               startup_stm32f407xx.o


    Execution Region RW_IRAM2 (Exec base: 0x2001c000, Load base: 0x08009ed0, Size: 0x00000000, Max: 0x00004000, ABSOLUTE)

    **** No section assigned to this execution region ****



  Load Region LR$$.ARM.__AT_0x10000000 (Base: 0x10000000, Size: 0x00000000, Max: 0x00007800, ABSOLUTE)

    Execution Region ER$$.ARM.__AT_0x10000000 (Exec base: 0x10000000, Load base: 0x10000000, Size: 0x00007800, Max: 0x00007800, ABSOLUTE, UNINIT)

    Exec Addr    Load Addr    Size         Type   Attr      Idx    E Section Name        Object

    0x10000000        -       0x00007800   Zero   RW         5263    .ARM.__AT_0x10000000  tlsf_porting.o



  Load Region LR$$.ARM.__AT_0x10007800 (Base: 0x10007800, Size: 0x00000000, Max: 0x00000400, ABSOLUTE)

    Execution Region ER$$.ARM.__AT_0x10007800 (Exec base: 0x10007800, Load base: 0x10007800, Size: 0x00000400, Max: 0x00000400, ABSOLUTE, UNINIT)

    Exec Addr    Load Addr    Size         Type   Attr      Idx    E Section Name        Object

    0x10007800        -       0x00000400   Zero   RW         3856    .ARM.__AT_0x10007800  oled.o


==============================================================================

Image component sizes


      Code (inc. data)   RO Data    RW Data    ZI Data      Debug   Object Name

       452         32          4          2         24      16186   armlib_lock_glue.o
       100         18          0         20          0       4114   cjson.o
        68         18          0          0          0       3261   cjson_porting.o
       820        448          0          0          0       1720   flexbutton_callback.o
       244         18          0          0        112       2141   flexbutton_porting.o
       788         38          0         13          0       5079   flexible_button.o
      1320        294          0          5          0       8280   fsm_menu.o
       596        166          0          0        112       4078   gear_motor.o
       204         12          0          0          0        995   gpio.o
       200         26          0          0         84       1677   i2c.o
       116         28          0          4        364       2672   letter_shell_porting.o
       500         12          0          0          0       6505   lw_pid.o
       244          0          0          0          0       4187   lw_queue.o
        40          8          0          0          0       1180   lw_queue_porting.o
       162          0          0          0          0       2866   lw_rb.o
        40          8          0          0          0       1164   lw_rb_porting.o
       358         38          0          8          0       7255   main.o
       268         28          0          8          0       3956   multitimer.o
       192         38          0          0         96       9406   multitimer_callback.o
      1092         44          0          0       1024       7459   oled.o
         0          0       2367          0          0       1110   oled_data.o
      4834        244       1192         84         29      47045   shell.o
        76          0        340          0          0       3537   shell_cmd_export.o
       846         12          0          0          0       6634   shell_ext.o
        64         26        392          0       1536        848   startup_stm32f407xx.o
       212         36          0          9          0       9437   stm32f4xx_hal.o
       312         22          0          0          0      34367   stm32f4xx_hal_cortex.o
       212          0          0          0          0       1967   stm32f4xx_hal_dma.o
       548         46          0          0          0       3452   stm32f4xx_hal_gpio.o
      1750         30          0          0          0       8475   stm32f4xx_hal_i2c.o
        80          6          0          0          0        874   stm32f4xx_hal_msp.o
      1820         84          0          0          0       5648   stm32f4xx_hal_rcc.o
       874         76          0          0          0       6099   stm32f4xx_hal_tim.o
       184         30          0          0          0       2545   stm32f4xx_hal_tim_ex.o
      2372         14          0          0          0      13162   stm32f4xx_hal_uart.o
        70         12          0          0          0       5272   stm32f4xx_it.o
        20          6         24          4          0       1139   system_stm32f4xx.o
       148         20          0          0         72       1622   tim.o
      3608       1442        362          0          0      29493   tlsf.o
        28         10          0          4      30720       1115   tlsf_porting.o
       208         22          0          0         72       1722   usart.o
        16          4          0          0          0        486   user_led.o
        52         14          0          8          0     695664   user_tim.o
       132         28          0          1          0       2903   user_usart.o

    ----------------------------------------------------------------------
     26304       3458       4718        188      34248     978797   Object Totals
         0          0         32          0          0          0   (incl. Generated)
        34          0          5         18          3          0   (incl. Padding)

    ----------------------------------------------------------------------

      Code (inc. data)   RO Data    RW Data    ZI Data      Debug   Library Member Name

         8          0          0          0          0         68   __main.o
       392          4         17          0          0         92   __printf_flags_ss_wp.o
        14          0          0          0          0         68   __printf_wp.o
         0          0          0          0          0          0   __rtentry.o
        12          0          0          0          0          0   __rtentry2.o
         6          0          0          0          0          0   __rtentry4.o
        52          8          0          0          0          0   __scatter.o
        26          0          0          0          0          0   __scatter_copy.o
        28          0          0          0          0          0   __scatter_zi.o
         6          0          0          0          0          0   _printf_a.o
         6          0          0          0          0          0   _printf_c.o
        44          0          0          0          0        108   _printf_char.o
        48          6          0          0          0         96   _printf_char_common.o
        40          0          0          0          0         68   _printf_charcount.o
         6          0          0          0          0          0   _printf_d.o
       120         16          0          0          0         92   _printf_dec.o
         6          0          0          0          0          0   _printf_e.o
         6          0          0          0          0          0   _printf_f.o
      1054          0          0          0          0        216   _printf_fp_dec.o
       764          8         38          0          0        100   _printf_fp_hex.o
       128         16          0          0          0         84   _printf_fp_infnan.o
         6          0          0          0          0          0   _printf_g.o
       148          4         40          0          0        160   _printf_hex_int_ll_ptr.o
         6          0          0          0          0          0   _printf_i.o
       178          0          0          0          0         88   _printf_intcommon.o
        10          0          0          0          0          0   _printf_l.o
         6          0          0          0          0          0   _printf_lc.o
        10          0          0          0          0          0   _printf_ll.o
         6          0          0          0          0          0   _printf_lld.o
         6          0          0          0          0          0   _printf_lli.o
         6          0          0          0          0          0   _printf_llo.o
         6          0          0          0          0          0   _printf_llu.o
         6          0          0          0          0          0   _printf_llx.o
       124         16          0          0          0         92   _printf_longlong_dec.o
         6          0          0          0          0          0   _printf_ls.o
         6          0          0          0          0          0   _printf_n.o
         6          0          0          0          0          0   _printf_o.o
       112         10          0          0          0        124   _printf_oct_int_ll.o
         6          0          0          0          0          0   _printf_p.o
        78          0          0          0          0        108   _printf_pad.o
         0          0          0          0          0          0   _printf_percent.o
         4          0          0          0          0          0   _printf_percent_end.o
         6          0          0          0          0          0   _printf_s.o
        82          0          0          0          0         80   _printf_str.o
        36          0          0          0          0         84   _printf_truncate.o
         6          0          0          0          0          0   _printf_u.o
        44          0          0          0          0        108   _printf_wchar.o
       188          6          8          0          0         92   _printf_wctomb.o
         6          0          0          0          0          0   _printf_x.o
        16          0          0          0          0         68   _snputc.o
        10          0          0          0          0         68   _sputc.o
        64          0          0          0          0         92   _wcrtomb.o
        22          0          0          0          0         80   abort.o
       128         42          0          0          0         76   assert.o
        20          0          0          0          0         76   assert_puts.o
       228          4        148          0          0         96   bigflt0.o
      1936        128          0          0          0        672   btod.o
        48         34          0          0          0         76   defsig_abrt_inner.o
        14          0          0          0          0         80   defsig_abrt_outer.o
        10          0          0          0          0         68   defsig_exit.o
        50          0          0          0          0         88   defsig_general.o
        80         58          0          0          0         76   defsig_rtmem_inner.o
        14          0          0          0          0         80   defsig_rtmem_outer.o
        18          0          0          0          0         80   exit.o
       158          0          0          0          0        128   h1_alloc_mt.o
        62          0          0          0          0         80   h1_extend_mt.o
        10          0          0          0          0         76   h1_final_mt.o
       118          0          0          0          0        108   h1_free_mt.o
        18          0          0          0          0         84   h1_init_mt.o
       234          0          0          0          0        112   h1_realloc_mt.o
         6          0          0          0          0        152   heapauxi.o
         4          0          0          0          0        136   hguard.o
         0          0          0          0          0          0   indicate_semi.o
        36         10          0          0          0         80   init_aeabi.o
       138          0          0          0          0        168   init_alloc.o
        44         10        272          0          0         76   lc_ctype_c.o
        44         10         28          0          0         76   lc_numeric_c.o
         2          0          0          0          0          0   libinit.o
        46          0          0          0          0          0   libinit2.o
         2          0          0          0          0          0   libshutdown.o
         6          0          0          0          0          0   libshutdown2.o
         8          4          0          0         96         68   libspace.o
       138          0          0          0          0         80   lludiv10.o
       238          0          0          0          0        100   lludivv7m.o
         0          0          0          0          0          0   maybetermalloc2.o
        16          4          0          0          0         76   rt_ctype_table.o
         8          4          0          0          0         68   rt_heap_descriptor_intlibspace.o
         8          4          0          0          0         68   rt_locale_intlibspace.o
        78          0          0          0          0         80   rt_memclr_w.o
       100          0          0          0          0         80   rt_memcpy_w.o
         2          0          0          0          0          0   rtexit.o
        10          0          0          0          0          0   rtexit2.o
       128          0          0          0          0         68   strcmpv7m.o
        62          0          0          0          0         76   strlen.o
       150          0          0          0          0         80   strncmp.o
        12          4          0          0          0         68   sys_exit.o
        74          0          0          0          0         80   sys_stackheap_outer.o
        14          0          0          0          0         76   sys_wrch.o
        16          0          0          0          0         80   term_alloc.o
         2          0          0          0          0         68   use_no_semi.o
        52          4          0          0          0         80   vsnprintf.o
        12          0          0          0          0        116   dretinf.o
        86          4          0          0          0        132   f2d.o
       140          4          0          0          0        132   fnaninf.o
        10          0          0          0          0        116   fpinit.o
         4          0          0          0          0        116   printf1.o
         4          0          0          0          0        116   printf2.o
         0          0          0          0          0          0   usenofp.o
        48          0          0          0          0        124   fpclassify.o

    ----------------------------------------------------------------------
      8892        422        554          0        100       7128   Library Totals
        16          0          3          0          4          0   (incl. Padding)

    ----------------------------------------------------------------------

      Code (inc. data)   RO Data    RW Data    ZI Data      Debug   Library Name

      8572        414        551          0         96       6276   c_w.l
       256          8          0          0          0        728   fz_wm.l
        48          0          0          0          0        124   m_wm.l

    ----------------------------------------------------------------------
      8892        422        554          0        100       7128   Library Totals

    ----------------------------------------------------------------------

==============================================================================


      Code (inc. data)   RO Data    RW Data    ZI Data      Debug   

     35196       3880       5272        188      34348     954289   Grand Totals
     35196       3880       5272        188      34348     954289   ELF Image Totals
     35196       3880       5272        188          0          0   ROM Totals

==============================================================================

    Total RO  Size (Code + RO Data)                40468 (  39.52kB)
    Total RW  Size (RW Data + ZI Data)             34536 (  33.73kB)
    Total ROM Size (Code + RO Data + RW Data)      40656 (  39.70kB)

==============================================================================

