<html>
<body>
<pre>
<h1>µVision Build Log</h1>
<h2>Tool Versions:</h2>
IDE-Version: ¦ÌVision V5.38.0.0
Copyright (C) 2022 ARM Ltd and ARM Germany GmbH. All rights reserved.
License Information: LIANG LIANG, GXUST, LIC=ATTQ1-CDH24-BSKYX-HKFIC-76GJV-PHQ1V
 
Tool Versions:
Toolchain:       MDK-ARM Plus  Version: 5.38.0.0
Toolchain Path:  D:\Keil\Core\ARM\ARMCC\Bin
C Compiler:      Armcc.exe V5.06 update 5 (build 528)
Assembler:       Armasm.exe V5.06 update 5 (build 528)
Linker/Locator:  ArmLink.exe V5.06 update 5 (build 528)
Library Manager: ArmAr.exe V5.06 update 5 (build 528)
Hex Converter:   FromElf.exe V5.06 update 5 (build 528)
CPU DLL:         SARMCM3.DLL V5.38.0.0
Dialog DLL:      DCM.DLL V1.17.5.0
Target DLL:      STLink\ST-LINKIII-KEIL_SWO.dll V3.1.0.0
Dialog DLL:      TCM.DLL V1.56.4.0
 
<h2>Project:</h2>
D:\Cube_Project\F407ZGT6_Project\FSM_Test\MDK-ARM\FSM_Test.uvprojx
Project File Date:  01/21/2025

<h2>Output:</h2>
*** Using Compiler 'V5.06 update 5 (build 528)', folder: 'D:\Keil\Core\ARM\ARMCC\Bin'
Build target 'FSM_Test'
assembling startup_stm32f407xx.s...
compiling fsm_menu.c...
compiling armlib_lock_glue.c...
compiling stm32f4xx_hal_rcc_ex.c...
compiling usart.c...
compiling tim.c...
compiling stm32f4xx_hal_flash.c...
compiling stm32f4xx_hal_rcc.c...
compiling stm32f4xx_it.c...
compiling stm32f4xx_hal_i2c_ex.c...
compiling user_tim.c...
compiling gpio.c...
compiling i2c.c...
compiling stm32f4xx_hal_flash_ex.c...
compiling stm32f4xx_hal_i2c.c...
compiling stm32f4xx_hal_msp.c...
compiling main.c...
compiling user_usart.c...
compiling OLED_Data.c...
compiling gear_motor.c...
compiling stm32f4xx_hal.c...
compiling user_led.c...
compiling system_stm32f4xx.c...
compiling stm32f4xx_hal_tim_ex.c...
compiling stm32f4xx_hal_gpio.c...
compiling OLED.c...
compiling stm32f4xx_hal_pwr_ex.c...
compiling flexible_button.c...
compiling flexbutton_callback.c...
compiling stm32f4xx_hal_exti.c...
compiling stm32f4xx_hal_flash_ramfunc.c...
compiling stm32f4xx_hal_dma.c...
compiling stm32f4xx_hal_cortex.c...
compiling MultiTimer.c...
compiling stm32f4xx_hal_pwr.c...
compiling stm32f4xx_hal_dma_ex.c...
compiling shell_cmd_list.c...
compiling stm32f4xx_hal_uart.c...
compiling shell_companion.c...
compiling shell.c...
compiling shell_ext.c...
compiling lw_pid.c...
compiling stm32f4xx_hal_tim.c...
compiling tlsf_porting.c...
compiling lw_queue.c...
compiling tlsf.c...
..\Middlewares\tlsf\tlsf.c(908): warning:  #68-D: integer conversion resulted in a change of sign
  		offset_to_block(pool, -(int)block_header_overhead);
..\Middlewares\tlsf\tlsf.c(1014): warning:  #68-D: integer conversion resulted in a change of sign
  	block = offset_to_block(mem, -(tlsfptr_t)block_header_overhead);
..\Middlewares\tlsf\tlsf.c(1032): warning:  #68-D: integer conversion resulted in a change of sign
  	block_header_t* block = offset_to_block(pool, -(int)block_header_overhead);
..\Middlewares\tlsf\tlsf.c: 3 warnings, 0 errors
compiling lw_queue_porting.c...
compiling flexbutton_porting.c...
compiling MultiTimer_callback.c...
compiling letter_shell_porting.c...
compiling shell_cmd_export.c...
linking...
Program Size: Code=33868 RO-data=5272 RW-data=164 ZI-data=34484  
FromELF: creating hex file...
"FSM_Test\FSM_Test.axf" - 0 Error(s), 3 Warning(s).

<h2>Software Packages used:</h2>

Package Vendor: ARM
                https://www.keil.com/pack/ARM.CMSIS.6.1.0.pack
                ARM.CMSIS.6.1.0
                CMSIS (Common Microcontroller Software Interface Standard)
   * Component: CORE Version: 6.1.0

Package Vendor: Keil
                https://www.keil.com/pack/Keil.STM32F4xx_DFP.2.17.1.pack
                Keil.STM32F4xx_DFP.2.17.1
                STMicroelectronics STM32F4 Series Device Support, Drivers and Examples

<h2>Collection of Component include folders:</h2>
  ./RTE/_FSM_Test
  D:/Keil/Pack/ARM/CMSIS/6.1.0/CMSIS/Core/Include
  D:/Keil/Pack/Keil/STM32F4xx_DFP/2.17.1/Drivers/CMSIS/Device/ST/STM32F4xx/Include

<h2>Collection of Component Files used:</h2>

   * Component: ARM::CMSIS:CORE:6.1.0
      Include file:  CMSIS/Core/Include/tz_context.h
Build Time Elapsed:  00:00:15
</pre>
</body>
</html>
